BL51 BANKED LINKER/LOCATER V6.22                                                        10/13/2017  21:21:44  PAGE 1


BL51 BANKED LINKER/LOCATER V6.22, INVOKED BY:
C:\KEIL_V5\C51\BIN\BL51.EXE .\Out\Objects\main.obj, .\Out\Objects\app_key.obj, .\Out\Objects\app_work.obj, .\Out\Objects
>> \app_repeat_exe.obj, .\Out\Objects\app_charge.obj, .\Out\Objects\app_battery.obj, .\Out\Objects\bsp.obj, .\Out\Object
>> s\bsp_beep.obj, .\Out\Objects\bsp_key.obj, .\Out\Objects\bsp_bright.obj, .\Out\Objects\bsp_bt.obj, .\Out\Objects\bsp_
>> display.obj, .\Out\Objects\bsp_hall.obj, .\Out\Objects\bsp_uart.obj, .\Out\Objects\bsp_timer0.obj, .\Out\Objects\bsp_
>> timer1.obj, .\Out\Objects\bsp_adc.obj, .\Out\Objects\Common.obj, .\Out\Objects\Delay.obj, .\Out\Objects\Version.obj, 
>> .\Out\Objects\STARTUP.obj TO .\Out\Objects\project PRINT (.\Out\Listings\project.m51) RAMSIZE (256) DISABLEWARNING (1
>> 6)


MEMORY MODEL: LARGE


INPUT MODULES INCLUDED:
  .\Out\Objects\main.obj (MAIN)
  .\Out\Objects\app_key.obj (APP_KEY)
  .\Out\Objects\app_work.obj (APP_WORK)
  .\Out\Objects\app_repeat_exe.obj (APP_REPEAT_EXE)
  .\Out\Objects\app_charge.obj (APP_CHARGE)
  .\Out\Objects\app_battery.obj (APP_BATTERY)
  .\Out\Objects\bsp.obj (BSP)
  .\Out\Objects\bsp_beep.obj (BSP_BEEP)
  .\Out\Objects\bsp_key.obj (BSP_KEY)
  .\Out\Objects\bsp_bright.obj (BSP_BRIGHT)
  .\Out\Objects\bsp_bt.obj (BSP_BT)
  .\Out\Objects\bsp_display.obj (BSP_DISPLAY)
  .\Out\Objects\bsp_hall.obj (BSP_HALL)
  .\Out\Objects\bsp_uart.obj (BSP_UART)
  .\Out\Objects\bsp_timer0.obj (BSP_TIMER0)
  .\Out\Objects\bsp_timer1.obj (BSP_TIMER1)
  .\Out\Objects\bsp_adc.obj (BSP_ADC)
  .\Out\Objects\Common.obj (COMMON)
  .\Out\Objects\Delay.obj (DELAY)
  .\Out\Objects\Version.obj (VERSION)
  .\Out\Objects\STARTUP.obj (?C_STARTUP)
  C:\KEIL_V5\C51\LIB\C51L.LIB (?C_INIT)
  C:\KEIL_V5\C51\LIB\C51L.LIB (?C?COPY)
  C:\KEIL_V5\C51\LIB\C51L.LIB (?C?CLDOPTR)
  C:\KEIL_V5\C51\LIB\C51L.LIB (?C?CILDOPTR)
  C:\KEIL_V5\C51\LIB\C51L.LIB (?C?CSTPTR)
  C:\KEIL_V5\C51\LIB\C51L.LIB (?C?CSTOPTR)
  C:\KEIL_V5\C51\LIB\C51L.LIB (?C?UIDIV)
  C:\KEIL_V5\C51\LIB\C51L.LIB (?C?IILDX)
  C:\KEIL_V5\C51\LIB\C51L.LIB (?C?ILDOPTR)
  C:\KEIL_V5\C51\LIB\C51L.LIB (?C?IILDOPTR)
  C:\KEIL_V5\C51\LIB\C51L.LIB (?C?ISTOPTR)
  C:\KEIL_V5\C51\LIB\C51L.LIB (?C?ULDIV)
  C:\KEIL_V5\C51\LIB\C51L.LIB (?C?ULCMP)
  C:\KEIL_V5\C51\LIB\C51L.LIB (?C?ULSHR)
  C:\KEIL_V5\C51\LIB\C51L.LIB (?C?LSTXDATA)
  C:\KEIL_V5\C51\LIB\C51L.LIB (?C?LSTKXDATA)
  C:\KEIL_V5\C51\LIB\C51L.LIB (?C?PLDPTR)
  C:\KEIL_V5\C51\LIB\C51L.LIB (?C?ICALL)
  C:\KEIL_V5\C51\LIB\C51L.LIB (?C_XBP)
  C:\KEIL_V5\C51\LIB\C51L.LIB (?C?ADDXBP)
  C:\KEIL_V5\C51\LIB\C51L.LIB (?C?XBPOFF)
  C:\KEIL_V5\C51\LIB\C51L.LIB (PRINTF)
  C:\KEIL_V5\C51\LIB\C51L.LIB (?C?MEMSET)
BL51 BANKED LINKER/LOCATER V6.22                                                      10/13/2017  21:21:44  PAGE 2


  C:\KEIL_V5\C51\LIB\C51L.LIB (?C?CLDPTR)
  C:\KEIL_V5\C51\LIB\C51L.LIB (?C?PLDIDATA)
  C:\KEIL_V5\C51\LIB\C51L.LIB (?C?PLDXDATA)
  C:\KEIL_V5\C51\LIB\C51L.LIB (?C?PLDIXDATA)
  C:\KEIL_V5\C51\LIB\C51L.LIB (?C?PSTXDATA)
  C:\KEIL_V5\C51\LIB\C51L.LIB (?C?PLDPDATA)
  C:\KEIL_V5\C51\LIB\C51L.LIB (?C?PLDCODE)
  C:\KEIL_V5\C51\LIB\C51L.LIB (?C?CCASE)


LINK MAP OF MODULE:  .\Out\Objects\project (MAIN)


            TYPE    BASE      LENGTH    RELOCATION   SEGMENT NAME
            -----------------------------------------------------

            * * * * * * *   D A T A   M E M O R Y   * * * * * * *
            REG     0000H     0008H     ABSOLUTE     "REG BANK 0"
            DATA    0008H     0005H     UNIT         _DATA_GROUP_
            DATA    000DH     0002H     UNIT         ?C?LIB_DATA
            IDATA   000FH     000FH     UNIT         ?ID?APP_WORK
                    001EH     0002H                  *** GAP ***
            BIT     0020H.0   0001H.2   UNIT         _BIT_GROUP_
            BIT     0021H.2   0000H.5   UNIT         ?BI?APP_WORK
            BIT     0021H.7   0000H.2   UNIT         ?BI?APP_KEY
            BIT     0022H.1   0000H.2   UNIT         ?BI?APP_CHARGE
            BIT     0022H.3   0000H.1   UNIT         ?BI?BSP
            BIT     0022H.4   0000H.1   UNIT         ?BI?BSP_HALL
            BIT     0022H.5   0000H.1   UNIT         ?BI?_GET_DATA_FROM_UART1?BSP_UART
            BIT     0022H.6   0000H.1   UNIT         ?BI?BSP_UART
                    0022H.7   0000H.1                *** GAP ***
            IDATA   0023H     000FH     UNIT         ?ID?BSP_BEEP
            IDATA   0032H     0004H     UNIT         ?ID?APP_CHARGE
            IDATA   0036H     0001H     UNIT         ?STACK

            * * * * * * *  X D A T A   M E M O R Y  * * * * * * *
            XDATA   0000H     0047H     UNIT         ?XD?BSP_KEY
            XDATA   0047H     002DH     UNIT         _XDATA_GROUP_
            XDATA   0074H     0013H     UNIT         ?XD?APP_WORK
            XDATA   0087H     0012H     UNIT         ?XD?APP_REPEAT_EXE
            XDATA   0099H     000DH     UNIT         ?XD?BSP_HALL
            XDATA   00A6H     0009H     UNIT         ?XD?BSP_TIMER0
            XDATA   00AFH     0006H     UNIT         ?XD?APP_KEY
            XDATA   00B5H     0004H     UNIT         ?XD?_INITIALUART0_TIMER3_TYPE5?COMMON
            XDATA   00B9H     0004H     UNIT         ?XD?_INITIALUART0_TIMER3_TYPE6?COMMON
            XDATA   00BDH     0004H     UNIT         ?XD?_TIMER0_DELAY1MS?DELAY
            XDATA   00C1H     0004H     UNIT         ?XD?_TIMER1_DELAY1MS?DELAY
            XDATA   00C5H     0004H     UNIT         ?XD?_TIMER3_DELAY1MS?DELAY
            XDATA   00C9H     0004H     UNIT         ?XD?_WAKEUP_TIMER_DELAY25MS?DELAY
            XDATA   00CDH     0002H     UNIT         ?XD?MAIN
            XDATA   00CFH     0001H     UNIT         ?XD?APP_BATTERY

            * * * * * * *   C O D E   M E M O R Y   * * * * * * *
            CODE    0000H     0003H     ABSOLUTE     
            CODE    0003H     0008H     UNIT         ?PR?APP_KEY_OK_LONG?APP_KEY
            CODE    000BH     0003H     ABSOLUTE     
            CODE    000EH     000DH     UNIT         ?PR?APP_WORK_1S_PRO?APP_WORK
BL51 BANKED LINKER/LOCATER V6.22                                                      10/13/2017  21:21:44  PAGE 3


            CODE    001BH     0003H     ABSOLUTE     
            CODE    001EH     001DH     UNIT         ?PR?_BSP_PUTKEY?BSP_KEY
            CODE    003BH     0003H     ABSOLUTE     
            CODE    003EH     001CH     UNIT         ?PR?APP_BATTERY_1S_PRO?APP_BATTERY
            CODE    005AH     0001H     UNIT         ?PR?APP_BATTERY_INIT?APP_BATTERY
            CODE    005BH     0003H     ABSOLUTE     
            CODE    005EH     04DFH     UNIT         ?C?LIB_CODE
            CODE    053DH     03E7H     UNIT         ?PR?APP_WORK_PRO?APP_WORK
            CODE    0924H     039AH     UNIT         ?PR?_LCD_SHOW_CAL_NUM?BSP_DISPLAY
            CODE    0CBEH     0365H     UNIT         ?PR?PRINTF?PRINTF
            CODE    1023H     02A7H     UNIT         ?PR?_LCD_SHOW_PULLS_NUM?BSP_DISPLAY
            CODE    12CAH     019AH     UNIT         ?PR?_LCD_SHOW_REP_NUM?BSP_DISPLAY
            CODE    1464H     015AH     UNIT         ?PR?_BSP_DETECTKEY?BSP_KEY
            CODE    15BEH     0145H     UNIT         ?PR?_SYSTEM_CLOCK_SELECT?COMMON
            CODE    1703H     0112H     UNIT         ?CO?VERSION
            CODE    1815H     0107H     UNIT         ?PR?_HALL_PRO?BSP_HALL
            CODE    191CH     00D3H     UNIT         ?PR?_APP_KEY_PRO?APP_KEY
            CODE    19EFH     00C6H     UNIT         ?PR?APP_KEY_POWER?APP_KEY
            CODE    1AB5H     00BFH     UNIT         ?PR?REPEAT_PRO?APP_REPEAT_EXE
            CODE    1B74H     00B4H     UNIT         ?PR?BEEP_PRO?BSP_BEEP
            CODE    1C28H     00ACH     UNIT         ?PR?APP_KEY_SET?APP_KEY
            CODE    1CD4H     00ABH     UNIT         ?PR?BSP_INITKEYVAR?BSP_KEY
            CODE    1D7FH     009CH     UNIT         ?PR?APP_FLASH_SHOW?APP_KEY
            CODE    1E1BH     009AH     UNIT         ?C_C51STARTUP
            CODE    1EB5H     0090H     UNIT         ?PR?APP_KEY_OK?APP_KEY
            CODE    1F45H     0083H     UNIT         ?PR?_?RANDOM_DELAY?DELAY
            CODE    1FC8H     007DH     UNIT         ?CO?APP_KEY
            CODE    2045H     0079H     UNIT         ?PR?MAIN?MAIN
            CODE    20BEH     0079H     UNIT         ?PR?APP_KEY_SET_LONG?APP_KEY
            CODE    2137H     0070H     UNIT         ?PR?APP_UI_INIT?APP_KEY
            CODE    21A7H     006AH     UNIT         ?PR?APP_FLASH_CLEAR?APP_KEY
            CODE    2211H     0069H     UNIT         ?PR?TIMER0_ISR?BSP_TIMER0
            CODE    227AH     0063H     UNIT         ?PR?_INITIALUART0_TIMER3_TYPE5?COMMON
            CODE    22DDH     0063H     UNIT         ?PR?_INITIALUART0_TIMER3_TYPE6?COMMON
            CODE    2340H     0062H     UNIT         ?PR?PININTERRUPT_ISR?MAIN
            CODE    23A2H     0062H     UNIT         ?PR?APP_WORK_100MS_PRO?APP_WORK
            CODE    2404H     0061H     UNIT         ?PR?_WAKEUP_TIMER_DELAY25MS?DELAY
            CODE    2465H     005FH     UNIT         ?PR?SHOW_FW_VERSION_NUMBER_TO_PC?VERSION
            CODE    24C4H     005DH     UNIT         ?PR?_INITIALUART1_TIMER3?COMMON
            CODE    2521H     005BH     UNIT         ?PR?QUERY_WORK_SUM?APP_WORK
            CODE    257CH     005BH     UNIT         ?PR?_TIMER3_DELAY1MS?DELAY
            CODE    25D7H     0059H     UNIT         ?PR?_TIMER0_DELAY1MS?DELAY
            CODE    2630H     0059H     UNIT         ?PR?_TIMER1_DELAY1MS?DELAY
            CODE    2689H     0058H     UNIT         ?PR?APP_CHARGE_100MS_PRO?APP_CHARGE
            CODE    26E1H     0057H     UNIT         ?C_INITSEG
            CODE    2738H     0052H     UNIT         ?PR?APP_KEY_CLEAR_LONG?APP_KEY
            CODE    278AH     0050H     UNIT         ?PR?APP_KEY_CLEAR?APP_KEY
            CODE    27DAH     0048H     UNIT         ?PR?BSP_HALLINT_OPEN?BSP_HALL
            CODE    2822H     0041H     UNIT         ?PR?_BEEP_START?BSP_BEEP
            CODE    2863H     003FH     UNIT         ?PR?APP_CHARGE_1S_PRO?APP_CHARGE
            CODE    28A2H     003EH     UNIT         ?PR?APP_KEY_INIT?APP_KEY
            CODE    28E0H     003EH     UNIT         ?PR?APP_KEY_1S_PRO?APP_KEY
            CODE    291EH     003DH     UNIT         ?PR?ADC_ISR?MAIN
            CODE    295BH     003DH     UNIT         ?PR?_PUTCHAR?COMMON
            CODE    2998H     003AH     UNIT         ?PR?APP_BATTERY_VOLTAGE_RESULT?APP_CHARGE
            CODE    29D2H     0034H     UNIT         ?PR?APP_KEY_100MS_PRO?APP_KEY
            CODE    2A06H     0034H     UNIT         ?PR?_BSP_SETKEYPARAM?BSP_KEY
BL51 BANKED LINKER/LOCATER V6.22                                                      10/13/2017  21:21:44  PAGE 4


            CODE    2A3AH     0032H     UNIT         ?PR?_REPEAT_START?APP_REPEAT_EXE
            CODE    2A6CH     0031H     UNIT         ?PR?BSP_INIT?BSP
            CODE    2A9DH     002EH     UNIT         ?PR?ADC_INIT?BSP_ADC
            CODE    2ACBH     002DH     UNIT         ?PR?LCD_CLEAR_CAL_NUM?BSP_DISPLAY
            CODE    2AF8H     002AH     UNIT         ?PR?BSP_GETKEY?BSP_KEY
            CODE    2B22H     002AH     UNIT         ?PR?_INITIALUART0_TIMER1_TYPE3?COMMON
            CODE    2B4CH     002AH     UNIT         ?PR?_INITIALUART0_TIMER1_TYPE4?COMMON
            CODE    2B76H     0029H     UNIT         ?PR?_INITIALUART0_TIMER1_TYPE1?COMMON
            CODE    2B9FH     0028H     UNIT         ?PR?BSP_GETKEY2?BSP_KEY
            CODE    2BC7H     0028H     UNIT         ?PR?_INITIALUART0_TIMER1_TYPE2?COMMON
            CODE    2BEFH     0025H     UNIT         ?PR?LCD_CLEAR_PULLS_NUM?BSP_DISPLAY
            CODE    2C14H     0024H     UNIT         ?PR?LCD_DISPLAY_INITHARD?BSP_DISPLAY
            CODE    2C38H     0023H     UNIT         ?PR?TIMER0_INITHARD?BSP_TIMER0
            CODE    2C5BH     0022H     UNIT         ?PR?_LCD_SHOW_ABCD?BSP_DISPLAY
            CODE    2C7DH     0021H     UNIT         ?PR?BEEP_INITHARD?BSP_BEEP
            CODE    2C9EH     0021H     UNIT         ?PR?_DELAY10US?DELAY
            CODE    2CBFH     0020H     UNIT         ?CO?APP_WORK
            CODE    2CDFH     0020H     UNIT         ?PR?SET_ALL_GPIO_INPUT_MODE?COMMON
            CODE    2CFFH     001EH     UNIT         ?PR?WORK_INIT?APP_WORK
            CODE    2D1DH     001CH     UNIT         ?PR?TIMER0_PARAMINIT?BSP_TIMER0
            CODE    2D39H     001BH     UNIT         ?PR?BSP_KEYSCAN?BSP_KEY
            CODE    2D54H     001AH     UNIT         ?PR?SET_ALL_GPIO_QUASI_MODE?COMMON
            CODE    2D6EH     001AH     UNIT         ?PR?SW_RESET?COMMON
            CODE    2D88H     0019H     UNIT         ?PR?BSP_INITKEYHARD?BSP_KEY
            CODE    2DA1H     0019H     UNIT         ?PR?LCD_CLEAR_REP_NUM?BSP_DISPLAY
            CODE    2DBAH     0018H     UNIT         ?PR?BSP_HALL_1S_PRO?BSP_HALL
            CODE    2DD2H     0016H     UNIT         ?PR?HALL_INITVAR?BSP_HALL
            CODE    2DE8H     0015H     UNIT         ?PR?BSP_HALLINT_CLOSE?BSP_HALL
            CODE    2DFDH     0014H     UNIT         ?PR?REPEAT_STOP?APP_REPEAT_EXE
            CODE    2E11H     0013H     UNIT         ?PR?APP_POWERKEYINT_OPEN?APP_KEY
            CODE    2E24H     0013H     UNIT         ?PR?APP_POWERKEYINT_CLOSE?APP_KEY
            CODE    2E37H     0013H     UNIT         ?PR?_GET_DATA_FROM_UART1?BSP_UART
            CODE    2E4AH     0013H     UNIT         ?PR?TIMER1_INITHARD?BSP_TIMER1
            CODE    2E5DH     0011H     UNIT         ?CO?MAIN
            CODE    2E6EH     0011H     UNIT         ?PR?_BSP_GETKEYSTATE?BSP_KEY
            CODE    2E7FH     0011H     UNIT         ?PR?UART_INITHARD?BSP_UART
            CODE    2E90H     0010H     UNIT         ?PR?REPEAT_START_EXE?APP_REPEAT_EXE
            CODE    2EA0H     0010H     UNIT         ?PR?REPEAT_STOP_EXE?APP_REPEAT_EXE
            CODE    2EB0H     0010H     UNIT         ?CO?BSP_HALL
            CODE    2EC0H     000DH     UNIT         ?PR?_BEEP_START_STRUCT?BSP_BEEP
            CODE    2ECDH     000DH     UNIT         ?PR?LCD_CLEAR_ALL?BSP_DISPLAY
            CODE    2EDAH     000DH     UNIT         ?PR?HALL_INITHARD?BSP_HALL
            CODE    2EE7H     000CH     UNIT         ?PR?_REPEAT_SETSTART?APP_REPEAT_EXE
            CODE    2EF3H     000CH     UNIT         ?PR?_REPEAT_SETSTOP?APP_REPEAT_EXE
            CODE    2EFFH     000CH     UNIT         ?PR?ISKEYDOWN_1AND3?BSP_KEY
            CODE    2F0BH     000BH     UNIT         ?PR?APP_CHARGE_INIT?APP_CHARGE
            CODE    2F16H     000AH     UNIT         ?CO?APP_CHARGE
            CODE    2F20H     0009H     UNIT         ?PR?ISKEYDOWN1?BSP_KEY
            CODE    2F29H     0009H     UNIT         ?PR?ISKEYDOWN2?BSP_KEY
            CODE    2F32H     0009H     UNIT         ?PR?ISKEYDOWN3?BSP_KEY
            CODE    2F3BH     0009H     UNIT         ?PR?ISKEYDOWN4?BSP_KEY
            CODE    2F44H     0009H     UNIT         ?PR?BSP_CLEARKEY?BSP_KEY
            CODE    2F4DH     0009H     UNIT         ?PR?BRIGHT_INITHARD?BSP_BRIGHT
            CODE    2F56H     0008H     UNIT         ?PR?RECEIVE_DATA_FROM_UART0?COMMON
            CODE    2F5EH     0008H     UNIT         ?PR?_SEND_DATA_TO_UART0?COMMON
            CODE    2F66H     0008H     UNIT         ?PR?RECEIVE_DATA_FROM_UART1?COMMON
            CODE    2F6EH     0008H     UNIT         ?PR?_SEND_DATA_TO_UART1?COMMON
BL51 BANKED LINKER/LOCATER V6.22                                                      10/13/2017  21:21:44  PAGE 5


            CODE    2F76H     0007H     UNIT         ?PR?BEEP_START_GET?BSP_BEEP
            CODE    2F7DH     0007H     UNIT         ?PR?BEEP_STOP?BSP_BEEP
            CODE    2F84H     0007H     UNIT         ?PR?LCD_CLEAR_BLUETOOTH_ICO?BSP_DISPLAY
            CODE    2F8BH     0007H     UNIT         ?PR?LCD_SHOW_BLUETOOTH_ICO?BSP_DISPLAY
            CODE    2F92H     0007H     UNIT         ?PR?LCD_CLEAR_BLUETOOTH_FILL_ICO?BSP_DISPLAY
            CODE    2F99H     0007H     UNIT         ?PR?LCD_SHOW_BLUETOOTH_FILL_ICO?BSP_DISPLAY
            CODE    2FA0H     0007H     UNIT         ?PR?LCD_CLEAR_LINE_UP?BSP_DISPLAY
            CODE    2FA7H     0007H     UNIT         ?PR?LCD_SHOW_LINE_UP?BSP_DISPLAY
            CODE    2FAEH     0007H     UNIT         ?PR?LCD_CLEAR_BATTERY_ICO?BSP_DISPLAY
            CODE    2FB5H     0007H     UNIT         ?PR?LCD_SHOW_BATTERY_ICO?BSP_DISPLAY
            CODE    2FBCH     0007H     UNIT         ?PR?LCD_CLEAR_REP_ICO?BSP_DISPLAY
            CODE    2FC3H     0007H     UNIT         ?PR?LCD_SHOW_REP_ICO?BSP_DISPLAY
            CODE    2FCAH     0007H     UNIT         ?PR?LCD_CLEAR_ABCD?BSP_DISPLAY
            CODE    2FD1H     0007H     UNIT         ?PR?LCD_SHOW_ABCD_ALL?BSP_DISPLAY
            CODE    2FD8H     0007H     UNIT         ?PR?LCD_CLEAR_QS_ICO?BSP_DISPLAY
            CODE    2FDFH     0007H     UNIT         ?PR?LCD_SHOW_QS_ICO?BSP_DISPLAY
            CODE    2FE6H     0007H     UNIT         ?PR?LCD_CLEAR_COACH_ICO?BSP_DISPLAY
            CODE    2FEDH     0007H     UNIT         ?PR?LCD_SHOW_COACH_ICO?BSP_DISPLAY
            CODE    2FF4H     0007H     UNIT         ?PR?LCD_CLEAR_LINE_DOWN?BSP_DISPLAY
            CODE    2FFBH     0007H     UNIT         ?PR?LCD_SHOW_LINE_DOWN?BSP_DISPLAY
            CODE    3002H     0007H     UNIT         ?PR?LCD_CLEAR_HEART_ICO?BSP_DISPLAY
            CODE    3009H     0007H     UNIT         ?PR?LCD_SHOW_HEART_ICO?BSP_DISPLAY
            CODE    3010H     0007H     UNIT         ?PR?LCD_CLEAR_CAL_ICO?BSP_DISPLAY
            CODE    3017H     0007H     UNIT         ?PR?LCD_SHOW_CAL_ICO?BSP_DISPLAY
            CODE    301EH     0006H     UNIT         ?PR?APP_POWER_OFF?APP_KEY
            CODE    3024H     0006H     UNIT         ?PR?APP_KEY_CLEAR_NOOPS_TIMEOUTCNT?APP_KEY
            CODE    302AH     0006H     UNIT         ?PR?BEEP_ENABLE?BSP_BEEP
            CODE    3030H     0006H     UNIT         ?PR?BEEP_DISABLE?BSP_BEEP
            CODE    3036H     0006H     UNIT         ?PR?BSP_INITKEY?BSP_KEY
            CODE    303CH     0006H     UNIT         ?PR?HALL_INIT?BSP_HALL
            CODE    3042H     0005H     UNIT         ?PR?HALL_1_INTERRUPT?BSP_HALL
            CODE    3047H     0005H     UNIT         ?PR?HALL_2_INTERRUPT?BSP_HALL
            CODE    304CH     0005H     UNIT         ?PR?HALL_3_INTERRUPT?BSP_HALL
            CODE    3051H     0004H     UNIT         ?PR?FSYS_CLOCK_OUTPUT_ON_P26?COMMON
            CODE    3055H     0003H     UNIT         ?PR?APP_POWER_ON?APP_KEY
            CODE    3058H     0003H     UNIT         ?PR?APP_BATTERY_DETECTION?APP_BATTERY
            CODE    305BH     0003H     UNIT         ?PR?LCD_BRIGHT_OFF?BSP_BRIGHT
            CODE    305EH     0003H     UNIT         ?PR?LCD_BRIGHT_ON?BSP_BRIGHT
            CODE    3061H     0001H     UNIT         ?PR?BEEP_KEYTONE?BSP_BEEP
            CODE    3062H     0001H     UNIT         ?PR?TIMER1_ISR?BSP_TIMER1



OVERLAY MAP OF MODULE:   .\Out\Objects\project (MAIN)


SEGMENT                                             BIT_GROUP          DATA_GROUP          XDATA_GROUP
  +--> CALLED SEGMENT                            START    LENGTH     START    LENGTH     START    LENGTH
--------------------------------------------------------------------------------------------------------
?PR?ADC_ISR?MAIN                                 -----    -----      -----    -----      -----    -----
  +--> ?PR?APP_BATTERY_VOLTAGE_RESULT?APP_CH...

?PR?APP_BATTERY_VOLTAGE_RESULT?APP_CH...         0020H.0  0000H.1    -----    -----      -----    -----

*** NEW ROOT ***************************************************

?PR?PININTERRUPT_ISR?MAIN                        -----    -----      -----    -----      -----    -----
BL51 BANKED LINKER/LOCATER V6.22                                                      10/13/2017  21:21:44  PAGE 6


  +--> ?PR?HALL_2_INTERRUPT?BSP_HALL
  +--> ?PR?HALL_1_INTERRUPT?BSP_HALL
  +--> ?PR?HALL_3_INTERRUPT?BSP_HALL

?PR?HALL_2_INTERRUPT?BSP_HALL                    -----    -----      -----    -----      -----    -----
  +--> ?PR?_HALL_PRO?BSP_HALL

?PR?_HALL_PRO?BSP_HALL                           -----    -----      -----    -----      0047H    0001H
  +--> ?PR?LCD_BRIGHT_ON?BSP_BRIGHT
  +--> ?PR?QUERY_WORK_SUM?APP_WORK

?PR?HALL_1_INTERRUPT?BSP_HALL                    -----    -----      -----    -----      -----    -----
  +--> ?PR?_HALL_PRO?BSP_HALL

?PR?HALL_3_INTERRUPT?BSP_HALL                    -----    -----      -----    -----      -----    -----
  +--> ?PR?_HALL_PRO?BSP_HALL

*** NEW ROOT ***************************************************

?C_C51STARTUP                                    -----    -----      -----    -----      -----    -----
  +--> ?PR?MAIN?MAIN
  +--> ?C_INITSEG

?PR?MAIN?MAIN                                    -----    -----      -----    -----      0048H    0001H
  +--> ?PR?_SYSTEM_CLOCK_SELECT?COMMON
  +--> ?PR?BSP_INIT?BSP
  +--> ?PR?WORK_INIT?APP_WORK
  +--> ?PR?APP_KEY_INIT?APP_KEY
  +--> ?PR?APP_CHARGE_INIT?APP_CHARGE
  +--> ?CO?MAIN
  +--> ?PR?PRINTF?PRINTF
  +--> ?PR?BEEP_PRO?BSP_BEEP
  +--> ?PR?BSP_KEYSCAN?BSP_KEY
  +--> ?PR?APP_KEY_100MS_PRO?APP_KEY
  +--> ?PR?APP_WORK_100MS_PRO?APP_WORK
  +--> ?PR?APP_CHARGE_100MS_PRO?APP_CHARGE
  +--> ?PR?REPEAT_PRO?APP_REPEAT_EXE
  +--> ?PR?APP_KEY_1S_PRO?APP_KEY
  +--> ?PR?APP_WORK_1S_PRO?APP_WORK
  +--> ?PR?APP_CHARGE_1S_PRO?APP_CHARGE
  +--> ?PR?APP_BATTERY_1S_PRO?APP_BATTERY
  +--> ?PR?BSP_HALL_1S_PRO?BSP_HALL
  +--> ?PR?BSP_GETKEY?BSP_KEY
  +--> ?PR?_APP_KEY_PRO?APP_KEY

?PR?BSP_INIT?BSP                                 -----    -----      -----    -----      -----    -----
  +--> ?PR?SET_ALL_GPIO_INPUT_MODE?COMMON
  +--> ?PR?ADC_INIT?BSP_ADC
  +--> ?PR?BSP_INITKEY?BSP_KEY
  +--> ?PR?HALL_INIT?BSP_HALL
  +--> ?PR?BRIGHT_INITHARD?BSP_BRIGHT
  +--> ?PR?BEEP_INITHARD?BSP_BEEP
  +--> ?PR?LCD_DISPLAY_INITHARD?BSP_DISPLAY
  +--> ?PR?TIMER0_INITHARD?BSP_TIMER0
  +--> ?PR?UART_INITHARD?BSP_UART

?PR?BSP_INITKEY?BSP_KEY                          -----    -----      -----    -----      -----    -----
BL51 BANKED LINKER/LOCATER V6.22                                                      10/13/2017  21:21:44  PAGE 7


  +--> ?PR?BSP_INITKEYVAR?BSP_KEY
  +--> ?PR?BSP_INITKEYHARD?BSP_KEY

?PR?BSP_INITKEYVAR?BSP_KEY                       -----    -----      -----    -----      -----    -----
  +--> ?PR?ISKEYDOWN1?BSP_KEY
  +--> ?PR?ISKEYDOWN2?BSP_KEY
  +--> ?PR?ISKEYDOWN3?BSP_KEY
  +--> ?PR?ISKEYDOWN4?BSP_KEY
  +--> ?PR?ISKEYDOWN_1AND3?BSP_KEY

?PR?HALL_INIT?BSP_HALL                           -----    -----      -----    -----      -----    -----
  +--> ?PR?HALL_INITHARD?BSP_HALL
  +--> ?PR?HALL_INITVAR?BSP_HALL

?PR?HALL_INITHARD?BSP_HALL                       -----    -----      -----    -----      -----    -----
  +--> ?PR?BSP_HALLINT_OPEN?BSP_HALL

?PR?BRIGHT_INITHARD?BSP_BRIGHT                   -----    -----      -----    -----      -----    -----
  +--> ?PR?LCD_BRIGHT_ON?BSP_BRIGHT

?PR?LCD_DISPLAY_INITHARD?BSP_DISPLAY             -----    -----      -----    -----      -----    -----
  +--> ?PR?LCD_CLEAR_ALL?BSP_DISPLAY

?PR?TIMER0_INITHARD?BSP_TIMER0                   -----    -----      -----    -----      -----    -----
  +--> ?PR?TIMER0_PARAMINIT?BSP_TIMER0

?PR?UART_INITHARD?BSP_UART                       -----    -----      -----    -----      -----    -----
  +--> ?PR?_INITIALUART1_TIMER3?COMMON

?PR?_INITIALUART1_TIMER3?COMMON                  -----    -----      -----    -----      0049H    0004H

?PR?APP_KEY_INIT?APP_KEY                         -----    -----      -----    -----      -----    -----
  +--> ?PR?APP_POWERKEYINT_CLOSE?APP_KEY
  +--> ?PR?BSP_HALLINT_OPEN?BSP_HALL
  +--> ?PR?APP_UI_INIT?APP_KEY
  +--> ?PR?REPEAT_STOP?APP_REPEAT_EXE
  +--> ?PR?APP_FLASH_SHOW?APP_KEY
  +--> ?PR?_REPEAT_SETSTART?APP_REPEAT_EXE
  +--> ?PR?APP_FLASH_CLEAR?APP_KEY
  +--> ?PR?_REPEAT_SETSTOP?APP_REPEAT_EXE
  +--> ?PR?_REPEAT_START?APP_REPEAT_EXE

?PR?APP_UI_INIT?APP_KEY                          -----    -----      -----    -----      -----    -----
  +--> ?PR?LCD_CLEAR_REP_NUM?BSP_DISPLAY
  +--> ?PR?_LCD_SHOW_PULLS_NUM?BSP_DISPLAY
  +--> ?PR?_LCD_SHOW_CAL_NUM?BSP_DISPLAY
  +--> ?PR?LCD_SHOW_LINE_UP?BSP_DISPLAY
  +--> ?PR?LCD_CLEAR_REP_ICO?BSP_DISPLAY
  +--> ?PR?LCD_CLEAR_ABCD?BSP_DISPLAY
  +--> ?PR?LCD_SHOW_CAL_ICO?BSP_DISPLAY
  +--> ?PR?LCD_CLEAR_QS_ICO?BSP_DISPLAY
  +--> ?PR?LCD_SHOW_REP_ICO?BSP_DISPLAY
  +--> ?PR?_LCD_SHOW_ABCD?BSP_DISPLAY
  +--> ?PR?LCD_CLEAR_COACH_ICO?BSP_DISPLAY

?PR?_LCD_SHOW_PULLS_NUM?BSP_DISPLAY              -----    -----      -----    -----      004CH    0002H

BL51 BANKED LINKER/LOCATER V6.22                                                      10/13/2017  21:21:44  PAGE 8


?PR?_LCD_SHOW_CAL_NUM?BSP_DISPLAY                -----    -----      -----    -----      004CH    0003H

?PR?REPEAT_STOP?APP_REPEAT_EXE                   -----    -----      -----    -----      -----    -----
  +--> ?PR?REPEAT_STOP_EXE?APP_REPEAT_EXE
  +--> ?PR?_REPEAT_SETSTART?APP_REPEAT_EXE
  +--> ?PR?_REPEAT_SETSTOP?APP_REPEAT_EXE

?PR?APP_FLASH_SHOW?APP_KEY                       -----    -----      -----    -----      -----    -----
  +--> ?PR?LCD_SHOW_LINE_UP?BSP_DISPLAY
  +--> ?PR?LCD_SHOW_QS_ICO?BSP_DISPLAY
  +--> ?PR?LCD_SHOW_COACH_ICO?BSP_DISPLAY
  +--> ?PR?_LCD_SHOW_REP_NUM?BSP_DISPLAY
  +--> ?PR?_LCD_SHOW_PULLS_NUM?BSP_DISPLAY
  +--> ?PR?LCD_SHOW_ABCD_ALL?BSP_DISPLAY

?PR?APP_FLASH_CLEAR?APP_KEY                      -----    -----      -----    -----      -----    -----
  +--> ?PR?LCD_CLEAR_QS_ICO?BSP_DISPLAY
  +--> ?PR?LCD_CLEAR_ABCD?BSP_DISPLAY
  +--> ?PR?_LCD_SHOW_ABCD?BSP_DISPLAY
  +--> ?PR?LCD_CLEAR_COACH_ICO?BSP_DISPLAY

?PR?_REPEAT_START?APP_REPEAT_EXE                 -----    -----      -----    -----      -----    -----
  +--> ?PR?REPEAT_START_EXE?APP_REPEAT_EXE

?PR?PRINTF?PRINTF                                0020H.1  0001H.1    0008H    0005H      004CH    0028H
  +--> ?PR?_PUTCHAR?COMMON

?PR?BEEP_PRO?BSP_BEEP                            -----    -----      -----    -----      -----    -----
  +--> ?PR?BEEP_ENABLE?BSP_BEEP
  +--> ?PR?BEEP_DISABLE?BSP_BEEP

?PR?BSP_KEYSCAN?BSP_KEY                          -----    -----      -----    -----      0049H    0001H
  +--> ?PR?_BSP_DETECTKEY?BSP_KEY

?PR?_BSP_DETECTKEY?BSP_KEY                       -----    -----      -----    -----      004AH    0001H
  +--> ?PR?_BSP_PUTKEY?BSP_KEY

?PR?APP_KEY_100MS_PRO?APP_KEY                    -----    -----      -----    -----      -----    -----
  +--> ?PR?APP_KEY_CLEAR_NOOPS_TIMEOUTCNT?AP...
  +--> ?PR?BSP_HALLINT_CLOSE?BSP_HALL
  +--> ?PR?APP_POWERKEYINT_OPEN?APP_KEY
  +--> ?CO?APP_KEY
  +--> ?PR?PRINTF?PRINTF
  +--> ?PR?APP_POWER_ON?APP_KEY

?PR?APP_POWER_ON?APP_KEY                         -----    -----      -----    -----      -----    -----
  +--> ?PR?SW_RESET?COMMON

?PR?APP_WORK_100MS_PRO?APP_WORK                  -----    -----      -----    -----      -----    -----
  +--> ?PR?APP_KEY_CLEAR_NOOPS_TIMEOUTCNT?AP...
  +--> ?PR?_BEEP_START?BSP_BEEP
  +--> ?PR?APP_WORK_PRO?APP_WORK
  +--> ?CO?APP_WORK
  +--> ?PR?PRINTF?PRINTF
  +--> ?PR?_BEEP_START_STRUCT?BSP_BEEP

?PR?_BEEP_START?BSP_BEEP                         -----    -----      -----    -----      004CH    0008H
BL51 BANKED LINKER/LOCATER V6.22                                                      10/13/2017  21:21:44  PAGE 9



?PR?APP_WORK_PRO?APP_WORK                        -----    -----      -----    -----      0049H    0003H
  +--> ?PR?_BEEP_START?BSP_BEEP
  +--> ?PR?_LCD_SHOW_PULLS_NUM?BSP_DISPLAY
  +--> ?PR?_LCD_SHOW_CAL_NUM?BSP_DISPLAY
  +--> ?PR?LCD_CLEAR_REP_NUM?BSP_DISPLAY
  +--> ?PR?LCD_CLEAR_REP_ICO?BSP_DISPLAY
  +--> ?PR?LCD_CLEAR_ABCD?BSP_DISPLAY
  +--> ?PR?LCD_CLEAR_QS_ICO?BSP_DISPLAY
  +--> ?PR?_LCD_SHOW_REP_NUM?BSP_DISPLAY
  +--> ?PR?LCD_SHOW_REP_ICO?BSP_DISPLAY
  +--> ?PR?_LCD_SHOW_ABCD?BSP_DISPLAY
  +--> ?PR?LCD_SHOW_QS_ICO?BSP_DISPLAY
  +--> ?PR?LCD_CLEAR_COACH_ICO?BSP_DISPLAY
  +--> ?PR?BEEP_START_GET?BSP_BEEP
  +--> ?CO?APP_WORK
  +--> ?PR?PRINTF?PRINTF
  +--> ?PR?LCD_SHOW_COACH_ICO?BSP_DISPLAY
  +--> ?PR?LCD_SHOW_CAL_ICO?BSP_DISPLAY
  +--> ?PR?LCD_SHOW_LINE_UP?BSP_DISPLAY

?PR?APP_CHARGE_100MS_PRO?APP_CHARGE              -----    -----      -----    -----      -----    -----
  +--> ?PR?LCD_SHOW_BATTERY_ICO?BSP_DISPLAY
  +--> ?PR?LCD_CLEAR_BATTERY_ICO?BSP_DISPLAY

?PR?REPEAT_PRO?APP_REPEAT_EXE                    -----    -----      -----    -----      -----    -----
  +--> ?PR?REPEAT_STOP?APP_REPEAT_EXE
  +--> ?PR?REPEAT_STOP_EXE?APP_REPEAT_EXE
  +--> ?PR?REPEAT_START_EXE?APP_REPEAT_EXE

?PR?APP_KEY_1S_PRO?APP_KEY                       -----    -----      -----    -----      -----    -----
  +--> ?PR?LCD_BRIGHT_OFF?BSP_BRIGHT
  +--> ?CO?APP_KEY
  +--> ?PR?PRINTF?PRINTF
  +--> ?PR?APP_POWER_OFF?APP_KEY

?PR?APP_POWER_OFF?APP_KEY                        -----    -----      -----    -----      -----    -----
  +--> ?PR?LCD_BRIGHT_OFF?BSP_BRIGHT
  +--> ?PR?LCD_CLEAR_ALL?BSP_DISPLAY

?PR?APP_CHARGE_1S_PRO?APP_CHARGE                 -----    -----      -----    -----      -----    -----
  +--> ?CO?APP_CHARGE
  +--> ?PR?PRINTF?PRINTF

?PR?APP_BATTERY_1S_PRO?APP_BATTERY               -----    -----      -----    -----      -----    -----
  +--> ?PR?APP_BATTERY_DETECTION?APP_BATTERY

?PR?BSP_HALL_1S_PRO?BSP_HALL                     -----    -----      -----    -----      -----    -----
  +--> ?CO?BSP_HALL
  +--> ?PR?PRINTF?PRINTF

?PR?_APP_KEY_PRO?APP_KEY                         -----    -----      -----    -----      0049H    0001H
  +--> ?PR?APP_KEY_CLEAR_NOOPS_TIMEOUTCNT?AP...
  +--> ?PR?LCD_BRIGHT_ON?BSP_BRIGHT
  +--> ?CO?APP_KEY
  +--> ?PR?PRINTF?PRINTF
  +--> ?PR?APP_POWER_OFF?APP_KEY
BL51 BANKED LINKER/LOCATER V6.22                                                      10/13/2017  21:21:44  PAGE 10


  +--> ?PR?APP_KEY_CLEAR?APP_KEY
  +--> ?PR?APP_KEY_CLEAR_LONG?APP_KEY
  +--> ?PR?APP_KEY_SET?APP_KEY
  +--> ?PR?APP_KEY_SET_LONG?APP_KEY
  +--> ?PR?APP_KEY_OK?APP_KEY
  +--> ?PR?APP_KEY_OK_LONG?APP_KEY

?PR?APP_KEY_CLEAR?APP_KEY                        -----    -----      -----    -----      -----    -----
  +--> ?PR?_LCD_SHOW_ABCD?BSP_DISPLAY
  +--> ?PR?_LCD_SHOW_REP_NUM?BSP_DISPLAY
  +--> ?PR?_LCD_SHOW_PULLS_NUM?BSP_DISPLAY
  +--> ?PR?_LCD_SHOW_CAL_NUM?BSP_DISPLAY
  +--> ?PR?LCD_SHOW_CAL_ICO?BSP_DISPLAY

?PR?APP_KEY_CLEAR_LONG?APP_KEY                   -----    -----      -----    -----      -----    -----
  +--> ?PR?_LCD_SHOW_REP_NUM?BSP_DISPLAY
  +--> ?PR?LCD_CLEAR_REP_NUM?BSP_DISPLAY
  +--> ?PR?_LCD_SHOW_PULLS_NUM?BSP_DISPLAY
  +--> ?PR?_LCD_SHOW_CAL_NUM?BSP_DISPLAY
  +--> ?PR?BEEP_STOP?BSP_BEEP

?PR?BEEP_STOP?BSP_BEEP                           -----    -----      -----    -----      -----    -----
  +--> ?PR?BEEP_DISABLE?BSP_BEEP

?PR?APP_KEY_SET?APP_KEY                          -----    -----      -----    -----      -----    -----
  +--> ?PR?_LCD_SHOW_REP_NUM?BSP_DISPLAY
  +--> ?PR?LCD_SHOW_REP_ICO?BSP_DISPLAY
  +--> ?PR?LCD_SHOW_LINE_UP?BSP_DISPLAY
  +--> ?PR?_LCD_SHOW_ABCD?BSP_DISPLAY
  +--> ?PR?LCD_SHOW_CAL_ICO?BSP_DISPLAY
  +--> ?PR?LCD_CLEAR_COACH_ICO?BSP_DISPLAY
  +--> ?PR?LCD_CLEAR_REP_ICO?BSP_DISPLAY
  +--> ?PR?LCD_CLEAR_ABCD?BSP_DISPLAY
  +--> ?PR?LCD_CLEAR_QS_ICO?BSP_DISPLAY
  +--> ?PR?LCD_CLEAR_REP_NUM?BSP_DISPLAY

?PR?APP_KEY_SET_LONG?APP_KEY                     -----    -----      -----    -----      -----    -----
  +--> ?PR?_LCD_SHOW_REP_NUM?BSP_DISPLAY
  +--> ?PR?_LCD_SHOW_PULLS_NUM?BSP_DISPLAY
  +--> ?PR?_LCD_SHOW_CAL_NUM?BSP_DISPLAY
  +--> ?PR?LCD_SHOW_CAL_ICO?BSP_DISPLAY
  +--> ?PR?LCD_SHOW_REP_ICO?BSP_DISPLAY
  +--> ?PR?LCD_SHOW_LINE_UP?BSP_DISPLAY
  +--> ?PR?_LCD_SHOW_ABCD?BSP_DISPLAY
  +--> ?PR?BEEP_STOP?BSP_BEEP

?PR?APP_KEY_OK?APP_KEY                           -----    -----      -----    -----      -----    -----
  +--> ?PR?LCD_SHOW_REP_ICO?BSP_DISPLAY
  +--> ?PR?LCD_SHOW_QS_ICO?BSP_DISPLAY
  +--> ?PR?LCD_CLEAR_COACH_ICO?BSP_DISPLAY
  +--> ?PR?LCD_CLEAR_QS_ICO?BSP_DISPLAY
  +--> ?PR?LCD_SHOW_COACH_ICO?BSP_DISPLAY
  +--> ?PR?LCD_CLEAR_ABCD?BSP_DISPLAY
  +--> ?PR?_LCD_SHOW_ABCD?BSP_DISPLAY

?PR?APP_KEY_OK_LONG?APP_KEY                      -----    -----      -----    -----      -----    -----
  +--> ?PR?SW_RESET?COMMON
BL51 BANKED LINKER/LOCATER V6.22                                                      10/13/2017  21:21:44  PAGE 11





SYMBOL TABLE OF MODULE:  .\Out\Objects\project (MAIN)

  VALUE           TYPE          NAME
  ----------------------------------

  -------         MODULE        MAIN
  C:0000H         SYMBOL        _ICE_DUMMY_
  D:0080H         PUBLIC        P0
  D:0090H         PUBLIC        P1
  D:00A0H         PUBLIC        P2
  D:00B0H         PUBLIC        P3
  D:00D8H         PUBLIC        P5
  D:00A8H         PUBLIC        IE
  B:00E8H.7       PUBLIC        ADCF
  C:291EH         PUBLIC        ADC_ISR
  D:00B8H         PUBLIC        IP
  C:2045H         PUBLIC        main
  D:0098H         PUBLIC        SCON
  D:0088H         PUBLIC        TCON
  D:00F8H         PUBLIC        SCON_1
  C:2340H         PUBLIC        PinInterrupt_ISR
  D:00E8H         PUBLIC        ADCCON0
  D:00C0H         PUBLIC        I2CON
  D:00ECH         PUBLIC        PIF
  D:00C8H         PUBLIC        T2CON
  D:00D0H         PUBLIC        PSW
  -------         PROC          ADC_ISR
  C:291EH         LINE#         8
  C:293BH         LINE#         9
  C:293BH         LINE#         12
  C:293EH         LINE#         13
  C:2940H         LINE#         14
  -------         ENDPROC       ADC_ISR
  -------         PROC          PININTERRUPT_ISR
  C:2340H         LINE#         18
  C:235DH         LINE#         19
  C:235DH         LINE#         21
  C:2362H         LINE#         22
  C:2369H         LINE#         23
  C:236CH         LINE#         24
  C:236CH         LINE#         25
  C:236CH         LINE#         27
  C:2371H         LINE#         28
  C:2374H         LINE#         29
  C:2374H         LINE#         30
  C:2379H         LINE#         31
  C:237CH         LINE#         32
  C:237CH         LINE#         33
  C:2381H         LINE#         34
  C:2384H         LINE#         35
  C:2384H         LINE#         36
  C:2387H         LINE#         37
  -------         ENDPROC       PININTERRUPT_ISR
  -------         PROC          MAIN
BL51 BANKED LINKER/LOCATER V6.22                                                      10/13/2017  21:21:44  PAGE 12


  -------         DO            
  X:0048H         SYMBOL        ucKeyCode
  -------         DO            
  X:00CDH         SYMBOL        tmp
  X:00CEH         SYMBOL        cnt
  -------         ENDDO         
  -------         ENDDO         
  C:2045H         LINE#         38
  C:2045H         LINE#         40
  C:204AH         LINE#         47
  C:204DH         LINE#         50
  C:2050H         LINE#         51
  C:2053H         LINE#         52
  C:2056H         LINE#         56
  C:205FH         LINE#         58
  C:205FH         LINE#         60
  C:2065H         LINE#         61
  C:2067H         LINE#         63
  C:206AH         LINE#         64
  C:206DH         LINE#         65
  C:206DH         LINE#         66
  C:2073H         LINE#         67
  C:2075H         LINE#         69
  C:2078H         LINE#         70
  C:207BH         LINE#         71
  C:207EH         LINE#         72
  C:2081H         LINE#         74
  C:2081H         LINE#         75
  C:2087H         LINE#         78
  C:2089H         LINE#         80
  C:208CH         LINE#         81
  C:208FH         LINE#         82
  C:2092H         LINE#         83
  C:2095H         LINE#         84
  C:2098H         LINE#         86
  C:209EH         LINE#         87
  C:20A4H         LINE#         88
  C:20A7H         LINE#         90
  C:20ADH         LINE#         94
  C:20ADH         LINE#         96
  C:20ADH         LINE#         100
  C:20B5H         LINE#         101
  C:20B7H         LINE#         102
  C:20BCH         LINE#         103
  C:20BCH         LINE#         105
  -------         ENDPROC       MAIN
  -------         ENDMOD        MAIN

  -------         MODULE        APP_KEY
  C:0000H         SYMBOL        _ICE_DUMMY_
  C:19EFH         PUBLIC        app_key_power
  C:21A7H         PUBLIC        app_flash_Clear
  D:0080H         PUBLIC        P0
  D:0090H         PUBLIC        P1
  D:00A0H         PUBLIC        P2
  D:00B0H         PUBLIC        P3
  C:28A2H         PUBLIC        app_key_init
BL51 BANKED LINKER/LOCATER V6.22                                                      10/13/2017  21:21:44  PAGE 13


  D:00D8H         PUBLIC        P5
  D:00A8H         PUBLIC        IE
  X:00B0H         PUBLIC        g_tDevice
  C:3055H         PUBLIC        app_power_on
  D:00EDH         PUBLIC        PITYP
  D:00B8H         PUBLIC        IP
  C:1C28H         PUBLIC        app_key_set
  C:191CH         PUBLIC        _app_key_pro
  C:28E0H         PUBLIC        app_key_1s_pro
  C:2E24H         PUBLIC        app_powerKeyInt_close
  X:00B4H         PUBLIC        noOps_timeoutCnt
  C:1EB5H         PUBLIC        app_key_ok
  B:0022H.0       SYMBOL        offBight_flag
  C:20BEH         SYMBOL        app_key_set_long
  D:0087H         PUBLIC        PCON
  D:0098H         PUBLIC        SCON
  D:0088H         PUBLIC        TCON
  C:1D7FH         PUBLIC        app_flash_Show
  C:0003H         SYMBOL        app_key_ok_long
  C:2E11H         PUBLIC        app_powerKeyInt_open
  D:00F8H         PUBLIC        SCON_1
  C:278AH         PUBLIC        app_key_clear
  C:2137H         SYMBOL        app_UI_init
  D:00E8H         PUBLIC        ADCCON0
  D:00C0H         PUBLIC        I2CON
  C:3024H         PUBLIC        app_key_clear_noOps_timeoutCnt
  D:00C8H         PUBLIC        T2CON
  C:2738H         SYMBOL        app_key_clear_long
  C:301EH         PUBLIC        app_power_off
  C:29D2H         PUBLIC        app_key_100ms_pro
  D:00E9H         PUBLIC        PICON
  D:00D0H         PUBLIC        PSW
  D:00EAH         PUBLIC        PINEN
  D:00EBH         PUBLIC        PIPEN
  -------         PROC          APP_KEY_INIT
  C:28A2H         LINE#         23
  C:28A2H         LINE#         25
  C:28A5H         LINE#         26
  C:28A8H         LINE#         30
  C:28AEH         LINE#         31
  C:28B2H         LINE#         32
  C:28B6H         LINE#         33
  C:28BCH         LINE#         35
  C:28BFH         LINE#         37
  C:28C2H         LINE#         38
  C:28CBH         LINE#         39
  C:28D4H         LINE#         40
  -------         ENDPROC       APP_KEY_INIT
  -------         PROC          APP_POWERKEYINT_OPEN
  C:2E11H         LINE#         42
  C:2E11H         LINE#         43
  C:2E14H         LINE#         44
  C:2E17H         LINE#         45
  C:2E1AH         LINE#         47
  C:2E1DH         LINE#         48
  C:2E20H         LINE#         49
  C:2E23H         LINE#         51
BL51 BANKED LINKER/LOCATER V6.22                                                      10/13/2017  21:21:44  PAGE 14


  -------         ENDPROC       APP_POWERKEYINT_OPEN
  -------         PROC          APP_POWERKEYINT_CLOSE
  C:2E24H         LINE#         52
  C:2E24H         LINE#         53
  C:2E27H         LINE#         54
  C:2E2AH         LINE#         55
  C:2E2DH         LINE#         57
  C:2E30H         LINE#         58
  C:2E33H         LINE#         59
  C:2E36H         LINE#         60
  -------         ENDPROC       APP_POWERKEYINT_CLOSE
  -------         PROC          APP_UI_INIT
  C:2137H         LINE#         62
  C:2137H         LINE#         63
  C:2146H         LINE#         64
  C:2146H         LINE#         66
  C:2146H         LINE#         67
  C:2146H         LINE#         69
  C:2149H         LINE#         70
  C:214FH         LINE#         71
  C:2155H         LINE#         73
  C:2158H         LINE#         74
  C:215BH         LINE#         76
  C:215EH         LINE#         78
  C:2161H         LINE#         79
  C:2164H         LINE#         80
  C:2164H         LINE#         82
  C:2166H         LINE#         83
  C:2166H         LINE#         85
  C:2169H         LINE#         86
  C:216CH         LINE#         88
  C:2171H         LINE#         89
  C:2176H         LINE#         90
  C:217BH         LINE#         91
  C:2180H         LINE#         93
  C:2183H         LINE#         95
  C:2186H         LINE#         97
  C:2186H         LINE#         98
  C:2186H         LINE#         99
  C:2189H         LINE#         100
  C:218CH         LINE#         102
  C:2191H         LINE#         103
  C:2196H         LINE#         104
  C:219BH         LINE#         105
  C:21A0H         LINE#         107
  C:21A3H         LINE#         109
  C:21A6H         LINE#         111
  C:21A6H         LINE#         112
  C:21A6H         LINE#         113
  -------         ENDPROC       APP_UI_INIT
  -------         PROC          APP_FLASH_SHOW
  C:1D7FH         LINE#         115
  C:1D7FH         LINE#         117
  C:1D82H         LINE#         118
  C:1D90H         LINE#         119
  C:1D90H         LINE#         121
  C:1D90H         LINE#         122
BL51 BANKED LINKER/LOCATER V6.22                                                      10/13/2017  21:21:44  PAGE 15


  C:1D90H         LINE#         124
  C:1D9DH         LINE#         125
  C:1D9DH         LINE#         126
  C:1D9DH         LINE#         127
  C:1D9DH         LINE#         129
  C:1D9DH         LINE#         130
  C:1D9DH         LINE#         131
  C:1DA0H         LINE#         132
  C:1DA2H         LINE#         133
  C:1DA2H         LINE#         134
  C:1DA5H         LINE#         135
  C:1DA7H         LINE#         136
  C:1DA7H         LINE#         138
  C:1DA7H         LINE#         139
  C:1DA7H         LINE#         141
  C:1DBCH         LINE#         142
  C:1DBCH         LINE#         143
  C:1DBCH         LINE#         144
  C:1DBEH         LINE#         145
  C:1DBEH         LINE#         146
  C:1DC6H         LINE#         147
  C:1DC9H         LINE#         148
  C:1DCBH         LINE#         149
  C:1DCBH         LINE#         150
  C:1DD3H         LINE#         151
  C:1DD6H         LINE#         152
  C:1DD8H         LINE#         153
  C:1DD8H         LINE#         154
  C:1DE0H         LINE#         155
  C:1DE3H         LINE#         156
  C:1DE5H         LINE#         157
  C:1DE5H         LINE#         158
  C:1DEDH         LINE#         159
  C:1DF7H         LINE#         160
  C:1DF9H         LINE#         161
  C:1DF9H         LINE#         162
  C:1DFFH         LINE#         163
  C:1DFFH         LINE#         164
  C:1DFFH         LINE#         165
  C:1E06H         LINE#         166
  C:1E09H         LINE#         167
  C:1E12H         LINE#         168
  C:1E15H         LINE#         169
  C:1E15H         LINE#         170
  C:1E18H         LINE#         172
  C:1E18H         LINE#         173
  C:1E18H         LINE#         175
  C:1E18H         LINE#         176
  C:1E18H         LINE#         178
  C:1E18H         LINE#         179
  C:1E18H         LINE#         180
  -------         ENDPROC       APP_FLASH_SHOW
  -------         PROC          APP_FLASH_CLEAR
  C:21A7H         LINE#         182
  C:21A7H         LINE#         184
  C:21B2H         LINE#         185
  C:21B2H         LINE#         186
BL51 BANKED LINKER/LOCATER V6.22                                                      10/13/2017  21:21:44  PAGE 16


  C:21B2H         LINE#         187
  C:21B2H         LINE#         189
  C:21B5H         LINE#         190
  C:21B5H         LINE#         191
  C:21B7H         LINE#         192
  C:21B7H         LINE#         194
  C:21BDH         LINE#         195
  C:21C0H         LINE#         196
  C:21C0H         LINE#         197
  C:21C7H         LINE#         198
  C:21CAH         LINE#         199
  C:21CFH         LINE#         200
  C:21CFH         LINE#         201
  C:21D6H         LINE#         202
  C:21D9H         LINE#         203
  C:21DEH         LINE#         204
  C:21DEH         LINE#         205
  C:21E5H         LINE#         206
  C:21E8H         LINE#         207
  C:21EDH         LINE#         208
  C:21EDH         LINE#         209
  C:21F4H         LINE#         210
  C:21F7H         LINE#         211
  C:21FCH         LINE#         212
  C:21FCH         LINE#         213
  C:2203H         LINE#         214
  C:2206H         LINE#         215
  C:220DH         LINE#         216
  C:2210H         LINE#         217
  C:2210H         LINE#         218
  C:2210H         LINE#         219
  C:2210H         LINE#         220
  C:2210H         LINE#         221
  C:2210H         LINE#         223
  C:2210H         LINE#         224
  C:2210H         LINE#         226
  -------         ENDPROC       APP_FLASH_CLEAR
  -------         PROC          APP_KEY_POWER
  C:19EFH         LINE#         227
  C:19EFH         LINE#         229
  C:1A00H         LINE#         230
  C:1A00H         LINE#         232
  C:1A00H         LINE#         233
  C:1A00H         LINE#         235
  C:1A00H         LINE#         236
  C:1A00H         LINE#         238
  C:1A05H         LINE#         239
  C:1A0AH         LINE#         240
  C:1A0FH         LINE#         241
  C:1A14H         LINE#         243
  C:1A19H         LINE#         244
  C:1A1FH         LINE#         245
  C:1A25H         LINE#         246
  C:1A28H         LINE#         248
  C:1A2EH         LINE#         250
  C:1A2FH         LINE#         251
  C:1A2FH         LINE#         253
BL51 BANKED LINKER/LOCATER V6.22                                                      10/13/2017  21:21:44  PAGE 17


  C:1A35H         LINE#         255
  C:1A36H         LINE#         256
  C:1A36H         LINE#         259
  C:1A3DH         LINE#         260
  C:1A43H         LINE#         264
  C:1A4EH         LINE#         265
  C:1A59H         LINE#         267
  C:1A68H         LINE#         268
  C:1A68H         LINE#         270
  C:1A68H         LINE#         271
  C:1A68H         LINE#         273
  C:1A6BH         LINE#         274
  C:1A6EH         LINE#         276
  C:1A71H         LINE#         278
  C:1A74H         LINE#         280
  C:1A77H         LINE#         281
  C:1A7AH         LINE#         282
  C:1A7AH         LINE#         284
  C:1A7CH         LINE#         285
  C:1A7CH         LINE#         287
  C:1A7FH         LINE#         288
  C:1A82H         LINE#         289
  C:1A87H         LINE#         290
  C:1A8FH         LINE#         292
  C:1A92H         LINE#         293
  C:1A95H         LINE#         294
  C:1A98H         LINE#         295
  C:1A98H         LINE#         296
  C:1A98H         LINE#         298
  C:1A9BH         LINE#         299
  C:1A9EH         LINE#         300
  C:1AA3H         LINE#         301
  C:1AABH         LINE#         303
  C:1AAEH         LINE#         304
  C:1AB1H         LINE#         305
  C:1AB4H         LINE#         307
  C:1AB4H         LINE#         308
  C:1AB4H         LINE#         311
  C:1AB4H         LINE#         312
  C:1AB4H         LINE#         314
  -------         ENDPROC       APP_KEY_POWER
  -------         PROC          APP_KEY_CLEAR
  C:278AH         LINE#         316
  C:278AH         LINE#         334
  C:2797H         LINE#         335
  C:2797H         LINE#         337
  C:2797H         LINE#         338
  C:2797H         LINE#         339
  C:2798H         LINE#         340
  C:2798H         LINE#         342
  C:2798H         LINE#         343
  C:2798H         LINE#         345
  C:2798H         LINE#         346
  C:2798H         LINE#         348
  C:2798H         LINE#         349
  C:2798H         LINE#         350
  C:2798H         LINE#         351
BL51 BANKED LINKER/LOCATER V6.22                                                      10/13/2017  21:21:44  PAGE 18


  C:2798H         LINE#         352
  C:279EH         LINE#         354
  C:27A3H         LINE#         355
  C:27A8H         LINE#         356
  C:27ADH         LINE#         357
  C:27B2H         LINE#         359
  C:27B7H         LINE#         360
  C:27BDH         LINE#         361
  C:27C3H         LINE#         362
  C:27C6H         LINE#         364
  C:27C6H         LINE#         365
  C:27C6H         LINE#         366
  C:27CCH         LINE#         367
  C:27D3H         LINE#         368
  C:27D3H         LINE#         369
  C:27D9H         LINE#         370
  C:27D9H         LINE#         371
  C:27D9H         LINE#         373
  C:27D9H         LINE#         374
  C:27D9H         LINE#         376
  C:27D9H         LINE#         377
  C:27D9H         LINE#         378
  C:27D9H         LINE#         379
  C:27D9H         LINE#         381
  C:27D9H         LINE#         382
  C:27D9H         LINE#         383
  -------         ENDPROC       APP_KEY_CLEAR
  -------         PROC          APP_KEY_CLEAR_LONG
  C:2738H         LINE#         385
  C:2738H         LINE#         387
  C:2742H         LINE#         388
  C:2742H         LINE#         390
  C:2742H         LINE#         391
  C:2742H         LINE#         393
  C:2742H         LINE#         394
  C:2742H         LINE#         396
  C:2742H         LINE#         397
  C:2742H         LINE#         399
  C:2742H         LINE#         400
  C:2742H         LINE#         401
  C:2747H         LINE#         402
  C:274BH         LINE#         403
  C:274FH         LINE#         404
  C:2755H         LINE#         406
  C:275DH         LINE#         407
  C:2765H         LINE#         408
  C:2767H         LINE#         409
  C:276AH         LINE#         410
  C:276AH         LINE#         412
  C:2775H         LINE#         413
  C:2780H         LINE#         415
  C:2783H         LINE#         417
  C:2789H         LINE#         419
  C:2789H         LINE#         420
  C:2789H         LINE#         421
  -------         ENDPROC       APP_KEY_CLEAR_LONG
  -------         PROC          APP_KEY_SET
BL51 BANKED LINKER/LOCATER V6.22                                                      10/13/2017  21:21:44  PAGE 19


  C:1C28H         LINE#         423
  C:1C28H         LINE#         425
  C:1C36H         LINE#         426
  C:1C36H         LINE#         428
  C:1C36H         LINE#         429
  C:1C36H         LINE#         430
  C:1C48H         LINE#         431
  C:1C48H         LINE#         433
  C:1C48H         LINE#         434
  C:1C48H         LINE#         435
  C:1C4DH         LINE#         437
  C:1C4DH         LINE#         438
  C:1C4DH         LINE#         439
  C:1C4DH         LINE#         441
  C:1C4DH         LINE#         442
  C:1C4DH         LINE#         443
  C:1C4DH         LINE#         444
  C:1C4DH         LINE#         446
  C:1C4DH         LINE#         448
  C:1C4DH         LINE#         450
  C:1C4FH         LINE#         451
  C:1C4FH         LINE#         452
  C:1C55H         LINE#         454
  C:1C5AH         LINE#         455
  C:1C5DH         LINE#         456
  C:1C60H         LINE#         458
  C:1C65H         LINE#         459
  C:1C6AH         LINE#         460
  C:1C6FH         LINE#         461
  C:1C74H         LINE#         463
  C:1C77H         LINE#         465
  C:1C7AH         LINE#         466
  C:1C7AH         LINE#         467
  C:1C7AH         LINE#         468
  C:1C80H         LINE#         470
  C:1C83H         LINE#         471
  C:1C86H         LINE#         473
  C:1C89H         LINE#         475
  C:1C8CH         LINE#         476
  C:1C8FH         LINE#         477
  C:1C92H         LINE#         479
  C:1C95H         LINE#         481
  C:1C95H         LINE#         482
  C:1C95H         LINE#         483
  C:1C95H         LINE#         484
  C:1C95H         LINE#         485
  C:1CA2H         LINE#         486
  C:1CA2H         LINE#         488
  C:1CA2H         LINE#         489
  C:1CA2H         LINE#         491
  C:1CA2H         LINE#         492
  C:1CA2H         LINE#         494
  C:1CA8H         LINE#         495
  C:1CA8H         LINE#         496
  C:1CAAH         LINE#         497
  C:1CB0H         LINE#         498
  C:1CB8H         LINE#         499
BL51 BANKED LINKER/LOCATER V6.22                                                      10/13/2017  21:21:44  PAGE 20


  C:1CB8H         LINE#         500
  C:1CB8H         LINE#         501
  C:1CB8H         LINE#         503
  C:1CBAH         LINE#         504
  C:1CBAH         LINE#         505
  C:1CC0H         LINE#         506
  C:1CC0H         LINE#         507
  C:1CC2H         LINE#         508
  C:1CC8H         LINE#         509
  C:1CD0H         LINE#         510
  C:1CD3H         LINE#         511
  C:1CD3H         LINE#         512
  C:1CD3H         LINE#         513
  C:1CD3H         LINE#         514
  C:1CD3H         LINE#         515
  C:1CD3H         LINE#         516
  C:1CD3H         LINE#         517
  C:1CD3H         LINE#         518
  C:1CD3H         LINE#         520
  C:1CD3H         LINE#         521
  C:1CD3H         LINE#         522
  -------         ENDPROC       APP_KEY_SET
  -------         PROC          APP_KEY_SET_LONG
  C:20BEH         LINE#         524
  C:20BEH         LINE#         526
  C:20C8H         LINE#         527
  C:20C8H         LINE#         529
  C:20C8H         LINE#         530
  C:20C8H         LINE#         532
  C:20C8H         LINE#         533
  C:20C8H         LINE#         535
  C:20C8H         LINE#         536
  C:20C8H         LINE#         538
  C:20C8H         LINE#         539
  C:20C8H         LINE#         540
  C:20CFH         LINE#         541
  C:20D2H         LINE#         542
  C:20D7H         LINE#         543
  C:20D9H         LINE#         544
  C:20E1H         LINE#         545
  C:20E7H         LINE#         546
  C:20E7H         LINE#         548
  C:20ECH         LINE#         549
  C:20F0H         LINE#         550
  C:20F4H         LINE#         551
  C:20FAH         LINE#         553
  C:2100H         LINE#         554
  C:210BH         LINE#         555
  C:2116H         LINE#         557
  C:2119H         LINE#         558
  C:211CH         LINE#         559
  C:211FH         LINE#         561
  C:2124H         LINE#         562
  C:2129H         LINE#         563
  C:212EH         LINE#         564
  C:2133H         LINE#         566
  C:2136H         LINE#         567
BL51 BANKED LINKER/LOCATER V6.22                                                      10/13/2017  21:21:44  PAGE 21


  C:2136H         LINE#         568
  C:2136H         LINE#         570
  -------         ENDPROC       APP_KEY_SET_LONG
  -------         PROC          APP_KEY_OK
  C:1EB5H         LINE#         572
  C:1EB5H         LINE#         574
  C:1EC3H         LINE#         575
  C:1EC3H         LINE#         577
  C:1EC3H         LINE#         578
  C:1EC3H         LINE#         580
  C:1ED2H         LINE#         581
  C:1ED2H         LINE#         583
  C:1ED2H         LINE#         584
  C:1ED2H         LINE#         585
  C:1ED8H         LINE#         586
  C:1EDAH         LINE#         587
  C:1EDAH         LINE#         588
  C:1EE0H         LINE#         590
  C:1EE3H         LINE#         591
  C:1EE6H         LINE#         592
  C:1EE9H         LINE#         594
  C:1EEBH         LINE#         595
  C:1EEBH         LINE#         596
  C:1EF1H         LINE#         598
  C:1EF4H         LINE#         599
  C:1EF7H         LINE#         600
  C:1EFAH         LINE#         602
  C:1EFAH         LINE#         603
  C:1EFAH         LINE#         604
  C:1F02H         LINE#         606
  C:1F03H         LINE#         607
  C:1F03H         LINE#         608
  C:1F10H         LINE#         609
  C:1F10H         LINE#         611
  C:1F10H         LINE#         612
  C:1F10H         LINE#         614
  C:1F10H         LINE#         615
  C:1F10H         LINE#         617
  C:1F13H         LINE#         618
  C:1F16H         LINE#         620
  C:1F18H         LINE#         621
  C:1F18H         LINE#         622
  C:1F1BH         LINE#         623
  C:1F1EH         LINE#         625
  C:1F1EH         LINE#         626
  C:1F1EH         LINE#         627
  C:1F26H         LINE#         628
  C:1F2EH         LINE#         629
  C:1F33H         LINE#         630
  C:1F39H         LINE#         632
  C:1F3CH         LINE#         633
  C:1F44H         LINE#         635
  C:1F44H         LINE#         636
  C:1F44H         LINE#         638
  C:1F44H         LINE#         639
  C:1F44H         LINE#         641
  C:1F44H         LINE#         642
BL51 BANKED LINKER/LOCATER V6.22                                                      10/13/2017  21:21:44  PAGE 22


  C:1F44H         LINE#         643
  -------         ENDPROC       APP_KEY_OK
  -------         PROC          APP_KEY_OK_LONG
  C:0003H         LINE#         645
  C:0003H         LINE#         647
  C:0008H         LINE#         648
  C:0008H         LINE#         650
  C:0008H         LINE#         651
  C:0008H         LINE#         653
  C:0008H         LINE#         654
  C:0008H         LINE#         656
  C:0008H         LINE#         657
  C:0008H         LINE#         659
  C:0008H         LINE#         660
  C:0008H         LINE#         662
  C:0008H         LINE#         663
  C:0008H         LINE#         664
  -------         ENDPROC       APP_KEY_OK_LONG
  -------         PROC          APP_POWER_ON
  C:3055H         LINE#         667
  C:3055H         LINE#         668
  -------         ENDPROC       APP_POWER_ON
  -------         PROC          APP_POWER_OFF
  C:301EH         LINE#         670
  C:301EH         LINE#         671
  C:3021H         LINE#         672
  -------         ENDPROC       APP_POWER_OFF
  -------         PROC          APP_KEY_100MS_PRO
  -------         DO            
  X:00AFH         SYMBOL        cnt
  -------         ENDDO         
  C:29D2H         LINE#         678
  C:29D2H         LINE#         681
  C:29DAH         LINE#         682
  C:29E0H         LINE#         683
  C:29E6H         LINE#         684
  C:29E8H         LINE#         686
  C:29EBH         LINE#         688
  C:29EEH         LINE#         689
  C:29F1H         LINE#         691
  C:29F4H         LINE#         693
  C:29FDH         LINE#         694
  C:2A00H         LINE#         695
  C:2A00H         LINE#         696
  C:2A00H         LINE#         697
  C:2A05H         LINE#         698
  C:2A05H         LINE#         699
  -------         ENDPROC       APP_KEY_100MS_PRO
  -------         PROC          APP_KEY_1S_PRO
  C:28E0H         LINE#         701
  C:28E0H         LINE#         703
  C:28E6H         LINE#         704
  C:28F0H         LINE#         705
  C:28F2H         LINE#         707
  C:28F5H         LINE#         708
  C:28FEH         LINE#         709
  C:290BH         LINE#         710
BL51 BANKED LINKER/LOCATER V6.22                                                      10/13/2017  21:21:44  PAGE 23


  C:290EH         LINE#         711
  C:2917H         LINE#         712
  C:291DH         LINE#         713
  C:291DH         LINE#         715
  -------         ENDPROC       APP_KEY_1S_PRO
  -------         PROC          APP_KEY_CLEAR_NOOPS_TIMEOUTCNT
  C:3024H         LINE#         716
  C:3024H         LINE#         717
  C:3029H         LINE#         718
  -------         ENDPROC       APP_KEY_CLEAR_NOOPS_TIMEOUTCNT
  -------         PROC          _APP_KEY_PRO
  X:0049H         SYMBOL        keyCode
  -------         DO            
  B:0021H.7       SYMBOL        key_exe_flag
  -------         ENDDO         
  C:191CH         LINE#         719
  C:1921H         LINE#         722
  C:1924H         LINE#         724
  C:192EH         LINE#         725
  C:1930H         LINE#         726
  C:1933H         LINE#         729
  C:1933H         LINE#         731
  C:196DH         LINE#         732
  C:196DH         LINE#         734
  C:196DH         LINE#         735
  C:196DH         LINE#         737
  C:196EH         LINE#         738
  C:196EH         LINE#         739
  C:1977H         LINE#         740
  C:197FH         LINE#         741
  C:1982H         LINE#         742
  C:198BH         LINE#         743
  C:198EH         LINE#         744
  C:198EH         LINE#         746
  C:198EH         LINE#         747
  C:198EH         LINE#         748
  C:1991H         LINE#         749
  C:1993H         LINE#         750
  C:1994H         LINE#         751
  C:199DH         LINE#         752
  C:19A0H         LINE#         753
  C:19A0H         LINE#         755
  C:19A0H         LINE#         756
  C:19A0H         LINE#         758
  C:19A0H         LINE#         759
  C:19A0H         LINE#         760
  C:19A9H         LINE#         761
  C:19ABH         LINE#         762
  C:19AEH         LINE#         764
  C:19AEH         LINE#         765
  C:19AEH         LINE#         766
  C:19B1H         LINE#         767
  C:19B3H         LINE#         768
  C:19B4H         LINE#         769
  C:19BDH         LINE#         770
  C:19C0H         LINE#         771
  C:19C0H         LINE#         772
BL51 BANKED LINKER/LOCATER V6.22                                                      10/13/2017  21:21:44  PAGE 24


  C:19C0H         LINE#         773
  C:19C0H         LINE#         775
  C:19C0H         LINE#         776
  C:19C0H         LINE#         777
  C:19C9H         LINE#         778
  C:19CBH         LINE#         779
  C:19CEH         LINE#         781
  C:19CEH         LINE#         782
  C:19CEH         LINE#         783
  C:19D1H         LINE#         784
  C:19D3H         LINE#         785
  C:19D4H         LINE#         786
  C:19DDH         LINE#         787
  C:19E0H         LINE#         788
  C:19E0H         LINE#         789
  C:19E0H         LINE#         790
  C:19E0H         LINE#         792
  C:19E0H         LINE#         793
  C:19E0H         LINE#         794
  C:19E9H         LINE#         795
  C:19EBH         LINE#         796
  C:19EEH         LINE#         798
  C:19EEH         LINE#         811
  C:19EEH         LINE#         813
  C:19EEH         LINE#         814
  C:19EEH         LINE#         816
  C:19EEH         LINE#         817
  C:19EEH         LINE#         819
  C:19EEH         LINE#         820
  C:19EEH         LINE#         822
  C:19EEH         LINE#         824
  C:19EEH         LINE#         825
  -------         ENDPROC       _APP_KEY_PRO
  -------         ENDMOD        APP_KEY

  -------         MODULE        APP_WORK
  C:0000H         SYMBOL        _ICE_DUMMY_
  D:0080H         PUBLIC        P0
  D:0090H         PUBLIC        P1
  D:00A0H         PUBLIC        P2
  D:00B0H         PUBLIC        P3
  D:00D8H         PUBLIC        P5
  D:00A8H         PUBLIC        IE
  C:2521H         PUBLIC        query_work_sum
  D:00B8H         PUBLIC        IP
  C:053DH         SYMBOL        app_work_pro
  C:000EH         PUBLIC        app_work_1s_pro
  X:0075H         SYMBOL        count_NoAction
  D:0098H         PUBLIC        SCON
  D:0088H         PUBLIC        TCON
  B:0021H.4       SYMBOL        coach_mode_beep3_flag
  I:000FH         SYMBOL        g_tBeep
  C:2CFFH         PUBLIC        work_Init
  B:0021H.5       SYMBOL        pull_once_flag
  D:00F8H         PUBLIC        SCON_1
  B:0021H.6       SYMBOL        level_pull_init_flag
  X:0076H         PUBLIC        Rep_Pull_num
BL51 BANKED LINKER/LOCATER V6.22                                                      10/13/2017  21:21:44  PAGE 25


  D:00E8H         PUBLIC        ADCCON0
  D:00C0H         PUBLIC        I2CON
  X:007EH         PUBLIC        g_tWork
  D:00C8H         PUBLIC        T2CON
  C:23A2H         PUBLIC        app_work_100ms_pro
  D:00D0H         PUBLIC        PSW
  -------         PROC          WORK_INIT
  C:2CFFH         LINE#         30
  C:2CFFH         LINE#         31
  C:2D05H         LINE#         32
  C:2D09H         LINE#         33
  C:2D0EH         LINE#         34
  C:2D10H         LINE#         35
  C:2D14H         LINE#         36
  C:2D18H         LINE#         38
  C:2D1CH         LINE#         39
  -------         ENDPROC       WORK_INIT
  -------         PROC          QUERY_WORK_SUM
  C:2521H         LINE#         41
  C:2521H         LINE#         43
  C:2529H         LINE#         44
  C:2537H         LINE#         45
  C:2546H         LINE#         46
  C:254AH         LINE#         47
  C:254AH         LINE#         48
  C:254CH         LINE#         49
  C:254CH         LINE#         51
  C:2550H         LINE#         52
  C:2556H         LINE#         54
  C:2564H         LINE#         55
  C:2573H         LINE#         56
  C:2577H         LINE#         57
  C:2577H         LINE#         58
  C:2579H         LINE#         59
  C:257BH         LINE#         60
  C:257BH         LINE#         61
  -------         ENDPROC       QUERY_WORK_SUM
  -------         PROC          APP_WORK_1S_PRO
  C:000EH         LINE#         63
  C:000EH         LINE#         64
  C:0017H         LINE#         65
  C:001AH         LINE#         66
  C:001AH         LINE#         68
  -------         ENDPROC       APP_WORK_1S_PRO
  -------         PROC          APP_WORK_100MS_PRO
  -------         DO            
  X:0074H         SYMBOL        coach_mode_beep3_cnt
  -------         ENDDO         
  C:23A2H         LINE#         69
  C:23A2H         LINE#         72
  C:23A5H         LINE#         73
  C:23A7H         LINE#         75
  C:23AAH         LINE#         77
  C:23B1H         LINE#         78
  C:23B4H         LINE#         79
  C:23B6H         LINE#         81
  C:23C0H         LINE#         82
BL51 BANKED LINKER/LOCATER V6.22                                                      10/13/2017  21:21:44  PAGE 26


  C:23C0H         LINE#         84
  C:23C0H         LINE#         85
  C:23C0H         LINE#         87
  C:23C0H         LINE#         88
  C:23C0H         LINE#         90
  C:23C0H         LINE#         91
  C:23C0H         LINE#         92
  C:23D4H         LINE#         94
  C:23D4H         LINE#         95
  C:23D4H         LINE#         96
  C:23D4H         LINE#         97
  C:23D7H         LINE#         98
  C:23D9H         LINE#         99
  C:23DBH         LINE#         100
  C:23DBH         LINE#         101
  C:23DBH         LINE#         102
  C:23DEH         LINE#         103
  C:23E4H         LINE#         104
  C:23EAH         LINE#         105
  C:23ECH         LINE#         106
  C:23F5H         LINE#         107
  C:23FEH         LINE#         108
  C:23FEH         LINE#         109
  C:23FEH         LINE#         110
  C:2403H         LINE#         111
  C:2403H         LINE#         112
  -------         ENDPROC       APP_WORK_100MS_PRO
  -------         PROC          APP_WORK_PRO
  -------         DO            
  B:0021H.2       SYMBOL        finish_flag
  B:0021H.3       SYMBOL        reps_num_appear_flag
  -------         DO            
  X:0049H         SYMBOL        beep_pt
  -------         ENDDO         
  -------         ENDDO         
  C:053DH         LINE#         114
  C:053DH         LINE#         118
  C:0555H         LINE#         119
  C:0555H         LINE#         121
  C:0555H         LINE#         122
  C:0555H         LINE#         124
  C:056BH         LINE#         125
  C:0574H         LINE#         126
  C:0576H         LINE#         127
  C:0588H         LINE#         128
  C:0588H         LINE#         129
  C:0597H         LINE#         130
  C:05AAH         LINE#         133
  C:05B5H         LINE#         134
  C:05C0H         LINE#         136
  C:05C3H         LINE#         137
  C:05C6H         LINE#         138
  C:05C9H         LINE#         139
  C:05CCH         LINE#         140
  C:05CCH         LINE#         142
  C:05CCH         LINE#         143
  C:05CCH         LINE#         144
BL51 BANKED LINKER/LOCATER V6.22                                                      10/13/2017  21:21:44  PAGE 27


  C:05CFH         LINE#         145
  C:05CFH         LINE#         147
  C:05D2H         LINE#         148
  C:05E7H         LINE#         149
  C:061BH         LINE#         151
  C:061EH         LINE#         152
  C:0655H         LINE#         154
  C:0655H         LINE#         155
  C:0657H         LINE#         156
  C:0667H         LINE#         157
  C:0669H         LINE#         158
  C:0699H         LINE#         159
  C:0699H         LINE#         160
  C:06A8H         LINE#         161
  C:06AAH         LINE#         162
  C:06BCH         LINE#         163
  C:06BCH         LINE#         164
  C:06BCH         LINE#         165
  C:06BEH         LINE#         166
  C:06EAH         LINE#         168
  C:071BH         LINE#         170
  C:072EH         LINE#         171
  C:072EH         LINE#         172
  C:0736H         LINE#         173
  C:0741H         LINE#         174
  C:074CH         LINE#         176
  C:074FH         LINE#         177
  C:0757H         LINE#         179
  C:075AH         LINE#         180
  C:075DH         LINE#         182
  C:075DH         LINE#         183
  C:075DH         LINE#         185
  C:0760H         LINE#         186
  C:0760H         LINE#         187
  C:0763H         LINE#         188
  C:0779H         LINE#         189
  C:07ADH         LINE#         191
  C:07B0H         LINE#         192
  C:07E7H         LINE#         194
  C:07E7H         LINE#         195
  C:07E9H         LINE#         196
  C:07F9H         LINE#         197
  C:07FBH         LINE#         198
  C:0828H         LINE#         199
  C:0828H         LINE#         200
  C:0833H         LINE#         201
  C:0835H         LINE#         202
  C:0843H         LINE#         203
  C:085BH         LINE#         204
  C:0864H         LINE#         205
  C:087CH         LINE#         206
  C:087CH         LINE#         208
  C:087CH         LINE#         209
  C:087CH         LINE#         210
  C:087EH         LINE#         211
  C:08AAH         LINE#         213
  C:08DBH         LINE#         215
BL51 BANKED LINKER/LOCATER V6.22                                                      10/13/2017  21:21:44  PAGE 28


  C:08EEH         LINE#         216
  C:08EEH         LINE#         217
  C:08F6H         LINE#         218
  C:0901H         LINE#         219
  C:090CH         LINE#         221
  C:090FH         LINE#         222
  C:0917H         LINE#         224
  C:091AH         LINE#         225
  C:091DH         LINE#         227
  C:0920H         LINE#         228
  C:0923H         LINE#         230
  C:0923H         LINE#         231
  C:0923H         LINE#         242
  -------         ENDPROC       APP_WORK_PRO
  -------         ENDMOD        APP_WORK

  -------         MODULE        APP_REPEAT_EXE
  C:0000H         SYMBOL        _ICE_DUMMY_
  D:0080H         PUBLIC        P0
  D:0090H         PUBLIC        P1
  D:00A0H         PUBLIC        P2
  D:00B0H         PUBLIC        P3
  C:2EE7H         PUBLIC        _Repeat_SetStart
  D:00D8H         PUBLIC        P5
  D:00A8H         PUBLIC        IE
  C:2EA0H         SYMBOL        Repeat_Stop_exe
  D:00B8H         PUBLIC        IP
  C:2EF3H         PUBLIC        _Repeat_SetStop
  X:0087H         SYMBOL        g_tRepeat
  D:0098H         PUBLIC        SCON
  D:0088H         PUBLIC        TCON
  D:00F8H         PUBLIC        SCON_1
  C:2A3AH         PUBLIC        _Repeat_Start
  D:00E8H         PUBLIC        ADCCON0
  D:00C0H         PUBLIC        I2CON
  D:00C8H         PUBLIC        T2CON
  C:2DFDH         PUBLIC        Repeat_Stop
  C:1AB5H         PUBLIC        Repeat_Pro
  C:2E90H         SYMBOL        Repeat_Start_exe
  D:00D0H         PUBLIC        PSW
  -------         PROC          _REPEAT_SETSTART
  D:0001H         SYMBOL        fun
  C:2EE7H         LINE#         12
  C:2EE7H         LINE#         13
  C:2EF2H         LINE#         14
  -------         ENDPROC       _REPEAT_SETSTART
  -------         PROC          _REPEAT_SETSTOP
  D:0001H         SYMBOL        fun
  C:2EF3H         LINE#         16
  C:2EF3H         LINE#         17
  C:2EFEH         LINE#         18
  -------         ENDPROC       _REPEAT_SETSTOP
  -------         PROC          REPEAT_START_EXE
  C:2E90H         LINE#         20
  C:2E90H         LINE#         21
  C:2E9CH         LINE#         22
  C:2E9FH         LINE#         23
BL51 BANKED LINKER/LOCATER V6.22                                                      10/13/2017  21:21:44  PAGE 29


  C:2E9FH         LINE#         24
  -------         ENDPROC       REPEAT_START_EXE
  -------         PROC          REPEAT_STOP_EXE
  C:2EA0H         LINE#         26
  C:2EA0H         LINE#         27
  C:2EACH         LINE#         28
  C:2EAFH         LINE#         29
  C:2EAFH         LINE#         30
  -------         ENDPROC       REPEAT_STOP_EXE
  -------         PROC          _REPEAT_START
  D:0006H         SYMBOL        _usStartTime
  D:0004H         SYMBOL        _usStopTime
  D:0002H         SYMBOL        _usCycle
  C:2A3AH         LINE#         42
  C:2A3AH         LINE#         43
  C:2A3AH         LINE#         44
  C:2A3EH         LINE#         46
  C:2A3EH         LINE#         48
  C:2A46H         LINE#         49
  C:2A4EH         LINE#         50
  C:2A56H         LINE#         51
  C:2A5BH         LINE#         52
  C:2A5FH         LINE#         53
  C:2A63H         LINE#         54
  C:2A68H         LINE#         56
  C:2A6BH         LINE#         57
  -------         ENDPROC       _REPEAT_START
  -------         PROC          REPEAT_STOP
  C:2DFDH         LINE#         67
  C:2DFDH         LINE#         68
  C:2E02H         LINE#         69
  C:2E05H         LINE#         70
  C:2E0EH         LINE#         71
  -------         ENDPROC       REPEAT_STOP
  -------         PROC          REPEAT_PRO
  C:1AB5H         LINE#         83
  C:1AB5H         LINE#         85
  C:1ABCH         LINE#         86
  C:1ABFH         LINE#         88
  C:1ABFH         LINE#         90
  C:1AD6H         LINE#         92
  C:1AD6H         LINE#         94
  C:1ADCH         LINE#         95
  C:1AE8H         LINE#         96
  C:1AE8H         LINE#         97
  C:1B01H         LINE#         98
  C:1B04H         LINE#         99
  C:1B0BH         LINE#         100
  C:1B10H         LINE#         101
  C:1B10H         LINE#         102
  C:1B11H         LINE#         104
  C:1B11H         LINE#         105
  C:1B19H         LINE#         106
  C:1B31H         LINE#         108
  C:1B40H         LINE#         109
  C:1B53H         LINE#         111
  C:1B58H         LINE#         112
BL51 BANKED LINKER/LOCATER V6.22                                                      10/13/2017  21:21:44  PAGE 30


  C:1B58H         LINE#         114
  C:1B5EH         LINE#         115
  C:1B65H         LINE#         117
  C:1B65H         LINE#         118
  C:1B65H         LINE#         119
  C:1B6CH         LINE#         120
  C:1B70H         LINE#         122
  C:1B73H         LINE#         123
  C:1B73H         LINE#         124
  C:1B73H         LINE#         126
  -------         ENDPROC       REPEAT_PRO
  -------         ENDMOD        APP_REPEAT_EXE

  -------         MODULE        APP_CHARGE
  C:0000H         SYMBOL        _ICE_DUMMY_
  C:2998H         PUBLIC        app_battery_voltage_result
  D:00B1H         PUBLIC        P0M1
  D:00B2H         PUBLIC        P0M2
  D:0080H         PUBLIC        P0
  D:0090H         PUBLIC        P1
  D:00A0H         PUBLIC        P2
  D:00B0H         PUBLIC        P3
  D:00D8H         PUBLIC        P5
  C:2F0BH         PUBLIC        app_charge_Init
  I:0032H         SYMBOL        g_tCharge
  D:00A8H         PUBLIC        IE
  C:2689H         PUBLIC        app_charge_100ms_pro
  D:00B8H         PUBLIC        IP
  B:0022H.2       SYMBOL        result_flag
  B:0080H.1       PUBLIC        P01
  D:0098H         PUBLIC        SCON
  B:00D8H.0       PUBLIC        P50
  D:0088H         PUBLIC        TCON
  B:0080H.7       PUBLIC        P07
  D:00F8H         PUBLIC        SCON_1
  C:2863H         PUBLIC        app_charge_1s_pro
  D:00E8H         PUBLIC        ADCCON0
  D:00E2H         PUBLIC        ADCCON2
  D:00C0H         PUBLIC        I2CON
  D:00C3H         PUBLIC        ADCRH
  D:00C8H         PUBLIC        T2CON
  D:00C2H         PUBLIC        ADCRL
  D:00D0H         PUBLIC        PSW
  -------         PROC          APP_CHARGE_INIT
  C:2F0BH         LINE#         13
  C:2F0BH         LINE#         15
  C:2F0FH         LINE#         17
  C:2F12H         LINE#         18
  C:2F15H         LINE#         20
  -------         ENDPROC       APP_CHARGE_INIT
  -------         PROC          APP_CHARGE_100MS_PRO
  -------         DO            
  B:0022H.1       SYMBOL        flag
  -------         ENDDO         
  C:2689H         LINE#         22
  C:2689H         LINE#         25
  C:2690H         LINE#         26
BL51 BANKED LINKER/LOCATER V6.22                                                      10/13/2017  21:21:44  PAGE 31


  C:2692H         LINE#         28
  C:2692H         LINE#         30
  C:2695H         LINE#         31
  C:26A5H         LINE#         32
  C:26A5H         LINE#         46
  C:26ADH         LINE#         47
  C:26AFH         LINE#         49
  C:26B2H         LINE#         50
  C:26B4H         LINE#         51
  C:26B4H         LINE#         52
  C:26B6H         LINE#         53
  C:26B8H         LINE#         54
  C:26B8H         LINE#         55
  C:26B8H         LINE#         56
  C:26B8H         LINE#         57
  C:26BAH         LINE#         58
  C:26BAH         LINE#         60
  C:26C2H         LINE#         61
  C:26C4H         LINE#         63
  C:26C7H         LINE#         64
  C:26C7H         LINE#         66
  C:26C7H         LINE#         67
  C:26C7H         LINE#         68
  C:26CFH         LINE#         69
  C:26D1H         LINE#         71
  C:26D1H         LINE#         72
  C:26D1H         LINE#         73
  C:26D3H         LINE#         74
  C:26D3H         LINE#         75
  C:26DBH         LINE#         76
  C:26DDH         LINE#         78
  C:26E0H         LINE#         79
  C:26E0H         LINE#         80
  C:26E0H         LINE#         81
  C:26E0H         LINE#         83
  -------         ENDPROC       APP_CHARGE_100MS_PRO
[...]
  -------         PROC          _INITIALUART0_TIMER1_TYPE4
  D:0004H         SYMBOL        u32Baudrate
  C:2B4CH         LINE#         200
  C:2B4CH         LINE#         201
  C:2B4CH         LINE#         202
  C:2B4FH         LINE#         203
  C:2B52H         LINE#         205
  C:2B55H         LINE#         206
  C:2B58H         LINE#         207
  C:2B5BH         LINE#         210
  C:2B73H         LINE#         215
  C:2B75H         LINE#         216
  -------         ENDPROC       _INITIALUART0_TIMER1_TYPE4
  -------         PROC          _INITIALUART0_TIMER3_TYPE5
  X:00B5H         SYMBOL        u32Baudrate
  C:227AH         LINE#         218
  C:2280H         LINE#         219
  C:2280H         LINE#         220
  C:2283H         LINE#         221
  C:2286H         LINE#         222
  C:2289H         LINE#         223
  C:228CH         LINE#         226
  C:22BAH         LINE#         227
  C:22D9H         LINE#         233
  C:22DCH         LINE#         234
  -------         ENDPROC       _INITIALUART0_TIMER3_TYPE5
  -------         PROC          _INITIALUART0_TIMER3_TYPE6
  X:00B9H         SYMBOL        u32Baudrate
  C:22DDH         LINE#         236
  C:22E3H         LINE#         237
BL51 BANKED LINKER/LOCATER V6.22                                                      10/13/2017  21:21:44  PAGE 70


  C:22E3H         LINE#         238
  C:22E6H         LINE#         239
  C:22E9H         LINE#         240
  C:22ECH         LINE#         241
  C:22EFH         LINE#         244
  C:231DH         LINE#         245
  C:233CH         LINE#         251
  C:233FH         LINE#         252
  -------         ENDPROC       _INITIALUART0_TIMER3_TYPE6
  -------         PROC          _INITIALUART1_TIMER3
  X:0049H         SYMBOL        u32Baudrate
  C:24C4H         LINE#         254
  C:24CAH         LINE#         255
  C:24CAH         LINE#         256
  C:24CDH         LINE#         257
  C:24D0H         LINE#         260
  C:24FEH         LINE#         261
  C:251DH         LINE#         267
  C:2520H         LINE#         268
  -------         ENDPROC       _INITIALUART1_TIMER3
  -------         PROC          RECEIVE_DATA_FROM_UART0
  -------         DO            
  D:0007H         SYMBOL        c
  -------         ENDDO         
  C:2F56H         LINE#         280
  C:2F56H         LINE#         283
  C:2F59H         LINE#         285
  C:2F5BH         LINE#         286
  C:2F5DH         LINE#         287
  C:2F5DH         LINE#         288
  -------         ENDPROC       RECEIVE_DATA_FROM_UART0
  -------         PROC          _SEND_DATA_TO_UART0
  D:0007H         SYMBOL        c
  C:2F5EH         LINE#         300
  C:2F5EH         LINE#         301
  C:2F60H         LINE#         302
  C:2F62H         LINE#         303
  C:2F65H         LINE#         305
  -------         ENDPROC       _SEND_DATA_TO_UART0
  -------         PROC          RECEIVE_DATA_FROM_UART1
  -------         DO            
  D:0007H         SYMBOL        c
  -------         ENDDO         
  C:2F66H         LINE#         317
  C:2F66H         LINE#         320
  C:2F69H         LINE#         322
  C:2F6BH         LINE#         323
  C:2F6DH         LINE#         324
  C:2F6DH         LINE#         325
  -------         ENDPROC       RECEIVE_DATA_FROM_UART1
  -------         PROC          _SEND_DATA_TO_UART1
  D:0007H         SYMBOL        c
  C:2F6EH         LINE#         337
  C:2F6EH         LINE#         338
  C:2F70H         LINE#         339
  C:2F72H         LINE#         340
  C:2F75H         LINE#         342
BL51 BANKED LINKER/LOCATER V6.22                                                      10/13/2017  21:21:44  PAGE 71


  -------         ENDPROC       _SEND_DATA_TO_UART1
  -------         PROC          SET_ALL_GPIO_QUASI_MODE
  C:2D54H         LINE#         344
  C:2D54H         LINE#         345
  C:2D57H         LINE#         346
  C:2D59H         LINE#         347
  C:2D5BH         LINE#         348
  C:2D5DH         LINE#         349
  C:2D5FH         LINE#         350
  C:2D61H         LINE#         351
  C:2D63H         LINE#         352
  C:2D65H         LINE#         353
  C:2D67H         LINE#         354
  C:2D69H         LINE#         355
  C:2D6BH         LINE#         356
  C:2D6DH         LINE#         357
  -------         ENDPROC       SET_ALL_GPIO_QUASI_MODE
  -------         PROC          SET_ALL_GPIO_INPUT_MODE
  C:2CDFH         LINE#         359
  C:2CDFH         LINE#         360
  C:2CE2H         LINE#         361
  C:2CE5H         LINE#         362
  C:2CE8H         LINE#         363
  C:2CEAH         LINE#         364
  C:2CEDH         LINE#         365
  C:2CEFH         LINE#         366
  C:2CF2H         LINE#         367
  C:2CF4H         LINE#         368
  C:2CF7H         LINE#         369
  C:2CF9H         LINE#         370
  C:2CFCH         LINE#         371
  C:2CFEH         LINE#         372
  -------         ENDPROC       SET_ALL_GPIO_INPUT_MODE
  -------         PROC          SW_RESET
  C:2D6EH         LINE#         375
  C:2D6EH         LINE#         376
  C:2D71H         LINE#         377
  C:2D74H         LINE#         378
  C:2D87H         LINE#         379
  -------         ENDPROC       SW_RESET
  -------         PROC          FSYS_CLOCK_OUTPUT_ON_P26
  C:3051H         LINE#         381
  C:3051H         LINE#         382
  C:3054H         LINE#         383
  -------         ENDPROC       FSYS_CLOCK_OUTPUT_ON_P26
  -------         PROC          _PUTCHAR
  D:0007H         SYMBOL        c
  C:295BH         LINE#         392
  C:295BH         LINE#         430
  C:2960H         LINE#         431
  C:2963H         LINE#         432
  C:2968H         LINE#         433
  C:2968H         LINE#         434
  C:296AH         LINE#         435
  C:296DH         LINE#         437
  C:2972H         LINE#         438
  C:2974H         LINE#         439
BL51 BANKED LINKER/LOCATER V6.22                                                      10/13/2017  21:21:44  PAGE 72


  C:2974H         LINE#         440
  C:2974H         LINE#         441
  C:2977H         LINE#         443
  C:2979H         LINE#         444
  C:297CH         LINE#         445
  C:297CH         LINE#         446
  C:297FH         LINE#         447
  C:2984H         LINE#         448
  C:2984H         LINE#         449
  C:2986H         LINE#         450
  C:2989H         LINE#         452
  C:298EH         LINE#         453
  C:2990H         LINE#         454
  C:2990H         LINE#         455
  C:2990H         LINE#         456
  C:2993H         LINE#         458
  C:2995H         LINE#         459
  C:2997H         LINE#         461
  -------         ENDPROC       _PUTCHAR
  -------         ENDMOD        COMMON

  -------         MODULE        DELAY
  C:0000H         SYMBOL        _ICE_DUMMY_
  D:0080H         PUBLIC        P0
  D:0090H         PUBLIC        P1
  D:00A0H         PUBLIC        P2
  D:00B0H         PUBLIC        P3
  D:008FH         PUBLIC        WKCON
  D:00D8H         PUBLIC        P5
  D:00A8H         PUBLIC        IE
  D:00B8H         PUBLIC        IP
  C:25D7H         PUBLIC        _Timer0_Delay1ms
  C:2630H         PUBLIC        _Timer1_Delay1ms
  C:257CH         PUBLIC        _Timer3_Delay1ms
  D:0098H         PUBLIC        SCON
  D:0089H         PUBLIC        TMOD
  D:0088H         PUBLIC        TCON
  C:1F45H         PUBLIC        _?Random_Delay
  C:2C9EH         PUBLIC        _Delay10us
  D:00F8H         PUBLIC        SCON_1
  B:0088H.5       PUBLIC        TF0
  B:0088H.7       PUBLIC        TF1
  D:008CH         PUBLIC        TH0
  D:00C6H         PUBLIC        R3H
  D:008DH         PUBLIC        TH1
  D:008AH         PUBLIC        TL0
  C:2404H         PUBLIC        _WakeUp_Timer_Delay25ms
  D:00C5H         PUBLIC        R3L
  D:008BH         PUBLIC        TL1
  B:0088H.4       PUBLIC        TR0
  B:0088H.6       PUBLIC        TR1
  D:00E8H         PUBLIC        ADCCON0
  D:00C0H         PUBLIC        I2CON
  D:00C8H         PUBLIC        T2CON
  D:00C4H         PUBLIC        T3CON
  D:008EH         PUBLIC        CKCON
  D:0086H         PUBLIC        RWK
BL51 BANKED LINKER/LOCATER V6.22                                                      10/13/2017  21:21:44  PAGE 73


  D:00D0H         PUBLIC        PSW
  -------         PROC          _?RANDOM_DELAY
  -------         DO            
  x:0000H         SYMBOL        u32CNT
  x:0004H         SYMBOL        u32Tmp
  -------         ENDDO         
  C:1F45H         LINE#         36
  C:1F4BH         LINE#         37
  C:1F4BH         LINE#         41
  C:1F76H         LINE#         42
  C:1F76H         LINE#         43
  C:1F9BH         LINE#         44
  C:1FC2H         LINE#         45
  -------         ENDPROC       _?RANDOM_DELAY
  -------         PROC          _DELAY10US
  D:0006H         SYMBOL        u16CNT
  C:2C9EH         LINE#         47
  C:2C9EH         LINE#         48
  C:2CA1H         LINE#         49
  C:2CA4H         LINE#         50
  C:2CA6H         LINE#         51
  C:2CAAH         LINE#         52
  C:2CADH         LINE#         53
  C:2CB0H         LINE#         54
  C:2CB3H         LINE#         56
  C:2CB5H         LINE#         57
  C:2CBAH         LINE#         58
  C:2CBCH         LINE#         59
  C:2CBEH         LINE#         60
  -------         ENDPROC       _DELAY10US
  -------         PROC          _TIMER0_DELAY1MS
  X:00BDH         SYMBOL        u32CNT
  C:25D7H         LINE#         62
  C:25DDH         LINE#         63
  C:25E0H         LINE#         64
  C:25E3H         LINE#         65
  C:25E5H         LINE#         66
  C:25FEH         LINE#         67
  C:2601H         LINE#         68
  C:2604H         LINE#         69
  C:2607H         LINE#         71
  C:2609H         LINE#         72
  C:262BH         LINE#         73
  C:262DH         LINE#         74
  C:262FH         LINE#         75
  -------         ENDPROC       _TIMER0_DELAY1MS
  -------         PROC          _TIMER1_DELAY1MS
  X:00C1H         SYMBOL        u32CNT
  C:2630H         LINE#         77
  C:2636H         LINE#         78
  C:2639H         LINE#         79
  C:263CH         LINE#         80
  C:263EH         LINE#         81
  C:2657H         LINE#         82
  C:265AH         LINE#         83
  C:265DH         LINE#         84
  C:2660H         LINE#         86
BL51 BANKED LINKER/LOCATER V6.22                                                      10/13/2017  21:21:44  PAGE 74


  C:2662H         LINE#         87
  C:2684H         LINE#         88
  C:2686H         LINE#         89
  C:2688H         LINE#         90
  -------         ENDPROC       _TIMER1_DELAY1MS
  -------         PROC          _TIMER3_DELAY1MS
  X:00C5H         SYMBOL        u32CNT
  C:257CH         LINE#         92
  C:2582H         LINE#         93
  C:2585H         LINE#         94
  C:2588H         LINE#         95
  C:25A1H         LINE#         96
  C:25A4H         LINE#         97
  C:25A7H         LINE#         98
  C:25ACH         LINE#         100
  C:25AFH         LINE#         101
  C:25D1H         LINE#         102
  C:25D3H         LINE#         103
  C:25D6H         LINE#         104
  -------         ENDPROC       _TIMER3_DELAY1MS
  -------         PROC          _WAKEUP_TIMER_DELAY25MS
  X:00C9H         SYMBOL        u32CNT
  C:2404H         LINE#         106
  C:240AH         LINE#         107
  C:240AH         LINE#         108
  C:240DH         LINE#         109
  C:2410H         LINE#         110
  C:2413H         LINE#         112
  C:2416H         LINE#         114
  C:2419H         LINE#         115
  C:241CH         LINE#         116
  C:2435H         LINE#         117
  C:243AH         LINE#         119
  C:243DH         LINE#         120
  C:245FH         LINE#         121
  C:2461H         LINE#         122
  C:2464H         LINE#         123
  -------         ENDPROC       _WAKEUP_TIMER_DELAY25MS
  -------         ENDMOD        DELAY

  -------         MODULE        VERSION
  C:0000H         SYMBOL        _ICE_DUMMY_
  D:0080H         PUBLIC        P0
  D:0090H         PUBLIC        P1
  D:00A0H         PUBLIC        P2
  D:00B0H         PUBLIC        P3
  D:00D8H         PUBLIC        P5
  D:00A8H         PUBLIC        IE
  D:00B8H         PUBLIC        IP
  D:0098H         PUBLIC        SCON
  D:0088H         PUBLIC        TCON
  D:00F8H         PUBLIC        SCON_1
  C:2465H         PUBLIC        Show_FW_Version_Number_To_PC
  D:00E8H         PUBLIC        ADCCON0
  D:00C0H         PUBLIC        I2CON
  D:00C8H         PUBLIC        T2CON
  D:00D0H         PUBLIC        PSW
BL51 BANKED LINKER/LOCATER V6.22                                                      10/13/2017  21:21:44  PAGE 75


  -------         PROC          SHOW_FW_VERSION_NUMBER_TO_PC
  C:2465H         LINE#         32
  C:2465H         LINE#         33
  C:2465H         LINE#         34
  C:246EH         LINE#         35
  C:2477H         LINE#         36
  C:2480H         LINE#         37
  C:249AH         LINE#         38
  C:24BBH         LINE#         39
  -------         ENDPROC       SHOW_FW_VERSION_NUMBER_TO_PC
  -------         ENDMOD        VERSION

  -------         MODULE        ?C_STARTUP
  C:1E1BH         SEGMENT       ?C_C51STARTUP
  I:0036H         SEGMENT       ?STACK
  C:0000H         PUBLIC        ?C_STARTUP
  D:00E0H         SYMBOL        ACC
  D:00F0H         SYMBOL        B
  D:0083H         SYMBOL        DPH
  D:0082H         SYMBOL        DPL
  N:0000H         SYMBOL        IBPSTACK
  N:0100H         SYMBOL        IBPSTACKTOP
  N:0080H         SYMBOL        IDATALEN
  C:1E1EH         SYMBOL        IDATALOOP
  N:0000H         SYMBOL        PBPSTACK
  N:0000H         SYMBOL        PBPSTACKTOP
  N:0000H         SYMBOL        PDATALEN
  N:0000H         SYMBOL        PDATASTART
  N:0000H         SYMBOL        PPAGE
  N:0000H         SYMBOL        PPAGEENABLE
  D:00A0H         SYMBOL        PPAGE_SFR
  D:0081H         SYMBOL        SP
  C:1E1BH         SYMBOL        STARTUP1
  N:0000H         SYMBOL        XBPSTACK
  N:0000H         SYMBOL        XBPSTACKTOP
  N:00FFH         SYMBOL        XDATALEN
  C:1E29H         SYMBOL        XDATALOOP
  N:0000H         SYMBOL        XDATASTART
  C:0000H         LINE#         92
  C:1E1BH         LINE#         99
  C:1E1DH         LINE#         100
  C:1E1EH         LINE#         101
  C:1E1FH         LINE#         102
  C:1E21H         LINE#         106
  C:1E24H         LINE#         107
  C:1E26H         LINE#         109
  C:1E28H         LINE#         113
  C:1E29H         LINE#         114
  C:1E2AH         LINE#         115
  C:1E2BH         LINE#         116
  C:1E2DH         LINE#         117
  C:1E2FH         LINE#         151
  C:1E32H         LINE#         155
  -------         ENDMOD        ?C_STARTUP

  -------         MODULE        ?C?COPY
  C:012EH         PUBLIC        ?C?COPY
BL51 BANKED LINKER/LOCATER V6.22                                                      10/13/2017  21:21:44  PAGE 76


  -------         ENDMOD        ?C?COPY

  -------         MODULE        ?C?CLDOPTR
  C:0154H         PUBLIC        ?C?CLDOPTR
  -------         ENDMOD        ?C?CLDOPTR

  -------         MODULE        ?C?CILDOPTR
  C:0181H         PUBLIC        ?C?CILDOPTR
  -------         ENDMOD        ?C?CILDOPTR

  -------         MODULE        ?C?CSTPTR
  C:01B4H         PUBLIC        ?C?CSTPTR
  -------         ENDMOD        ?C?CSTPTR

  -------         MODULE        ?C?CSTOPTR
  C:01C6H         PUBLIC        ?C?CSTOPTR
  -------         ENDMOD        ?C?CSTOPTR

  -------         MODULE        ?C?UIDIV
  C:01E8H         PUBLIC        ?C?UIDIV
  -------         ENDMOD        ?C?UIDIV

  -------         MODULE        ?C?IILDX
  C:023DH         PUBLIC        ?C?IILDX
  -------         ENDMOD        ?C?IILDX

  -------         MODULE        ?C?ILDOPTR
  C:0253H         PUBLIC        ?C?ILDOPTR
  -------         ENDMOD        ?C?ILDOPTR

  -------         MODULE        ?C?IILDOPTR
  C:028BH         PUBLIC        ?C?IILDOPTR
  -------         ENDMOD        ?C?IILDOPTR

  -------         MODULE        ?C?ISTOPTR
  C:02D8H         PUBLIC        ?C?ISTOPTR
  -------         ENDMOD        ?C?ISTOPTR

  -------         MODULE        ?C?ULDIV
  C:0341H         PUBLIC        ?C?ULDIV
  -------         ENDMOD        ?C?ULDIV

  -------         MODULE        ?C?ULCMP
  C:03D3H         PUBLIC        ?C?ULCMP
  -------         ENDMOD        ?C?ULCMP

  -------         MODULE        ?C?ULSHR
  C:03E4H         PUBLIC        ?C?ULSHR
  -------         ENDMOD        ?C?ULSHR

  -------         MODULE        ?C?LSTXDATA
  C:03F7H         PUBLIC        ?C?LSTXDATA
  -------         ENDMOD        ?C?LSTXDATA

  -------         MODULE        ?C?LSTKXDATA
  C:0403H         PUBLIC        ?C?LSTKXDATA
  -------         ENDMOD        ?C?LSTKXDATA
BL51 BANKED LINKER/LOCATER V6.22                                                      10/13/2017  21:21:44  PAGE 77



  -------         MODULE        ?C?PLDPTR
  C:0434H         PUBLIC        ?C?PLDPTR
  -------         ENDMOD        ?C?PLDPTR

  -------         MODULE        ?C?ICALL
  C:0454H         PUBLIC        ?C?ICALL
  C:0458H         PUBLIC        ?C?ICALL2
  -------         ENDMOD        ?C?ICALL

  -------         MODULE        ?C_XBP
  D:000DH         PUBLIC        ?C_XBP
  -------         ENDMOD        ?C_XBP

  -------         MODULE        ?C?ADDXBP
  C:045AH         PUBLIC        ?C?ADDXBP
  -------         ENDMOD        ?C?ADDXBP

  -------         MODULE        ?C?XBPOFF
  C:047EH         PUBLIC        ?C?XBPOFF
  -------         ENDMOD        ?C?XBPOFF

  -------         MODULE        PRINTF
  X:004CH         PUBLIC        ?_PRINTF517?BYTE
  X:004CH         PUBLIC        ?_PRINTF?BYTE
  X:004CH         PUBLIC        ?_SPRINTF517?BYTE
  X:004CH         PUBLIC        ?_SPRINTF?BYTE
  C:0D29H         PUBLIC        _PRINTF
  C:0D29H         PUBLIC        _PRINTF517
  C:0D23H         PUBLIC        _SPRINTF
  C:0D23H         PUBLIC        _SPRINTF517
  -------         ENDMOD        PRINTF

  -------         MODULE        ?C?MEMSET
  C:048BH         PUBLIC        ?C?MEMSET
  -------         ENDMOD        ?C?MEMSET

  -------         MODULE        ?C?CLDPTR
  C:04B7H         PUBLIC        ?C?CLDPTR
  -------         ENDMOD        ?C?CLDPTR

  -------         MODULE        ?C?PLDIDATA
  C:04D0H         PUBLIC        ?C?PLDIDATA
  -------         ENDMOD        ?C?PLDIDATA

  -------         MODULE        ?C?PLDXDATA
  C:04D9H         PUBLIC        ?C?PLDXDATA
  -------         ENDMOD        ?C?PLDXDATA

  -------         MODULE        ?C?PLDIXDATA
  C:04E2H         PUBLIC        ?C?PLDIXDATA
  -------         ENDMOD        ?C?PLDIXDATA

  -------         MODULE        ?C?PSTXDATA
  C:04F9H         PUBLIC        ?C?PSTXDATA
  -------         ENDMOD        ?C?PSTXDATA

BL51 BANKED LINKER/LOCATER V6.22                                                      10/13/2017  21:21:44  PAGE 78


  -------         MODULE        ?C?PLDPDATA
  C:0502H         PUBLIC        ?C?PLDPDATA
  -------         ENDMOD        ?C?PLDPDATA

  -------         MODULE        ?C?PLDCODE
  C:050BH         PUBLIC        ?C?PLDCODE
  -------         ENDMOD        ?C?PLDCODE

  -------         MODULE        ?C?CCASE
  C:0517H         PUBLIC        ?C?CCASE
  -------         ENDMOD        ?C?CCASE

Program Size: data=52.7 xdata=208 code=12387
LINK/LOCATE RUN COMPLETE.  0 WARNING(S),  0 ERROR(S)
