BL51 BANKED LINKER/LOCATER V6.22                                                        08/23/2017  22:34:22  PAGE 1


BL51 BANKED LINKER/LOCATER V6.22, INVOKED BY:
C:\KEIL_V5\C51\BIN\BL51.EXE .\Out\Objects\main.obj, .\Out\Objects\app_key.obj, .\Out\Objects\app_work.obj, .\Out\Objects
>> \app_repeat_exe.obj, .\Out\Objects\app_charge.obj, .\Out\Objects\app_battery.obj, .\Out\Objects\bsp.obj, .\Out\Object
>> s\bsp_beep.obj, .\Out\Objects\bsp_key.obj, .\Out\Objects\bsp_bright.obj, .\Out\Objects\bsp_bt.obj, .\Out\Objects\bsp_
>> display.obj, .\Out\Objects\bsp_hall.obj, .\Out\Objects\bsp_uart.obj, .\Out\Objects\bsp_timer0.obj, .\Out\Objects\bsp_
>> timer1.obj, .\Out\Objects\bsp_adc.obj, .\Out\Objects\Common.obj, .\Out\Objects\Delay.obj, .\Out\Objects\Version.obj, 
>> .\Out\Objects\STARTUP.obj TO .\Out\Objects\project PRINT (.\Out\Listings\project.m51) RAMSIZE (256) DISABLEWARNING (1
>> 6)


MEMORY MODEL: LARGE


INPUT MODULES INCLUDED:
  .\Out\Objects\main.obj (MAIN)
  .\Out\Objects\app_key.obj (APP_KEY)
  .\Out\Objects\app_work.obj (APP_WORK)
  .\Out\Objects\app_repeat_exe.obj (APP_REPEAT_EXE)
  .\Out\Objects\app_charge.obj (APP_CHARGE)
  .\Out\Objects\app_battery.obj (APP_BATTERY)
  .\Out\Objects\bsp.obj (BSP)
  .\Out\Objects\bsp_beep.obj (BSP_BEEP)
  .\Out\Objects\bsp_key.obj (BSP_KEY)
  .\Out\Objects\bsp_bright.obj (BSP_BRIGHT)
  .\Out\Objects\bsp_bt.obj (BSP_BT)
  .\Out\Objects\bsp_display.obj (BSP_DISPLAY)
  .\Out\Objects\bsp_hall.obj (BSP_HALL)
  .\Out\Objects\bsp_uart.obj (BSP_UART)
  .\Out\Objects\bsp_timer0.obj (BSP_TIMER0)
  .\Out\Objects\bsp_timer1.obj (BSP_TIMER1)
  .\Out\Objects\bsp_adc.obj (BSP_ADC)
  .\Out\Objects\Common.obj (COMMON)
  .\Out\Objects\Delay.obj (DELAY)
  .\Out\Objects\Version.obj (VERSION)
  .\Out\Objects\STARTUP.obj (?C_STARTUP)
  C:\KEIL_V5\C51\LIB\C51L.LIB (?C_INIT)
  C:\KEIL_V5\C51\LIB\C51L.LIB (?C?CLDOPTR)
  C:\KEIL_V5\C51\LIB\C51L.LIB (?C?CILDOPTR)
  C:\KEIL_V5\C51\LIB\C51L.LIB (?C?CSTPTR)
  C:\KEIL_V5\C51\LIB\C51L.LIB (?C?CSTOPTR)
  C:\KEIL_V5\C51\LIB\C51L.LIB (?C?UIDIV)
  C:\KEIL_V5\C51\LIB\C51L.LIB (?C?IILDX)
  C:\KEIL_V5\C51\LIB\C51L.LIB (?C?ILDOPTR)
  C:\KEIL_V5\C51\LIB\C51L.LIB (?C?IILDOPTR)
  C:\KEIL_V5\C51\LIB\C51L.LIB (?C?ISTOPTR)
  C:\KEIL_V5\C51\LIB\C51L.LIB (?C?ULDIV)
  C:\KEIL_V5\C51\LIB\C51L.LIB (?C?ULCMP)
  C:\KEIL_V5\C51\LIB\C51L.LIB (?C?ULSHR)
  C:\KEIL_V5\C51\LIB\C51L.LIB (?C?LSTXDATA)
  C:\KEIL_V5\C51\LIB\C51L.LIB (?C?LSTKXDATA)
  C:\KEIL_V5\C51\LIB\C51L.LIB (?C?PLDPTR)
  C:\KEIL_V5\C51\LIB\C51L.LIB (?C?ICALL)
  C:\KEIL_V5\C51\LIB\C51L.LIB (?C_XBP)
  C:\KEIL_V5\C51\LIB\C51L.LIB (?C?ADDXBP)
  C:\KEIL_V5\C51\LIB\C51L.LIB (?C?XBPOFF)
  C:\KEIL_V5\C51\LIB\C51L.LIB (PRINTF)
  C:\KEIL_V5\C51\LIB\C51L.LIB (?C?CLDPTR)
  C:\KEIL_V5\C51\LIB\C51L.LIB (?C?PLDIDATA)
BL51 BANKED LINKER/LOCATER V6.22                                                      08/23/2017  22:34:22  PAGE 2


  C:\KEIL_V5\C51\LIB\C51L.LIB (?C?PLDXDATA)
  C:\KEIL_V5\C51\LIB\C51L.LIB (?C?PLDIXDATA)
  C:\KEIL_V5\C51\LIB\C51L.LIB (?C?PSTXDATA)
  C:\KEIL_V5\C51\LIB\C51L.LIB (?C?PLDPDATA)
  C:\KEIL_V5\C51\LIB\C51L.LIB (?C?PLDCODE)
  C:\KEIL_V5\C51\LIB\C51L.LIB (?C?CCASE)


LINK MAP OF MODULE:  .\Out\Objects\project (MAIN)


            TYPE    BASE      LENGTH    RELOCATION   SEGMENT NAME
            -----------------------------------------------------

            * * * * * * *   D A T A   M E M O R Y   * * * * * * *
            REG     0000H     0008H     ABSOLUTE     "REG BANK 0"
            DATA    0008H     0005H     UNIT         _DATA_GROUP_
            DATA    000DH     0002H     UNIT         ?C?LIB_DATA
            IDATA   000FH     000EH     UNIT         ?ID?BSP_BEEP
                    001DH     0003H                  *** GAP ***
            BIT     0020H.0   0001H.2   UNIT         _BIT_GROUP_
            BIT     0021H.2   0000H.3   UNIT         ?BI?APP_WORK
            BIT     0021H.5   0000H.2   UNIT         ?BI?APP_CHARGE
            BIT     0021H.7   0000H.1   UNIT         ?BI?APP_KEY
            BIT     0022H.0   0000H.1   UNIT         ?BI?BSP
            BIT     0022H.1   0000H.1   UNIT         ?BI?BSP_BEEP
            BIT     0022H.2   0000H.1   UNIT         ?BI?BSP_HALL
            BIT     0022H.3   0000H.1   UNIT         ?BI?_GET_DATA_FROM_UART1?BSP_UART
            BIT     0022H.4   0000H.1   UNIT         ?BI?BSP_UART
                    0022H.5   0000H.3                *** GAP ***
            IDATA   0023H     0004H     UNIT         ?ID?APP_CHARGE
            IDATA   0027H     0001H     UNIT         ?STACK

            * * * * * * *  X D A T A   M E M O R Y  * * * * * * *
            XDATA   0000H     0047H     UNIT         ?XD?BSP_KEY
            XDATA   0047H     002AH     UNIT         _XDATA_GROUP_
            XDATA   0071H     0012H     UNIT         ?XD?APP_WORK
            XDATA   0083H     0012H     UNIT         ?XD?APP_REPEAT_EXE
            XDATA   0095H     0009H     UNIT         ?XD?BSP_TIMER0
            XDATA   009EH     0006H     UNIT         ?XD?APP_KEY
            XDATA   00A4H     0004H     UNIT         ?XD?BSP_HALL
            XDATA   00A8H     0004H     UNIT         ?XD?_INITIALUART0_TIMER3_TYPE5?COMMON
            XDATA   00ACH     0004H     UNIT         ?XD?_INITIALUART0_TIMER3_TYPE6?COMMON
            XDATA   00B0H     0004H     UNIT         ?XD?_TIMER0_DELAY1MS?DELAY
            XDATA   00B4H     0004H     UNIT         ?XD?_TIMER1_DELAY1MS?DELAY
            XDATA   00B8H     0004H     UNIT         ?XD?_TIMER3_DELAY1MS?DELAY
            XDATA   00BCH     0004H     UNIT         ?XD?_WAKEUP_TIMER_DELAY25MS?DELAY
            XDATA   00C0H     0002H     UNIT         ?XD?MAIN
            XDATA   00C2H     0001H     UNIT         ?XD?APP_BATTERY

            * * * * * * *   C O D E   M E M O R Y   * * * * * * *
            CODE    0000H     0003H     ABSOLUTE     
            CODE    0003H     0008H     UNIT         ?PR?RECEIVE_DATA_FROM_UART0?COMMON
            CODE    000BH     0003H     ABSOLUTE     
            CODE    000EH     000DH     UNIT         ?PR?APP_WORK_1S_PRO?APP_WORK
            CODE    001BH     0003H     ABSOLUTE     
            CODE    001EH     001DH     UNIT         ?PR?_BSP_PUTKEY?BSP_KEY
BL51 BANKED LINKER/LOCATER V6.22                                                      08/23/2017  22:34:22  PAGE 3


            CODE    003BH     0003H     ABSOLUTE     
            CODE    003EH     001CH     UNIT         ?PR?APP_KEY_INIT?APP_KEY
            CODE    005AH     0001H     UNIT         ?PR?APP_BATTERY_INIT?APP_BATTERY
            CODE    005BH     0003H     ABSOLUTE     
            CODE    005EH     03C2H     UNIT         ?PR?APP_WORK_PRO?APP_WORK
            CODE    0420H     03BDH     UNIT         ?C?LIB_CODE
            CODE    07DDH     0365H     UNIT         ?PR?PRINTF?PRINTF
            CODE    0B42H     0322H     UNIT         ?PR?_LCD_SHOW_CAL_NUM?BSP_DISPLAY
            CODE    0E64H     0253H     UNIT         ?PR?_LCD_SHOW_PULLS_NUM?BSP_DISPLAY
            CODE    10B7H     015EH     UNIT         ?PR?_LCD_SHOW_REP_NUM?BSP_DISPLAY
            CODE    1215H     015AH     UNIT         ?PR?_BSP_DETECTKEY?BSP_KEY
            CODE    136FH     0145H     UNIT         ?PR?_SYSTEM_CLOCK_SELECT?COMMON
            CODE    14B4H     0112H     UNIT         ?CO?VERSION
            CODE    15C6H     00E9H     UNIT         ?PR?APP_KEY_POWER_OR_RETURN?APP_KEY
            CODE    16AFH     00E1H     UNIT         ?PR?_HALL_PRO?BSP_HALL
            CODE    1790H     00BFH     UNIT         ?PR?REPEAT_PRO?APP_REPEAT_EXE
            CODE    184FH     00B2H     UNIT         ?PR?BEEP_PRO?BSP_BEEP
            CODE    1901H     00ABH     UNIT         ?PR?BSP_INITKEYVAR?BSP_KEY
            CODE    19ACH     00A6H     UNIT         ?PR?APP_UI_INIT?APP_KEY
            CODE    1A52H     009AH     UNIT         ?C_C51STARTUP
            CODE    1AECH     0093H     UNIT         ?PR?_APP_KEY_PRO?APP_KEY
            CODE    1B7FH     0091H     UNIT         ?PR?APP_FLASH_SHOW?APP_KEY
            CODE    1C10H     0083H     UNIT         ?PR?_?RANDOM_DELAY?DELAY
            CODE    1C93H     0070H     UNIT         ?PR?MAIN?MAIN
            CODE    1D03H     006CH     UNIT         ?PR?APP_KEY_ADD?APP_KEY
            CODE    1D6FH     006AH     UNIT         ?PR?APP_FLASH_CLEAR?APP_KEY
            CODE    1DD9H     0069H     UNIT         ?PR?TIMER0_ISR?BSP_TIMER0
            CODE    1E42H     0063H     UNIT         ?PR?_INITIALUART0_TIMER3_TYPE5?COMMON
            CODE    1EA5H     0063H     UNIT         ?PR?_INITIALUART0_TIMER3_TYPE6?COMMON
            CODE    1F08H     0062H     UNIT         ?PR?PININTERRUPT_ISR?MAIN
            CODE    1F6AH     0062H     UNIT         ?PR?APP_KEY_SET?APP_KEY
            CODE    1FCCH     0061H     UNIT         ?PR?_WAKEUP_TIMER_DELAY25MS?DELAY
            CODE    202DH     005FH     UNIT         ?PR?SHOW_FW_VERSION_NUMBER_TO_PC?VERSION
            CODE    208CH     005DH     UNIT         ?PR?_INITIALUART1_TIMER3?COMMON
            CODE    20E9H     005BH     UNIT         ?PR?_TIMER3_DELAY1MS?DELAY
            CODE    2144H     005AH     UNIT         ?PR?APP_KEY_OK?APP_KEY
            CODE    219EH     0059H     UNIT         ?PR?_TIMER0_DELAY1MS?DELAY
            CODE    21F7H     0059H     UNIT         ?PR?_TIMER1_DELAY1MS?DELAY
            CODE    2250H     0058H     UNIT         ?PR?APP_CHARGE_100MS_PRO?APP_CHARGE
            CODE    22A8H     0048H     UNIT         ?PR?BSP_HALLINT_OPEN?BSP_HALL
            CODE    22F0H     0044H     UNIT         ?C_INITSEG
            CODE    2334H     003FH     UNIT         ?PR?APP_CHARGE_1S_PRO?APP_CHARGE
            CODE    2373H     003FH     UNIT         ?PR?_BEEP_START?BSP_BEEP
            CODE    23B2H     003DH     UNIT         ?PR?ADC_ISR?MAIN
            CODE    23EFH     003DH     UNIT         ?PR?_PUTCHAR?COMMON
            CODE    242CH     003AH     UNIT         ?PR?APP_BATTERY_VOLTAGE_RESULT?APP_CHARGE
            CODE    2466H     0034H     UNIT         ?PR?_BSP_SETKEYPARAM?BSP_KEY
            CODE    249AH     0032H     UNIT         ?PR?APP_KEY_1S_PRO?APP_KEY
            CODE    24CCH     0032H     UNIT         ?PR?_REPEAT_START?APP_REPEAT_EXE
            CODE    24FEH     0031H     UNIT         ?PR?BSP_INIT?BSP
            CODE    252FH     002EH     UNIT         ?PR?ADC_INIT?BSP_ADC
            CODE    255DH     002DH     UNIT         ?PR?LCD_CLEAR_CAL_NUM?BSP_DISPLAY
            CODE    258AH     002AH     UNIT         ?PR?BSP_GETKEY?BSP_KEY
            CODE    25B4H     002AH     UNIT         ?PR?_INITIALUART0_TIMER1_TYPE3?COMMON
            CODE    25DEH     002AH     UNIT         ?PR?_INITIALUART0_TIMER1_TYPE4?COMMON
            CODE    2608H     0029H     UNIT         ?PR?_INITIALUART0_TIMER1_TYPE1?COMMON
            CODE    2631H     0028H     UNIT         ?PR?APP_KEY_100MS_PRO?APP_KEY
BL51 BANKED LINKER/LOCATER V6.22                                                      08/23/2017  22:34:22  PAGE 4


            CODE    2659H     0028H     UNIT         ?PR?BSP_GETKEY2?BSP_KEY
            CODE    2681H     0028H     UNIT         ?PR?_INITIALUART0_TIMER1_TYPE2?COMMON
            CODE    26A9H     0024H     UNIT         ?PR?QUERY_WORK_SUM?APP_WORK
            CODE    26CDH     0024H     UNIT         ?PR?LCD_DISPLAY_INITHARD?BSP_DISPLAY
            CODE    26F1H     0023H     UNIT         ?PR?LCD_CLEAR_PULLS_NUM?BSP_DISPLAY
            CODE    2714H     0023H     UNIT         ?PR?TIMER0_INITHARD?BSP_TIMER0
            CODE    2737H     0022H     UNIT         ?PR?_LCD_SHOW_ABCD?BSP_DISPLAY
            CODE    2759H     0021H     UNIT         ?PR?BEEP_INITHARD?BSP_BEEP
            CODE    277AH     0021H     UNIT         ?PR?_DELAY10US?DELAY
            CODE    279BH     0020H     UNIT         ?PR?SET_ALL_GPIO_INPUT_MODE?COMMON
            CODE    27BBH     001CH     UNIT         ?PR?WORK_INIT?APP_WORK
            CODE    27D7H     001CH     UNIT         ?PR?APP_BATTERY_1S_PRO?APP_BATTERY
            CODE    27F3H     001CH     UNIT         ?PR?TIMER0_PARAMINIT?BSP_TIMER0
            CODE    280FH     001BH     UNIT         ?PR?BSP_KEYSCAN?BSP_KEY
            CODE    282AH     001AH     UNIT         ?PR?SET_ALL_GPIO_QUASI_MODE?COMMON
            CODE    2844H     001AH     UNIT         ?PR?SW_RESET?COMMON
            CODE    285EH     0019H     UNIT         ?PR?BSP_INITKEYHARD?BSP_KEY
            CODE    2877H     0018H     UNIT         ?PR?LCD_CLEAR_REP_NUM?BSP_DISPLAY
            CODE    288FH     0018H     UNIT         ?PR?BSP_HALL_1S_PRO?BSP_HALL
            CODE    28A7H     0017H     UNIT         ?CO?APP_KEY
            CODE    28BEH     0015H     UNIT         ?PR?BSP_HALLINT_CLOSE?BSP_HALL
            CODE    28D3H     0014H     UNIT         ?PR?REPEAT_STOP?APP_REPEAT_EXE
            CODE    28E7H     0013H     UNIT         ?PR?APP_POWERKEYINT_OPEN?APP_KEY
            CODE    28FAH     0013H     UNIT         ?PR?APP_POWERKEYINT_CLOSE?APP_KEY
            CODE    290DH     0013H     UNIT         ?PR?_GET_DATA_FROM_UART1?BSP_UART
            CODE    2920H     0013H     UNIT         ?PR?TIMER1_INITHARD?BSP_TIMER1
            CODE    2933H     0011H     UNIT         ?PR?_BSP_GETKEYSTATE?BSP_KEY
            CODE    2944H     0011H     UNIT         ?CO?BSP_HALL
            CODE    2955H     0011H     UNIT         ?PR?UART_INITHARD?BSP_UART
            CODE    2966H     0010H     UNIT         ?PR?REPEAT_START_EXE?APP_REPEAT_EXE
            CODE    2976H     0010H     UNIT         ?PR?REPEAT_STOP_EXE?APP_REPEAT_EXE
            CODE    2986H     000DH     UNIT         ?PR?LCD_CLEAR_ALL?BSP_DISPLAY
            CODE    2993H     000DH     UNIT         ?PR?HALL_INITHARD?BSP_HALL
            CODE    29A0H     000CH     UNIT         ?PR?APP_WORK_100MS_PRO?APP_WORK
            CODE    29ACH     000CH     UNIT         ?PR?_REPEAT_SETSTART?APP_REPEAT_EXE
            CODE    29B8H     000CH     UNIT         ?PR?_REPEAT_SETSTOP?APP_REPEAT_EXE
            CODE    29C4H     000CH     UNIT         ?PR?ISKEYDOWN_1AND3?BSP_KEY
            CODE    29D0H     000CH     UNIT         ?PR?HALL_INITVAR?BSP_HALL
            CODE    29DCH     000BH     UNIT         ?PR?APP_CHARGE_INIT?APP_CHARGE
            CODE    29E7H     000AH     UNIT         ?CO?APP_CHARGE
            CODE    29F1H     0009H     UNIT         ?PR?ISKEYDOWN1?BSP_KEY
            CODE    29FAH     0009H     UNIT         ?PR?ISKEYDOWN2?BSP_KEY
            CODE    2A03H     0009H     UNIT         ?PR?ISKEYDOWN3?BSP_KEY
            CODE    2A0CH     0009H     UNIT         ?PR?ISKEYDOWN4?BSP_KEY
            CODE    2A15H     0009H     UNIT         ?PR?BSP_CLEARKEY?BSP_KEY
            CODE    2A1EH     0009H     UNIT         ?PR?BRIGHT_INITHARD?BSP_BRIGHT
            CODE    2A27H     0008H     UNIT         ?PR?_SEND_DATA_TO_UART0?COMMON
            CODE    2A2FH     0008H     UNIT         ?PR?RECEIVE_DATA_FROM_UART1?COMMON
            CODE    2A37H     0008H     UNIT         ?PR?_SEND_DATA_TO_UART1?COMMON
            CODE    2A3FH     0007H     UNIT         ?PR?BEEP_STOP?BSP_BEEP
            CODE    2A46H     0007H     UNIT         ?PR?LCD_CLEAR_BLUETOOTH_ICO?BSP_DISPLAY
            CODE    2A4DH     0007H     UNIT         ?PR?LCD_SHOW_BLUETOOTH_ICO?BSP_DISPLAY
            CODE    2A54H     0007H     UNIT         ?PR?LCD_CLEAR_BLUETOOTH_FILL_ICO?BSP_DISPLAY
            CODE    2A5BH     0007H     UNIT         ?PR?LCD_SHOW_BLUETOOTH_FILL_ICO?BSP_DISPLAY
            CODE    2A62H     0007H     UNIT         ?PR?LCD_CLEAR_LINE_UP?BSP_DISPLAY
            CODE    2A69H     0007H     UNIT         ?PR?LCD_SHOW_LINE_UP?BSP_DISPLAY
            CODE    2A70H     0007H     UNIT         ?PR?LCD_CLEAR_BATTERY_ICO?BSP_DISPLAY
BL51 BANKED LINKER/LOCATER V6.22                                                      08/23/2017  22:34:22  PAGE 5


            CODE    2A77H     0007H     UNIT         ?PR?LCD_SHOW_BATTERY_ICO?BSP_DISPLAY
            CODE    2A7EH     0007H     UNIT         ?PR?LCD_CLEAR_REP_ICO?BSP_DISPLAY
            CODE    2A85H     0007H     UNIT         ?PR?LCD_SHOW_REP_ICO?BSP_DISPLAY
            CODE    2A8CH     0007H     UNIT         ?PR?LCD_CLEAR_ABCD?BSP_DISPLAY
            CODE    2A93H     0007H     UNIT         ?PR?LCD_SHOW_ABCD_ALL?BSP_DISPLAY
            CODE    2A9AH     0007H     UNIT         ?PR?LCD_CLEAR_QS_ICO?BSP_DISPLAY
            CODE    2AA1H     0007H     UNIT         ?PR?LCD_SHOW_QS_ICO?BSP_DISPLAY
            CODE    2AA8H     0007H     UNIT         ?PR?LCD_CLEAR_COACH_ICO?BSP_DISPLAY
            CODE    2AAFH     0007H     UNIT         ?PR?LCD_SHOW_COACH_ICO?BSP_DISPLAY
            CODE    2AB6H     0007H     UNIT         ?PR?LCD_CLEAR_LINE_DOWN?BSP_DISPLAY
            CODE    2ABDH     0007H     UNIT         ?PR?LCD_SHOW_LINE_DOWN?BSP_DISPLAY
            CODE    2AC4H     0007H     UNIT         ?PR?LCD_CLEAR_HEART_ICO?BSP_DISPLAY
            CODE    2ACBH     0007H     UNIT         ?PR?LCD_SHOW_HEART_ICO?BSP_DISPLAY
            CODE    2AD2H     0007H     UNIT         ?PR?LCD_CLEAR_CAL_ICO?BSP_DISPLAY
            CODE    2AD9H     0007H     UNIT         ?PR?LCD_SHOW_CAL_ICO?BSP_DISPLAY
            CODE    2AE0H     0006H     UNIT         ?PR?APP_POWER_OFF?APP_KEY
            CODE    2AE6H     0006H     UNIT         ?PR?APP_KEY_CLEAR_NOOPS_TIMEOUTCNT?APP_KEY
            CODE    2AECH     0006H     UNIT         ?PR?BEEP_ENABLE?BSP_BEEP
            CODE    2AF2H     0006H     UNIT         ?PR?BEEP_DISABLE?BSP_BEEP
            CODE    2AF8H     0006H     UNIT         ?PR?BSP_INITKEY?BSP_KEY
            CODE    2AFEH     0006H     UNIT         ?PR?HALL_INIT?BSP_HALL
            CODE    2B04H     0005H     UNIT         ?PR?HALL_1_INTERRUPT?BSP_HALL
            CODE    2B09H     0005H     UNIT         ?PR?HALL_2_INTERRUPT?BSP_HALL
            CODE    2B0EH     0005H     UNIT         ?PR?HALL_3_INTERRUPT?BSP_HALL
            CODE    2B13H     0004H     UNIT         ?PR?FSYS_CLOCK_OUTPUT_ON_P26?COMMON
            CODE    2B17H     0003H     UNIT         ?PR?APP_POWER_ON?APP_KEY
            CODE    2B1AH     0003H     UNIT         ?PR?APP_BATTERY_DETECTION?APP_BATTERY
            CODE    2B1DH     0003H     UNIT         ?PR?LCD_BRIGHT_OFF?BSP_BRIGHT
            CODE    2B20H     0003H     UNIT         ?PR?LCD_BRIGHT_ON?BSP_BRIGHT
            CODE    2B23H     0001H     UNIT         ?PR?BEEP_KEYTONE?BSP_BEEP
            CODE    2B24H     0001H     UNIT         ?PR?TIMER1_ISR?BSP_TIMER1



OVERLAY MAP OF MODULE:   .\Out\Objects\project (MAIN)


SEGMENT                                             BIT_GROUP          DATA_GROUP          XDATA_GROUP
  +--> CALLED SEGMENT                            START    LENGTH     START    LENGTH     START    LENGTH
--------------------------------------------------------------------------------------------------------
?PR?ADC_ISR?MAIN                                 -----    -----      -----    -----      -----    -----
  +--> ?PR?APP_BATTERY_VOLTAGE_RESULT?APP_CH...

?PR?APP_BATTERY_VOLTAGE_RESULT?APP_CH...         0020H.0  0000H.1    -----    -----      -----    -----

*** NEW ROOT ***************************************************

?PR?PININTERRUPT_ISR?MAIN                        -----    -----      -----    -----      -----    -----
  +--> ?PR?HALL_2_INTERRUPT?BSP_HALL
  +--> ?PR?HALL_1_INTERRUPT?BSP_HALL
  +--> ?PR?HALL_3_INTERRUPT?BSP_HALL

?PR?HALL_2_INTERRUPT?BSP_HALL                    -----    -----      -----    -----      -----    -----
  +--> ?PR?_HALL_PRO?BSP_HALL

?PR?_HALL_PRO?BSP_HALL                           -----    -----      -----    -----      -----    -----
  +--> ?PR?QUERY_WORK_SUM?APP_WORK
BL51 BANKED LINKER/LOCATER V6.22                                                      08/23/2017  22:34:22  PAGE 6



?PR?HALL_1_INTERRUPT?BSP_HALL                    -----    -----      -----    -----      -----    -----
  +--> ?PR?_HALL_PRO?BSP_HALL

?PR?HALL_3_INTERRUPT?BSP_HALL                    -----    -----      -----    -----      -----    -----
  +--> ?PR?_HALL_PRO?BSP_HALL

*** NEW ROOT ***************************************************

?C_C51STARTUP                                    -----    -----      -----    -----      -----    -----
  +--> ?PR?MAIN?MAIN
  +--> ?C_INITSEG

?PR?MAIN?MAIN                                    -----    -----      -----    -----      0047H    0001H
  +--> ?PR?_SYSTEM_CLOCK_SELECT?COMMON
  +--> ?PR?BSP_INIT?BSP
  +--> ?PR?WORK_INIT?APP_WORK
  +--> ?PR?APP_KEY_INIT?APP_KEY
  +--> ?PR?APP_CHARGE_INIT?APP_CHARGE
  +--> ?PR?BEEP_PRO?BSP_BEEP
  +--> ?PR?BSP_KEYSCAN?BSP_KEY
  +--> ?PR?APP_KEY_100MS_PRO?APP_KEY
  +--> ?PR?APP_WORK_100MS_PRO?APP_WORK
  +--> ?PR?APP_CHARGE_100MS_PRO?APP_CHARGE
  +--> ?PR?REPEAT_PRO?APP_REPEAT_EXE
  +--> ?PR?APP_KEY_1S_PRO?APP_KEY
  +--> ?PR?APP_WORK_1S_PRO?APP_WORK
  +--> ?PR?APP_CHARGE_1S_PRO?APP_CHARGE
  +--> ?PR?APP_BATTERY_1S_PRO?APP_BATTERY
  +--> ?PR?BSP_HALL_1S_PRO?BSP_HALL
  +--> ?PR?BSP_GETKEY?BSP_KEY
  +--> ?PR?_APP_KEY_PRO?APP_KEY

?PR?BSP_INIT?BSP                                 -----    -----      -----    -----      -----    -----
  +--> ?PR?SET_ALL_GPIO_INPUT_MODE?COMMON
  +--> ?PR?ADC_INIT?BSP_ADC
  +--> ?PR?BSP_INITKEY?BSP_KEY
  +--> ?PR?HALL_INIT?BSP_HALL
  +--> ?PR?BRIGHT_INITHARD?BSP_BRIGHT
  +--> ?PR?BEEP_INITHARD?BSP_BEEP
  +--> ?PR?LCD_DISPLAY_INITHARD?BSP_DISPLAY
  +--> ?PR?TIMER0_INITHARD?BSP_TIMER0
  +--> ?PR?UART_INITHARD?BSP_UART

?PR?BSP_INITKEY?BSP_KEY                          -----    -----      -----    -----      -----    -----
  +--> ?PR?BSP_INITKEYVAR?BSP_KEY
  +--> ?PR?BSP_INITKEYHARD?BSP_KEY

?PR?BSP_INITKEYVAR?BSP_KEY                       -----    -----      -----    -----      -----    -----
  +--> ?PR?ISKEYDOWN1?BSP_KEY
  +--> ?PR?ISKEYDOWN2?BSP_KEY
  +--> ?PR?ISKEYDOWN3?BSP_KEY
  +--> ?PR?ISKEYDOWN4?BSP_KEY
  +--> ?PR?ISKEYDOWN_1AND3?BSP_KEY

?PR?HALL_INIT?BSP_HALL                           -----    -----      -----    -----      -----    -----
  +--> ?PR?HALL_INITHARD?BSP_HALL
BL51 BANKED LINKER/LOCATER V6.22                                                      08/23/2017  22:34:22  PAGE 7


  +--> ?PR?HALL_INITVAR?BSP_HALL

?PR?HALL_INITHARD?BSP_HALL                       -----    -----      -----    -----      -----    -----
  +--> ?PR?BSP_HALLINT_OPEN?BSP_HALL

?PR?BRIGHT_INITHARD?BSP_BRIGHT                   -----    -----      -----    -----      -----    -----
  +--> ?PR?LCD_BRIGHT_ON?BSP_BRIGHT

?PR?LCD_DISPLAY_INITHARD?BSP_DISPLAY             -----    -----      -----    -----      -----    -----
  +--> ?PR?LCD_CLEAR_ALL?BSP_DISPLAY

?PR?TIMER0_INITHARD?BSP_TIMER0                   -----    -----      -----    -----      -----    -----
  +--> ?PR?TIMER0_PARAMINIT?BSP_TIMER0

?PR?UART_INITHARD?BSP_UART                       -----    -----      -----    -----      -----    -----
  +--> ?PR?_INITIALUART1_TIMER3?COMMON

?PR?_INITIALUART1_TIMER3?COMMON                  -----    -----      -----    -----      0048H    0004H

?PR?APP_KEY_INIT?APP_KEY                         -----    -----      -----    -----      -----    -----
  +--> ?PR?APP_POWERKEYINT_CLOSE?APP_KEY
  +--> ?PR?BSP_HALLINT_OPEN?BSP_HALL
  +--> ?PR?APP_UI_INIT?APP_KEY

?PR?APP_UI_INIT?APP_KEY                          -----    -----      -----    -----      -----    -----
  +--> ?PR?_LCD_SHOW_PULLS_NUM?BSP_DISPLAY
  +--> ?PR?_LCD_SHOW_CAL_NUM?BSP_DISPLAY
  +--> ?PR?LCD_SHOW_LINE_UP?BSP_DISPLAY
  +--> ?PR?LCD_CLEAR_REP_ICO?BSP_DISPLAY
  +--> ?PR?LCD_CLEAR_ABCD?BSP_DISPLAY
  +--> ?PR?LCD_SHOW_CAL_ICO?BSP_DISPLAY
  +--> ?PR?LCD_CLEAR_QS_ICO?BSP_DISPLAY
  +--> ?PR?LCD_CLEAR_COACH_ICO?BSP_DISPLAY
  +--> ?PR?LCD_SHOW_REP_ICO?BSP_DISPLAY
  +--> ?PR?_LCD_SHOW_ABCD?BSP_DISPLAY
  +--> ?PR?REPEAT_STOP?APP_REPEAT_EXE
  +--> ?PR?LCD_SHOW_QS_ICO?BSP_DISPLAY
  +--> ?PR?_REPEAT_SETSTART?APP_REPEAT_EXE
  +--> ?PR?LCD_SHOW_COACH_ICO?BSP_DISPLAY
  +--> ?PR?_REPEAT_SETSTOP?APP_REPEAT_EXE
  +--> ?PR?_REPEAT_START?APP_REPEAT_EXE

?PR?_LCD_SHOW_PULLS_NUM?BSP_DISPLAY              -----    -----      -----    -----      0049H    0002H

?PR?_LCD_SHOW_CAL_NUM?BSP_DISPLAY                -----    -----      -----    -----      0049H    0003H

?PR?REPEAT_STOP?APP_REPEAT_EXE                   -----    -----      -----    -----      -----    -----
  +--> ?PR?REPEAT_STOP_EXE?APP_REPEAT_EXE
  +--> ?PR?_REPEAT_SETSTART?APP_REPEAT_EXE
  +--> ?PR?_REPEAT_SETSTOP?APP_REPEAT_EXE

?PR?_REPEAT_START?APP_REPEAT_EXE                 -----    -----      -----    -----      -----    -----
  +--> ?PR?REPEAT_START_EXE?APP_REPEAT_EXE

?PR?BEEP_PRO?BSP_BEEP                            -----    -----      -----    -----      -----    -----
  +--> ?PR?BEEP_ENABLE?BSP_BEEP
  +--> ?PR?BEEP_DISABLE?BSP_BEEP
BL51 BANKED LINKER/LOCATER V6.22                                                      08/23/2017  22:34:22  PAGE 8



?PR?BSP_KEYSCAN?BSP_KEY                          -----    -----      -----    -----      0048H    0001H
  +--> ?PR?_BSP_DETECTKEY?BSP_KEY

?PR?_BSP_DETECTKEY?BSP_KEY                       -----    -----      -----    -----      0049H    0001H
  +--> ?PR?_BSP_PUTKEY?BSP_KEY

?PR?APP_KEY_100MS_PRO?APP_KEY                    -----    -----      -----    -----      -----    -----
  +--> ?PR?APP_KEY_CLEAR_NOOPS_TIMEOUTCNT?AP...
  +--> ?PR?BSP_HALLINT_CLOSE?BSP_HALL
  +--> ?PR?APP_POWERKEYINT_OPEN?APP_KEY

?PR?APP_WORK_100MS_PRO?APP_WORK                  -----    -----      -----    -----      -----    -----
  +--> ?PR?APP_KEY_CLEAR_NOOPS_TIMEOUTCNT?AP...
  +--> ?PR?APP_WORK_PRO?APP_WORK

?PR?APP_WORK_PRO?APP_WORK                        -----    -----      -----    -----      -----    -----
  +--> ?PR?REPEAT_STOP?APP_REPEAT_EXE
  +--> ?PR?_BEEP_START?BSP_BEEP
  +--> ?PR?_LCD_SHOW_PULLS_NUM?BSP_DISPLAY
  +--> ?PR?_LCD_SHOW_CAL_NUM?BSP_DISPLAY
  +--> ?PR?LCD_CLEAR_REP_NUM?BSP_DISPLAY
  +--> ?PR?LCD_CLEAR_REP_ICO?BSP_DISPLAY
  +--> ?PR?LCD_CLEAR_ABCD?BSP_DISPLAY
  +--> ?PR?LCD_CLEAR_QS_ICO?BSP_DISPLAY
  +--> ?PR?_LCD_SHOW_REP_NUM?BSP_DISPLAY
  +--> ?PR?LCD_SHOW_REP_ICO?BSP_DISPLAY
  +--> ?PR?_LCD_SHOW_ABCD?BSP_DISPLAY
  +--> ?PR?LCD_SHOW_QS_ICO?BSP_DISPLAY
  +--> ?PR?LCD_CLEAR_COACH_ICO?BSP_DISPLAY
  +--> ?PR?LCD_SHOW_COACH_ICO?BSP_DISPLAY
  +--> ?PR?LCD_SHOW_CAL_ICO?BSP_DISPLAY
  +--> ?PR?LCD_SHOW_LINE_UP?BSP_DISPLAY

?PR?_BEEP_START?BSP_BEEP                         -----    -----      -----    -----      0048H    0008H

?PR?APP_CHARGE_100MS_PRO?APP_CHARGE              -----    -----      -----    -----      -----    -----
  +--> ?PR?LCD_SHOW_BATTERY_ICO?BSP_DISPLAY
  +--> ?PR?LCD_CLEAR_BATTERY_ICO?BSP_DISPLAY

?PR?REPEAT_PRO?APP_REPEAT_EXE                    -----    -----      -----    -----      -----    -----
  +--> ?PR?REPEAT_STOP?APP_REPEAT_EXE
  +--> ?PR?REPEAT_STOP_EXE?APP_REPEAT_EXE
  +--> ?PR?REPEAT_START_EXE?APP_REPEAT_EXE

?PR?APP_KEY_1S_PRO?APP_KEY                       -----    -----      -----    -----      -----    -----
  +--> ?PR?LCD_BRIGHT_OFF?BSP_BRIGHT
  +--> ?CO?APP_KEY
  +--> ?PR?PRINTF?PRINTF
  +--> ?PR?APP_POWER_OFF?APP_KEY

?PR?PRINTF?PRINTF                                0020H.1  0001H.1    0008H    0005H      0049H    0028H
  +--> ?PR?_PUTCHAR?COMMON

?PR?APP_POWER_OFF?APP_KEY                        -----    -----      -----    -----      -----    -----
  +--> ?PR?LCD_BRIGHT_OFF?BSP_BRIGHT
  +--> ?PR?LCD_CLEAR_ALL?BSP_DISPLAY
BL51 BANKED LINKER/LOCATER V6.22                                                      08/23/2017  22:34:22  PAGE 9



?PR?APP_CHARGE_1S_PRO?APP_CHARGE                 -----    -----      -----    -----      -----    -----
  +--> ?CO?APP_CHARGE
  +--> ?PR?PRINTF?PRINTF

?PR?APP_BATTERY_1S_PRO?APP_BATTERY               -----    -----      -----    -----      -----    -----
  +--> ?PR?APP_BATTERY_DETECTION?APP_BATTERY

?PR?BSP_HALL_1S_PRO?BSP_HALL                     -----    -----      -----    -----      -----    -----
  +--> ?CO?BSP_HALL
  +--> ?PR?PRINTF?PRINTF

?PR?_APP_KEY_PRO?APP_KEY                         -----    -----      -----    -----      0048H    0001H
  +--> ?PR?APP_KEY_CLEAR_NOOPS_TIMEOUTCNT?AP...
  +--> ?PR?LCD_BRIGHT_ON?BSP_BRIGHT
  +--> ?PR?APP_POWER_OFF?APP_KEY
  +--> ?CO?APP_KEY
  +--> ?PR?PRINTF?PRINTF
  +--> ?PR?BEEP_KEYTONE?BSP_BEEP
  +--> ?PR?APP_KEY_POWER_OR_RETURN?APP_KEY
  +--> ?PR?APP_POWER_ON?APP_KEY
  +--> ?PR?APP_KEY_SET?APP_KEY
  +--> ?PR?APP_KEY_ADD?APP_KEY
  +--> ?PR?APP_KEY_OK?APP_KEY

?PR?APP_KEY_POWER_OR_RETURN?APP_KEY              -----    -----      -----    -----      -----    -----
  +--> ?PR?_LCD_SHOW_PULLS_NUM?BSP_DISPLAY
  +--> ?PR?_LCD_SHOW_CAL_NUM?BSP_DISPLAY
  +--> ?PR?LCD_SHOW_LINE_UP?BSP_DISPLAY
  +--> ?PR?LCD_CLEAR_REP_ICO?BSP_DISPLAY
  +--> ?PR?LCD_CLEAR_ABCD?BSP_DISPLAY
  +--> ?PR?LCD_SHOW_CAL_ICO?BSP_DISPLAY
  +--> ?PR?LCD_CLEAR_QS_ICO?BSP_DISPLAY
  +--> ?PR?_LCD_SHOW_REP_NUM?BSP_DISPLAY
  +--> ?PR?LCD_SHOW_REP_ICO?BSP_DISPLAY
  +--> ?PR?_LCD_SHOW_ABCD?BSP_DISPLAY
  +--> ?PR?LCD_SHOW_QS_ICO?BSP_DISPLAY
  +--> ?PR?LCD_CLEAR_COACH_ICO?BSP_DISPLAY
  +--> ?PR?LCD_SHOW_COACH_ICO?BSP_DISPLAY
  +--> ?PR?REPEAT_STOP?APP_REPEAT_EXE

?PR?APP_POWER_ON?APP_KEY                         -----    -----      -----    -----      -----    -----
  +--> ?PR?SW_RESET?COMMON

?PR?APP_KEY_SET?APP_KEY                          -----    -----      -----    -----      -----    -----
  +--> ?PR?_LCD_SHOW_REP_NUM?BSP_DISPLAY
  +--> ?PR?_LCD_SHOW_PULLS_NUM?BSP_DISPLAY
  +--> ?PR?_LCD_SHOW_CAL_NUM?BSP_DISPLAY
  +--> ?PR?LCD_SHOW_LINE_UP?BSP_DISPLAY
  +--> ?PR?LCD_SHOW_REP_ICO?BSP_DISPLAY
  +--> ?PR?LCD_SHOW_ABCD_ALL?BSP_DISPLAY
  +--> ?PR?LCD_SHOW_CAL_ICO?BSP_DISPLAY
  +--> ?PR?REPEAT_STOP?APP_REPEAT_EXE
  +--> ?PR?APP_FLASH_SHOW?APP_KEY
  +--> ?PR?_REPEAT_SETSTART?APP_REPEAT_EXE
  +--> ?PR?APP_FLASH_CLEAR?APP_KEY
  +--> ?PR?_REPEAT_SETSTOP?APP_REPEAT_EXE
BL51 BANKED LINKER/LOCATER V6.22                                                      08/23/2017  22:34:22  PAGE 10


  +--> ?PR?_REPEAT_START?APP_REPEAT_EXE

?PR?APP_FLASH_SHOW?APP_KEY                       -----    -----      -----    -----      -----    -----
  +--> ?PR?LCD_SHOW_LINE_UP?BSP_DISPLAY
  +--> ?PR?LCD_SHOW_QS_ICO?BSP_DISPLAY
  +--> ?PR?LCD_SHOW_COACH_ICO?BSP_DISPLAY
  +--> ?PR?_LCD_SHOW_REP_NUM?BSP_DISPLAY
  +--> ?PR?_LCD_SHOW_PULLS_NUM?BSP_DISPLAY
  +--> ?PR?LCD_SHOW_ABCD_ALL?BSP_DISPLAY

?PR?APP_FLASH_CLEAR?APP_KEY                      -----    -----      -----    -----      -----    -----
  +--> ?PR?LCD_CLEAR_QS_ICO?BSP_DISPLAY
  +--> ?PR?LCD_CLEAR_ABCD?BSP_DISPLAY
  +--> ?PR?_LCD_SHOW_ABCD?BSP_DISPLAY
  +--> ?PR?LCD_CLEAR_COACH_ICO?BSP_DISPLAY

?PR?APP_KEY_OK?APP_KEY                           -----    -----      -----    -----      -----    -----
  +--> ?PR?LCD_SHOW_QS_ICO?BSP_DISPLAY
  +--> ?PR?LCD_CLEAR_COACH_ICO?BSP_DISPLAY
  +--> ?PR?LCD_CLEAR_QS_ICO?BSP_DISPLAY
  +--> ?PR?LCD_SHOW_COACH_ICO?BSP_DISPLAY
  +--> ?PR?REPEAT_STOP?APP_REPEAT_EXE



SYMBOL TABLE OF MODULE:  .\Out\Objects\project (MAIN)

  VALUE           TYPE          NAME
  ----------------------------------

  -------         MODULE        MAIN
  C:0000H         SYMBOL        _ICE_DUMMY_
  D:0080H         PUBLIC        P0
  D:0090H         PUBLIC        P1
  D:00A0H         PUBLIC        P2
  D:00B0H         PUBLIC        P3
  D:00D8H         PUBLIC        P5
  D:00A8H         PUBLIC        IE
  B:00E8H.7       PUBLIC        ADCF
  C:23B2H         PUBLIC        ADC_ISR
  D:00B8H         PUBLIC        IP
  C:1C93H         PUBLIC        main
  D:0098H         PUBLIC        SCON
  D:0088H         PUBLIC        TCON
  D:00F8H         PUBLIC        SCON_1
  C:1F08H         PUBLIC        PinInterrupt_ISR
  D:00E8H         PUBLIC        ADCCON0
  D:00C0H         PUBLIC        I2CON
  D:00ECH         PUBLIC        PIF
  D:00C8H         PUBLIC        T2CON
  D:00D0H         PUBLIC        PSW
  -------         PROC          ADC_ISR
  C:23B2H         LINE#         8
  C:23CFH         LINE#         9
  C:23CFH         LINE#         12
  C:23D2H         LINE#         13
  C:23D4H         LINE#         14
BL51 BANKED LINKER/LOCATER V6.22                                                      08/23/2017  22:34:22  PAGE 11


  -------         ENDPROC       ADC_ISR
  -------         PROC          PININTERRUPT_ISR
  C:1F08H         LINE#         18
  C:1F25H         LINE#         19
  C:1F25H         LINE#         21
  C:1F2AH         LINE#         22
  C:1F31H         LINE#         23
  C:1F34H         LINE#         24
  C:1F34H         LINE#         25
  C:1F34H         LINE#         27
  C:1F39H         LINE#         28
  C:1F3CH         LINE#         29
  C:1F3CH         LINE#         30
  C:1F41H         LINE#         31
  C:1F44H         LINE#         32
  C:1F44H         LINE#         33
  C:1F49H         LINE#         34
  C:1F4CH         LINE#         35
  C:1F4CH         LINE#         36
  C:1F4FH         LINE#         37
  -------         ENDPROC       PININTERRUPT_ISR
  -------         PROC          MAIN
  -------         DO            
  X:0047H         SYMBOL        ucKeyCode
  -------         DO            
  X:00C0H         SYMBOL        tmp
  X:00C1H         SYMBOL        cnt
  -------         ENDDO         
  -------         ENDDO         
  C:1C93H         LINE#         38
  C:1C93H         LINE#         40
  C:1C98H         LINE#         47
  C:1C9BH         LINE#         50
  C:1C9EH         LINE#         51
  C:1CA1H         LINE#         52
  C:1CA4H         LINE#         57
  C:1CA4H         LINE#         59
  C:1CAAH         LINE#         60
  C:1CACH         LINE#         62
  C:1CAFH         LINE#         63
  C:1CB2H         LINE#         64
  C:1CB2H         LINE#         65
  C:1CB8H         LINE#         66
  C:1CBAH         LINE#         68
  C:1CBDH         LINE#         69
  C:1CC0H         LINE#         70
  C:1CC3H         LINE#         71
  C:1CC6H         LINE#         73
  C:1CC6H         LINE#         74
  C:1CCCH         LINE#         77
  C:1CCEH         LINE#         79
  C:1CD1H         LINE#         80
  C:1CD4H         LINE#         81
  C:1CD7H         LINE#         82
  C:1CDAH         LINE#         83
  C:1CDDH         LINE#         85
  C:1CE3H         LINE#         86
BL51 BANKED LINKER/LOCATER V6.22                                                      08/23/2017  22:34:22  PAGE 12


  C:1CE9H         LINE#         87
  C:1CECH         LINE#         89
  C:1CF2H         LINE#         93
  C:1CF2H         LINE#         95
  C:1CF2H         LINE#         99
  C:1CFAH         LINE#         100
  C:1CFCH         LINE#         101
  C:1D01H         LINE#         102
  C:1D01H         LINE#         104
  -------         ENDPROC       MAIN
  -------         ENDMOD        MAIN

  -------         MODULE        APP_KEY
  C:0000H         SYMBOL        _ICE_DUMMY_
  C:1D6FH         PUBLIC        app_flash_Clear
  D:0080H         PUBLIC        P0
  D:0090H         PUBLIC        P1
  D:00A0H         PUBLIC        P2
  D:00B0H         PUBLIC        P3
  C:003EH         PUBLIC        app_key_init
  D:00D8H         PUBLIC        P5
  D:00A8H         PUBLIC        IE
  X:009FH         PUBLIC        g_tDevice
  C:2B17H         PUBLIC        app_power_on
  X:00A0H         SYMBOL        letter
  D:00EDH         PUBLIC        PITYP
  D:00B8H         PUBLIC        IP
  X:00A1H         PUBLIC        level
  C:1F6AH         PUBLIC        app_key_set
  C:1AECH         PUBLIC        _app_key_pro
  C:249AH         PUBLIC        app_key_1s_pro
  C:28FAH         PUBLIC        app_powerKeyInt_close
  X:00A2H         PUBLIC        noOps_timeoutCnt
  X:00A3H         SYMBOL        mode
  C:2144H         PUBLIC        app_key_ok
  B:0021H.7       SYMBOL        offBight_flag
  D:0087H         PUBLIC        PCON
  D:0098H         PUBLIC        SCON
  D:0088H         PUBLIC        TCON
  C:1B7FH         PUBLIC        app_flash_Show
  C:28E7H         PUBLIC        app_powerKeyInt_open
  D:00F8H         PUBLIC        SCON_1
  C:15C6H         PUBLIC        app_key_power_or_return
  C:19ACH         SYMBOL        app_UI_init
  D:00E8H         PUBLIC        ADCCON0
  D:00C0H         PUBLIC        I2CON
  C:2AE6H         PUBLIC        app_key_clear_noOps_timeoutCnt
  D:00C8H         PUBLIC        T2CON
  C:2AE0H         PUBLIC        app_power_off
  C:2631H         PUBLIC        app_key_100ms_pro
  C:1D03H         PUBLIC        app_key_add
  D:00E9H         PUBLIC        PICON
  D:00D0H         PUBLIC        PSW
  D:00EAH         PUBLIC        PINEN
  D:00EBH         PUBLIC        PIPEN
  -------         PROC          APP_KEY_INIT
  C:003EH         LINE#         25
BL51 BANKED LINKER/LOCATER V6.22                                                      08/23/2017  22:34:22  PAGE 13


  C:003EH         LINE#         26
  C:0043H         LINE#         28
  C:0046H         LINE#         29
  C:0049H         LINE#         31
  C:004FH         LINE#         32
  C:0053H         LINE#         33
  C:0057H         LINE#         34
  -------         ENDPROC       APP_KEY_INIT
  -------         PROC          APP_POWERKEYINT_OPEN
  C:28E7H         LINE#         36
  C:28E7H         LINE#         38
  C:28EAH         LINE#         39
  C:28EDH         LINE#         40
  C:28F0H         LINE#         42
  C:28F3H         LINE#         43
  C:28F6H         LINE#         44
  C:28F9H         LINE#         46
  -------         ENDPROC       APP_POWERKEYINT_OPEN
  -------         PROC          APP_POWERKEYINT_CLOSE
  C:28FAH         LINE#         47
  C:28FAH         LINE#         48
  C:28FDH         LINE#         49
  C:2900H         LINE#         50
  C:2903H         LINE#         52
  C:2906H         LINE#         53
  C:2909H         LINE#         54
  C:290CH         LINE#         55
  -------         ENDPROC       APP_POWERKEYINT_CLOSE
  -------         PROC          APP_UI_INIT
  C:19ACH         LINE#         56
  C:19ACH         LINE#         57
  C:19BEH         LINE#         58
  C:19BEH         LINE#         60
  C:19C4H         LINE#         61
  C:19CAH         LINE#         63
  C:19CDH         LINE#         64
  C:19D0H         LINE#         66
  C:19D3H         LINE#         68
  C:19D6H         LINE#         69
  C:19D9H         LINE#         70
  C:19DCH         LINE#         72
  C:19DCH         LINE#         73
  C:19DCH         LINE#         75
  C:19DFH         LINE#         76
  C:19E2H         LINE#         78
  C:19E7H         LINE#         79
  C:19ECH         LINE#         80
  C:19F1H         LINE#         81
  C:19F6H         LINE#         83
  C:19F9H         LINE#         85
  C:19FCH         LINE#         87
  C:19FFH         LINE#         88
  C:1A08H         LINE#         89
  C:1A0EH         LINE#         90
  C:1A0EH         LINE#         91
  C:1A10H         LINE#         92
  C:1A10H         LINE#         93
BL51 BANKED LINKER/LOCATER V6.22                                                      08/23/2017  22:34:22  PAGE 14


  C:1A13H         LINE#         94
  C:1A16H         LINE#         96
  C:1A1BH         LINE#         97
  C:1A20H         LINE#         98
  C:1A25H         LINE#         99
  C:1A2AH         LINE#         101
  C:1A2DH         LINE#         103
  C:1A30H         LINE#         105
  C:1A33H         LINE#         106
  C:1A3CH         LINE#         107
  C:1A45H         LINE#         108
  C:1A51H         LINE#         109
  C:1A51H         LINE#         110
  C:1A51H         LINE#         111
  -------         ENDPROC       APP_UI_INIT
  -------         PROC          APP_FLASH_SHOW
  C:1B7FH         LINE#         113
  C:1B7FH         LINE#         115
  C:1B82H         LINE#         116
  C:1B90H         LINE#         117
  C:1B90H         LINE#         118
  C:1B90H         LINE#         119
  C:1B90H         LINE#         120
  C:1B97H         LINE#         121
  C:1B9AH         LINE#         122
  C:1BA4H         LINE#         123
  C:1BA7H         LINE#         124
  C:1BA7H         LINE#         125
  C:1BA9H         LINE#         126
  C:1BA9H         LINE#         128
  C:1BBBH         LINE#         129
  C:1BBBH         LINE#         130
  C:1BBBH         LINE#         131
  C:1BBBH         LINE#         132
  C:1BC3H         LINE#         133
  C:1BC6H         LINE#         134
  C:1BC8H         LINE#         135
  C:1BC8H         LINE#         136
  C:1BD0H         LINE#         137
  C:1BD3H         LINE#         138
  C:1BD5H         LINE#         139
  C:1BD5H         LINE#         140
  C:1BDDH         LINE#         141
  C:1BE0H         LINE#         142
  C:1BE2H         LINE#         143
  C:1BE2H         LINE#         144
  C:1BEAH         LINE#         145
  C:1BF4H         LINE#         146
  C:1BF4H         LINE#         147
  C:1BF4H         LINE#         148
  C:1BFBH         LINE#         149
  C:1BFEH         LINE#         150
  C:1C07H         LINE#         151
  C:1C0AH         LINE#         152
  C:1C0AH         LINE#         153
  C:1C0DH         LINE#         155
  C:1C0DH         LINE#         156
BL51 BANKED LINKER/LOCATER V6.22                                                      08/23/2017  22:34:22  PAGE 15


  C:1C0DH         LINE#         157
  C:1C0DH         LINE#         158
  C:1C0DH         LINE#         159
  -------         ENDPROC       APP_FLASH_SHOW
  -------         PROC          APP_FLASH_CLEAR
  C:1D6FH         LINE#         161
  C:1D6FH         LINE#         163
  C:1D7AH         LINE#         164
  C:1D7AH         LINE#         165
  C:1D7AH         LINE#         166
  C:1D7AH         LINE#         174
  C:1D7DH         LINE#         175
  C:1D7DH         LINE#         176
  C:1D7FH         LINE#         177
  C:1D7FH         LINE#         179
  C:1D85H         LINE#         180
  C:1D88H         LINE#         181
  C:1D88H         LINE#         182
  C:1D8FH         LINE#         183
  C:1D92H         LINE#         184
  C:1D97H         LINE#         185
  C:1D97H         LINE#         186
  C:1D9EH         LINE#         187
  C:1DA1H         LINE#         188
  C:1DA6H         LINE#         189
  C:1DA6H         LINE#         190
  C:1DADH         LINE#         191
  C:1DB0H         LINE#         192
  C:1DB5H         LINE#         193
  C:1DB5H         LINE#         194
  C:1DBCH         LINE#         195
  C:1DBFH         LINE#         196
  C:1DC4H         LINE#         197
  C:1DC4H         LINE#         198
  C:1DCBH         LINE#         199
  C:1DCEH         LINE#         200
  C:1DD5H         LINE#         201
  C:1DD8H         LINE#         202
  C:1DD8H         LINE#         203
  C:1DD8H         LINE#         204
  C:1DD8H         LINE#         205
  C:1DD8H         LINE#         206
  C:1DD8H         LINE#         208
  -------         ENDPROC       APP_FLASH_CLEAR
  -------         PROC          APP_KEY_POWER_OR_RETURN
  C:15C6H         LINE#         209
  C:15C6H         LINE#         211
  C:15E3H         LINE#         212
  C:15E3H         LINE#         213
  C:15F5H         LINE#         214
  C:15F5H         LINE#         215
  C:15FCH         LINE#         216
  C:1602H         LINE#         218
  C:160DH         LINE#         219
  C:1618H         LINE#         221
  C:161BH         LINE#         222
  C:161EH         LINE#         224
BL51 BANKED LINKER/LOCATER V6.22                                                      08/23/2017  22:34:22  PAGE 16


  C:1621H         LINE#         226
  C:1624H         LINE#         227
  C:1627H         LINE#         228
  C:1627H         LINE#         230
  C:1629H         LINE#         231
  C:1629H         LINE#         232
  C:1630H         LINE#         233
  C:1636H         LINE#         235
  C:163AH         LINE#         236
  C:1640H         LINE#         237
  C:1646H         LINE#         239
  C:1649H         LINE#         240
  C:164CH         LINE#         242
  C:1654H         LINE#         244
  C:1657H         LINE#         245
  C:165AH         LINE#         246
  C:165DH         LINE#         247
  C:165DH         LINE#         248
  C:165DH         LINE#         249
  C:1664H         LINE#         250
  C:166AH         LINE#         252
  C:166EH         LINE#         253
  C:1674H         LINE#         254
  C:167AH         LINE#         256
  C:167DH         LINE#         257
  C:1680H         LINE#         259
  C:1688H         LINE#         261
  C:168BH         LINE#         262
  C:168EH         LINE#         263
  C:1691H         LINE#         265
  C:1691H         LINE#         266
  C:1691H         LINE#         267
  C:1691H         LINE#         268
  C:1691H         LINE#         269
  C:1694H         LINE#         270
  C:169AH         LINE#         271
  C:169CH         LINE#         272
  C:169CH         LINE#         274
  C:169DH         LINE#         275
  C:169DH         LINE#         276
  C:16A3H         LINE#         277
  C:16A5H         LINE#         278
  C:16A5H         LINE#         279
  C:16A6H         LINE#         280
  C:16A6H         LINE#         281
  C:16ACH         LINE#         282
  C:16AEH         LINE#         283
  C:16AEH         LINE#         284
  C:16AEH         LINE#         285
  C:16AEH         LINE#         287
  -------         ENDPROC       APP_KEY_POWER_OR_RETURN
  -------         PROC          APP_KEY_SET
  C:1F6AH         LINE#         288
  C:1F6AH         LINE#         291
  C:1F70H         LINE#         292
  C:1F70H         LINE#         294
  C:1F77H         LINE#         295
BL51 BANKED LINKER/LOCATER V6.22                                                      08/23/2017  22:34:22  PAGE 17


  C:1F77H         LINE#         298
  C:1F7DH         LINE#         299
  C:1F7DH         LINE#         300
  C:1F7DH         LINE#         302
  C:1F7DH         LINE#         303
  C:1F7DH         LINE#         305
  C:1F7DH         LINE#         306
  C:1F7DH         LINE#         308
  C:1F82H         LINE#         309
  C:1F88H         LINE#         310
  C:1F8EH         LINE#         312
  C:1F91H         LINE#         313
  C:1F94H         LINE#         315
  C:1F97H         LINE#         317
  C:1F9AH         LINE#         319
  C:1FA2H         LINE#         320
  C:1FA5H         LINE#         321
  C:1FAAH         LINE#         322
  C:1FADH         LINE#         323
  C:1FB6H         LINE#         324
  C:1FBFH         LINE#         325
  C:1FCBH         LINE#         326
  C:1FCBH         LINE#         327
  C:1FCBH         LINE#         330
  C:1FCBH         LINE#         331
  C:1FCBH         LINE#         332
  C:1FCBH         LINE#         333
  C:1FCBH         LINE#         334
  C:1FCBH         LINE#         335
  C:1FCBH         LINE#         338
  -------         ENDPROC       APP_KEY_SET
  -------         PROC          APP_KEY_ADD
  C:1D03H         LINE#         340
  C:1D03H         LINE#         342
  C:1D0EH         LINE#         343
  C:1D0EH         LINE#         345
  C:1D0EH         LINE#         346
  C:1D0EH         LINE#         347
  C:1D1DH         LINE#         348
  C:1D1DH         LINE#         349
  C:1D23H         LINE#         351
  C:1D24H         LINE#         352
  C:1D24H         LINE#         353
  C:1D2AH         LINE#         355
  C:1D2BH         LINE#         356
  C:1D2BH         LINE#         358
  C:1D31H         LINE#         360
  C:1D32H         LINE#         361
  C:1D32H         LINE#         362
  C:1D32H         LINE#         363
  C:1D32H         LINE#         364
  C:1D3DH         LINE#         365
  C:1D3DH         LINE#         367
  C:1D3DH         LINE#         368
  C:1D3DH         LINE#         370
  C:1D43H         LINE#         371
  C:1D43H         LINE#         372
BL51 BANKED LINKER/LOCATER V6.22                                                      08/23/2017  22:34:22  PAGE 18


  C:1D45H         LINE#         373
  C:1D4BH         LINE#         374
  C:1D53H         LINE#         375
  C:1D53H         LINE#         376
  C:1D53H         LINE#         377
  C:1D53H         LINE#         379
  C:1D55H         LINE#         380
  C:1D55H         LINE#         381
  C:1D5BH         LINE#         382
  C:1D5BH         LINE#         383
  C:1D5DH         LINE#         384
  C:1D63H         LINE#         385
  C:1D6BH         LINE#         386
  C:1D6EH         LINE#         387
  C:1D6EH         LINE#         388
  C:1D6EH         LINE#         389
  C:1D6EH         LINE#         390
  C:1D6EH         LINE#         391
  C:1D6EH         LINE#         392
  C:1D6EH         LINE#         393
  C:1D6EH         LINE#         394
  C:1D6EH         LINE#         396
  -------         ENDPROC       APP_KEY_ADD
  -------         PROC          APP_KEY_OK
  C:2144H         LINE#         397
  C:2144H         LINE#         400
  C:214FH         LINE#         401
  C:214FH         LINE#         403
  C:214FH         LINE#         404
  C:214FH         LINE#         406
  C:215AH         LINE#         407
  C:215AH         LINE#         409
  C:215AH         LINE#         410
  C:215AH         LINE#         412
  C:215DH         LINE#         413
  C:2160H         LINE#         415
  C:2162H         LINE#         416
  C:2162H         LINE#         417
  C:2165H         LINE#         418
  C:2168H         LINE#         420
  C:2168H         LINE#         421
  C:2168H         LINE#         422
  C:216EH         LINE#         423
  C:2172H         LINE#         424
  C:2173H         LINE#         425
  C:2173H         LINE#         426
  C:217BH         LINE#         427
  C:217BH         LINE#         429
  C:217BH         LINE#         430
  C:217BH         LINE#         432
  C:217EH         LINE#         433
  C:2181H         LINE#         434
  C:2184H         LINE#         436
  C:2184H         LINE#         437
  C:2184H         LINE#         439
  C:2184H         LINE#         440
  C:2184H         LINE#         441
BL51 BANKED LINKER/LOCATER V6.22                                                      08/23/2017  22:34:22  PAGE 19


  C:218CH         LINE#         442
  C:2194H         LINE#         443
  C:2199H         LINE#         444
  C:219DH         LINE#         445
  C:219DH         LINE#         446
  C:219DH         LINE#         447
  C:219DH         LINE#         448
  C:219DH         LINE#         454
  -------         ENDPROC       APP_KEY_OK
  -------         PROC          APP_POWER_ON
  C:2B17H         LINE#         456
  C:2B17H         LINE#         457
  -------         ENDPROC       APP_POWER_ON
  -------         PROC          APP_POWER_OFF
  C:2AE0H         LINE#         459
  C:2AE0H         LINE#         460
  C:2AE3H         LINE#         461
  -------         ENDPROC       APP_POWER_OFF
  -------         PROC          APP_KEY_100MS_PRO
  -------         DO            
  X:009EH         SYMBOL        cnt
  -------         ENDDO         
  C:2631H         LINE#         467
  C:2631H         LINE#         470
  C:2638H         LINE#         471
  C:263EH         LINE#         472
  C:2644H         LINE#         473
  C:2646H         LINE#         475
  C:2649H         LINE#         477
  C:264CH         LINE#         478
  C:264FH         LINE#         479
  C:2652H         LINE#         480
  C:2652H         LINE#         481
  C:2653H         LINE#         482
  C:2658H         LINE#         483
  C:2658H         LINE#         484
  -------         ENDPROC       APP_KEY_100MS_PRO
  -------         PROC          APP_KEY_1S_PRO
  C:249AH         LINE#         486
  C:249AH         LINE#         488
  C:24A0H         LINE#         489
  C:24A4H         LINE#         490
  C:24A6H         LINE#         492
  C:24A9H         LINE#         493
  C:24B2H         LINE#         494
  C:24B9H         LINE#         495
  C:24BCH         LINE#         496
  C:24C5H         LINE#         497
  C:24CBH         LINE#         498
  C:24CBH         LINE#         500
  -------         ENDPROC       APP_KEY_1S_PRO
  -------         PROC          APP_KEY_CLEAR_NOOPS_TIMEOUTCNT
  C:2AE6H         LINE#         501
  C:2AE6H         LINE#         502
  C:2AEBH         LINE#         503
  -------         ENDPROC       APP_KEY_CLEAR_NOOPS_TIMEOUTCNT
  -------         PROC          _APP_KEY_PRO
BL51 BANKED LINKER/LOCATER V6.22                                                      08/23/2017  22:34:22  PAGE 20


  X:0048H         SYMBOL        keyCode
  C:1AECH         LINE#         504
  C:1AF1H         LINE#         506
  C:1AF4H         LINE#         508
  C:1AFEH         LINE#         509
  C:1B00H         LINE#         510
  C:1B03H         LINE#         513
  C:1B03H         LINE#         515
  C:1B1DH         LINE#         516
  C:1B1DH         LINE#         518
  C:1B25H         LINE#         519
  C:1B28H         LINE#         520
  C:1B31H         LINE#         521
  C:1B37H         LINE#         522
  C:1B37H         LINE#         524
  C:1B38H         LINE#         525
  C:1B38H         LINE#         526
  C:1B3BH         LINE#         527
  C:1B43H         LINE#         528
  C:1B46H         LINE#         529
  C:1B46H         LINE#         531
  C:1B46H         LINE#         532
  C:1B46H         LINE#         533
  C:1B49H         LINE#         534
  C:1B50H         LINE#         535
  C:1B53H         LINE#         536
  C:1B56H         LINE#         537
  C:1B5DH         LINE#         538
  C:1B5DH         LINE#         539
  C:1B5DH         LINE#         540
  C:1B66H         LINE#         541
  C:1B69H         LINE#         542
  C:1B6CH         LINE#         543
  C:1B6CH         LINE#         545
  C:1B6CH         LINE#         546
  C:1B6CH         LINE#         548
  C:1B6CH         LINE#         549
  C:1B6CH         LINE#         550
  C:1B6FH         LINE#         551
  C:1B72H         LINE#         552
  C:1B72H         LINE#         553
  C:1B72H         LINE#         555
  C:1B72H         LINE#         556
  C:1B72H         LINE#         558
  C:1B72H         LINE#         559
  C:1B72H         LINE#         560
  C:1B75H         LINE#         561
  C:1B78H         LINE#         562
  C:1B78H         LINE#         563
  C:1B78H         LINE#         565
  C:1B78H         LINE#         566
  C:1B78H         LINE#         568
  C:1B78H         LINE#         569
  C:1B78H         LINE#         570
  C:1B7BH         LINE#         571
  C:1B7EH         LINE#         572
  C:1B7EH         LINE#         573
BL51 BANKED LINKER/LOCATER V6.22                                                      08/23/2017  22:34:22  PAGE 21


  C:1B7EH         LINE#         575
  C:1B7EH         LINE#         588
  C:1B7EH         LINE#         590
  C:1B7EH         LINE#         591
  C:1B7EH         LINE#         593
  C:1B7EH         LINE#         594
  C:1B7EH         LINE#         596
  C:1B7EH         LINE#         597
  C:1B7EH         LINE#         599
  C:1B7EH         LINE#         601
  C:1B7EH         LINE#         602
  -------         ENDPROC       _APP_KEY_PRO
  -------         ENDMOD        APP_KEY

  -------         MODULE        APP_WORK
  C:0000H         SYMBOL        _ICE_DUMMY_
  D:0080H         PUBLIC        P0
  D:0090H         PUBLIC        P1
  D:00A0H         PUBLIC        P2
  D:00B0H         PUBLIC        P3
  D:00D8H         PUBLIC        P5
  D:00A8H         PUBLIC        IE
  C:26A9H         PUBLIC        query_work_sum
  D:00B8H         PUBLIC        IP
  C:005EH         SYMBOL        app_work_pro
  C:000EH         PUBLIC        app_work_1s_pro
  X:0071H         SYMBOL        count_NoAction
  D:0098H         PUBLIC        SCON
  D:0088H         PUBLIC        TCON
  C:27BBH         PUBLIC        work_Init
  B:0021H.4       SYMBOL        pull_once_flag
  D:00F8H         PUBLIC        SCON_1
  X:0072H         PUBLIC        Rep_Pull_num
  D:00E8H         PUBLIC        ADCCON0
  D:00C0H         PUBLIC        I2CON
  X:007AH         PUBLIC        g_tWork
  D:00C8H         PUBLIC        T2CON
  C:29A0H         PUBLIC        app_work_100ms_pro
  D:00D0H         PUBLIC        PSW
  -------         PROC          WORK_INIT
  C:27BBH         LINE#         24
  C:27BBH         LINE#         25
  C:27C1H         LINE#         26
  C:27C4H         LINE#         27
  C:27C8H         LINE#         28
  C:27CAH         LINE#         29
  C:27CEH         LINE#         30
  C:27D2H         LINE#         32
  C:27D6H         LINE#         33
  -------         ENDPROC       WORK_INIT
  -------         PROC          QUERY_WORK_SUM
  C:26A9H         LINE#         35
  C:26A9H         LINE#         36
  C:26B7H         LINE#         37
  C:26C6H         LINE#         38
  C:26CAH         LINE#         39
  C:26CAH         LINE#         40
BL51 BANKED LINKER/LOCATER V6.22                                                      08/23/2017  22:34:22  PAGE 22


  C:26CCH         LINE#         42
  -------         ENDPROC       QUERY_WORK_SUM
  -------         PROC          APP_WORK_1S_PRO
  C:000EH         LINE#         44
  C:000EH         LINE#         45
  C:0017H         LINE#         46
  C:001AH         LINE#         47
  C:001AH         LINE#         49
  -------         ENDPROC       APP_WORK_1S_PRO
  -------         PROC          APP_WORK_100MS_PRO
  C:29A0H         LINE#         50
  C:29A0H         LINE#         51
  C:29A3H         LINE#         52
  C:29A5H         LINE#         54
  C:29A8H         LINE#         55
  C:29ABH         LINE#         56
  C:29ABH         LINE#         58
  -------         ENDPROC       APP_WORK_100MS_PRO
  -------         PROC          APP_WORK_PRO
  -------         DO            
  B:0021H.2       SYMBOL        finish_flag
  B:0021H.3       SYMBOL        reps_num_appear_flag
  -------         ENDDO         
  C:005EH         LINE#         60
  C:005EH         LINE#         64
  C:0063H         LINE#         65
  C:0066H         LINE#         67
  C:007EH         LINE#         68
  C:007EH         LINE#         70
  C:0094H         LINE#         71
  C:009DH         LINE#         72
  C:009FH         LINE#         73
  C:00B1H         LINE#         74
  C:00B1H         LINE#         75
  C:00C0H         LINE#         76
  C:00D3H         LINE#         79
  C:00DEH         LINE#         80
  C:00E9H         LINE#         82
  C:00ECH         LINE#         83
  C:00EFH         LINE#         84
  C:00F2H         LINE#         85
  C:00F5H         LINE#         86
  C:00F5H         LINE#         88
  C:00F5H         LINE#         89
  C:00F5H         LINE#         90
  C:00F8H         LINE#         91
  C:00F8H         LINE#         93
  C:00FBH         LINE#         94
  C:0110H         LINE#         95
  C:0144H         LINE#         97
  C:0147H         LINE#         98
  C:017EH         LINE#         100
  C:017EH         LINE#         101
  C:0180H         LINE#         102
  C:0190H         LINE#         103
  C:0192H         LINE#         104
  C:01C2H         LINE#         105
BL51 BANKED LINKER/LOCATER V6.22                                                      08/23/2017  22:34:22  PAGE 23


  C:01C2H         LINE#         106
  C:01D1H         LINE#         107
  C:01D3H         LINE#         108
  C:01E5H         LINE#         109
  C:01E5H         LINE#         110
  C:01E5H         LINE#         111
  C:01E7H         LINE#         112
  C:0213H         LINE#         114
  C:0244H         LINE#         116
  C:0257H         LINE#         117
  C:0257H         LINE#         118
  C:025FH         LINE#         119
  C:026AH         LINE#         120
  C:0275H         LINE#         122
  C:0278H         LINE#         123
  C:0280H         LINE#         125
  C:0283H         LINE#         126
  C:0286H         LINE#         128
  C:0286H         LINE#         129
  C:0286H         LINE#         131
  C:0289H         LINE#         132
  C:0289H         LINE#         133
  C:028CH         LINE#         134
  C:02A2H         LINE#         135
  C:02D6H         LINE#         137
  C:02D9H         LINE#         138
  C:0310H         LINE#         140
  C:0310H         LINE#         141
  C:0312H         LINE#         142
  C:0322H         LINE#         143
  C:0324H         LINE#         144
  C:0354H         LINE#         145
  C:0354H         LINE#         146
  C:0363H         LINE#         147
  C:0365H         LINE#         148
  C:0378H         LINE#         149
  C:0378H         LINE#         150
  C:0378H         LINE#         151
  C:037AH         LINE#         152
  C:03A6H         LINE#         154
  C:03D7H         LINE#         156
  C:03EAH         LINE#         157
  C:03EAH         LINE#         158
  C:03F2H         LINE#         159
  C:03FDH         LINE#         160
  C:0408H         LINE#         162
  C:040BH         LINE#         163
  C:0413H         LINE#         165
  C:0416H         LINE#         166
  C:0419H         LINE#         168
  C:041CH         LINE#         169
  C:041FH         LINE#         171
  C:041FH         LINE#         172
  C:041FH         LINE#         183
  -------         ENDPROC       APP_WORK_PRO
  -------         ENDMOD        APP_WORK

BL51 BANKED LINKER/LOCATER V6.22                                                      08/23/2017  22:34:22  PAGE 24


  -------         MODULE        APP_REPEAT_EXE
  C:0000H         SYMBOL        _ICE_DUMMY_
  D:0080H         PUBLIC        P0
  D:0090H         PUBLIC        P1
  D:00A0H         PUBLIC        P2
  D:00B0H         PUBLIC        P3
  C:29ACH         PUBLIC        _Repeat_SetStart
  D:00D8H         PUBLIC        P5
  D:00A8H         PUBLIC        IE
  C:2976H         SYMBOL        Repeat_Stop_exe
  D:00B8H         PUBLIC        IP
  C:29B8H         PUBLIC        _Repeat_SetStop
  X:0083H         SYMBOL        g_tRepeat
  D:0098H         PUBLIC        SCON
  D:0088H         PUBLIC        TCON
  D:00F8H         PUBLIC        SCON_1
  C:24CCH         PUBLIC        _Repeat_Start
  D:00E8H         PUBLIC        ADCCON0
  D:00C0H         PUBLIC        I2CON
  D:00C8H         PUBLIC        T2CON
  C:28D3H         PUBLIC        Repeat_Stop
  C:1790H         PUBLIC        Repeat_Pro
  C:2966H         SYMBOL        Repeat_Start_exe
  D:00D0H         PUBLIC        PSW
  -------         PROC          _REPEAT_SETSTART
  D:0001H         SYMBOL        fun
  C:29ACH         LINE#         12
  C:29ACH         LINE#         13
  C:29B7H         LINE#         14
  -------         ENDPROC       _REPEAT_SETSTART
  -------         PROC          _REPEAT_SETSTOP
  D:0001H         SYMBOL        fun
  C:29B8H         LINE#         16
  C:29B8H         LINE#         17
  C:29C3H         LINE#         18
  -------         ENDPROC       _REPEAT_SETSTOP
  -------         PROC          REPEAT_START_EXE
  C:2966H         LINE#         20
  C:2966H         LINE#         21
  C:2972H         LINE#         22
  C:2975H         LINE#         23
  C:2975H         LINE#         24
  -------         ENDPROC       REPEAT_START_EXE
  -------         PROC          REPEAT_STOP_EXE
  C:2976H         LINE#         26
  C:2976H         LINE#         27
  C:2982H         LINE#         28
  C:2985H         LINE#         29
  C:2985H         LINE#         30
  -------         ENDPROC       REPEAT_STOP_EXE
  -------         PROC          _REPEAT_START
  D:0006H         SYMBOL        _usStartTime
  D:0004H         SYMBOL        _usStopTime
  D:0002H         SYMBOL        _usCycle
  C:24CCH         LINE#         42
  C:24CCH         LINE#         43
  C:24CCH         LINE#         44
BL51 BANKED LINKER/LOCATER V6.22                                                      08/23/2017  22:34:22  PAGE 25


  C:24D0H         LINE#         46
  C:24D0H         LINE#         48
  C:24D8H         LINE#         49
  C:24E0H         LINE#         50
  C:24E8H         LINE#         51
  C:24EDH         LINE#         52
  C:24F1H         LINE#         53
  C:24F5H         LINE#         54
  C:24FAH         LINE#         56
  C:24FDH         LINE#         57
  -------         ENDPROC       _REPEAT_START
  -------         PROC          REPEAT_STOP
  C:28D3H         LINE#         67
  C:28D3H         LINE#         68
  C:28D8H         LINE#         69
  C:28DBH         LINE#         70
  C:28E4H         LINE#         71
  -------         ENDPROC       REPEAT_STOP
  -------         PROC          REPEAT_PRO
  C:1790H         LINE#         83
  C:1790H         LINE#         85
  C:1797H         LINE#         86
  C:179AH         LINE#         88
  C:179AH         LINE#         90
  C:17B1H         LINE#         92
  C:17B1H         LINE#         94
  C:17B7H         LINE#         95
  C:17C3H         LINE#         96
  C:17C3H         LINE#         97
  C:17DCH         LINE#         98
  C:17DFH         LINE#         99
  C:17E6H         LINE#         100
  C:17EBH         LINE#         101
  C:17EBH         LINE#         102
  C:17ECH         LINE#         104
  C:17ECH         LINE#         105
  C:17F4H         LINE#         106
  C:180CH         LINE#         108
  C:181BH         LINE#         109
  C:182EH         LINE#         111
  C:1833H         LINE#         112
  C:1833H         LINE#         114
  C:1839H         LINE#         115
  C:1840H         LINE#         117
  C:1840H         LINE#         118
  C:1840H         LINE#         119
  C:1847H         LINE#         120
  C:184BH         LINE#         122
  C:184EH         LINE#         123
  C:184EH         LINE#         124
  C:184EH         LINE#         126
  -------         ENDPROC       REPEAT_PRO
  -------         ENDMOD        APP_REPEAT_EXE

  -------         MODULE        APP_CHARGE
  C:0000H         SYMBOL        _ICE_DUMMY_
  C:242CH         PUBLIC        app_battery_voltage_result
BL51 BANKED LINKER/LOCATER V6.22                                                      08/23/2017  22:34:22  PAGE 26


  D:00B1H         PUBLIC        P0M1
  D:00B2H         PUBLIC        P0M2
  D:0080H         PUBLIC        P0
  D:0090H         PUBLIC        P1
  D:00A0H         PUBLIC        P2
  D:00B0H         PUBLIC        P3
  D:00D8H         PUBLIC        P5
  C:29DCH         PUBLIC        app_charge_Init
  I:0023H         SYMBOL        g_tCharge
  D:00A8H         PUBLIC        IE
  C:2250H         PUBLIC        app_charge_100ms_pro
  D:00B8H         PUBLIC        IP
  B:0021H.6       SYMBOL        result_flag
  B:0080H.1       PUBLIC        P01
  D:0098H         PUBLIC        SCON
  B:00D8H.0       PUBLIC        P50
  D:0088H         PUBLIC        TCON
  B:0080H.7       PUBLIC        P07
  D:00F8H         PUBLIC        SCON_1
  C:2334H         PUBLIC        app_charge_1s_pro
  D:00E8H         PUBLIC        ADCCON0
  D:00E2H         PUBLIC        ADCCON2
  D:00C0H         PUBLIC        I2CON
  D:00C3H         PUBLIC        ADCRH
  D:00C8H         PUBLIC        T2CON
  D:00C2H         PUBLIC        ADCRL
  D:00D0H         PUBLIC        PSW
  -------         PROC          APP_CHARGE_INIT
  C:29DCH         LINE#         13
  C:29DCH         LINE#         15
  C:29E0H         LINE#         17
  C:29E3H         LINE#         18
  C:29E6H         LINE#         20
  -------         ENDPROC       APP_CHARGE_INIT
  -------         PROC          APP_CHARGE_100MS_PRO
  -------         DO            
  B:0021H.5       SYMBOL        flag
  -------         ENDDO         
  C:2250H         LINE#         22
  C:2250H         LINE#         25
  C:2257H         LINE#         26
  C:2259H         LINE#         28
  C:2259H         LINE#         30
  C:225CH         LINE#         31
  C:226CH         LINE#         32
  C:226CH         LINE#         46
  C:2274H         LINE#         47
  C:2276H         LINE#         49
  C:2279H         LINE#         50
  C:227BH         LINE#         51
  C:227BH         LINE#         52
  C:227DH         LINE#         53
  C:227FH         LINE#         54
  C:227FH         LINE#         55
  C:227FH         LINE#         56
  C:227FH         LINE#         57
  C:2281H         LINE#         58
BL51 BANKED LINKER/LOCATER V6.22                                                      08/23/2017  22:34:22  PAGE 27


  C:2281H         LINE#         60
  C:2289H         LINE#         61
  C:228BH         LINE#         63
  C:228EH         LINE#         64
  C:228EH         LINE#         66
  C:228EH         LINE#         67
  C:228EH         LINE#         68
  C:2296H         LINE#         69
  C:2298H         LINE#         71
  C:2298H         LINE#         72
  C:2298H         LINE#         73
  C:229AH         LINE#         74
  C:229AH         LINE#         75
  C:22A2H         LINE#         76
  C:22A4H         LINE#         78
  C:22A7H         LINE#         79
  C:22A7H         LINE#         80
  C:22A7H         LINE#         81
  C:22A7H         LINE#         83
  -------         ENDPROC       APP_CHARGE_100MS_PRO
  -------         PROC          APP_BATTERY_VOLTAGE_RESULT
  -------         DO            
  B:0020H.0       SYMBOL        cmp
  -------         ENDDO         
  C:242CH         LINE#         87
  C:242CH         LINE#         88
  C:242EH         LINE#         90
  C:2430H         LINE#         92
  C:2439H         LINE#         93
  C:244FH         LINE#         94
  C:2458H         LINE#         96
  C:2463H         LINE#         98
  C:2465H         LINE#         102
  -------         ENDPROC       APP_BATTERY_VOLTAGE_RESULT
  -------         PROC          APP_CHARGE_1S_PRO
  C:2334H         LINE#         104
  C:2334H         LINE#         106
  C:2337H         LINE#         107
  C:233CH         LINE#         108
  C:233EH         LINE#         109
  C:233FH         LINE#         110
  C:2341H         LINE#         111
  C:2341H         LINE#         112
  C:2342H         LINE#         113
  C:2345H         LINE#         114
  C:2347H         LINE#         116
  C:2355H         LINE#         117
  C:2357H         LINE#         118
  C:2359H         LINE#         119
  C:235BH         LINE#         120
  C:235BH         LINE#         122
  C:2372H         LINE#         123
  C:2372H         LINE#         125
  C:2372H         LINE#         127
  -------         ENDPROC       APP_CHARGE_1S_PRO
  -------         ENDMOD        APP_CHARGE

BL51 BANKED LINKER/LOCATER V6.22                                                      08/23/2017  22:34:22  PAGE 28


  -------         MODULE        APP_BATTERY
  C:0000H         SYMBOL        _ICE_DUMMY_
  D:0080H         PUBLIC        P0
  D:0090H         PUBLIC        P1
  D:00A0H         PUBLIC        P2
  D:00B0H         PUBLIC        P3
  D:00D8H         PUBLIC        P5
  D:00A8H         PUBLIC        IE
  D:00B8H         PUBLIC        IP
  C:005AH         PUBLIC        app_battery_Init
  B:00E8H.6       PUBLIC        ADCS
  B:0080H.1       PUBLIC        P01
  D:0098H         PUBLIC        SCON
  D:0088H         PUBLIC        TCON
  D:00F8H         PUBLIC        SCON_1
  C:2B1AH         SYMBOL        app_battery_detection
  D:00E8H         PUBLIC        ADCCON0
  C:27D7H         PUBLIC        app_battery_1s_pro
  D:00C0H         PUBLIC        I2CON
  D:00C8H         PUBLIC        T2CON
  D:00D0H         PUBLIC        PSW
  -------         PROC          APP_BATTERY_INIT
  C:005AH         LINE#         10
  C:005AH         LINE#         12
  -------         ENDPROC       APP_BATTERY_INIT
  -------         PROC          APP_BATTERY_DETECTION
  C:2B1AH         LINE#         14
  C:2B1AH         LINE#         16
  C:2B1CH         LINE#         17
  -------         ENDPROC       APP_BATTERY_DETECTION
  -------         PROC          APP_BATTERY_1S_PRO
  -------         DO            
  X:00C2H         SYMBOL        cnt
  -------         ENDDO         
  C:27D7H         LINE#         19
  C:27D7H         LINE#         22
  C:27DDH         LINE#         23
  C:27E2H         LINE#         24
  C:27E4H         LINE#         25
  C:27E4H         LINE#         27
  C:27EAH         LINE#         28
  C:27EFH         LINE#         29
  C:27F2H         LINE#         30
  C:27F2H         LINE#         32
  -------         ENDPROC       APP_BATTERY_1S_PRO
  -------         ENDMOD        APP_BATTERY

  -------         MODULE        BSP
  C:0000H         SYMBOL        _ICE_DUMMY_
  D:0080H         PUBLIC        P0
  D:0090H         PUBLIC        P1
  D:00A0H         PUBLIC        P2
  D:00B0H         PUBLIC        P3
  D:00D8H         PUBLIC        P5
  B:00A8H.7       PUBLIC        EA
  D:00A8H         PUBLIC        IE
  D:00C7H         PUBLIC        TA
BL51 BANKED LINKER/LOCATER V6.22                                                      08/23/2017  22:34:22  PAGE 29


  D:00B8H         PUBLIC        IP
  B:0022H.0       PUBLIC        BIT_TMP
  D:0098H         PUBLIC        SCON
  D:0088H         PUBLIC        TCON
  C:24FEH         PUBLIC        bsp_Init
  D:00F8H         PUBLIC        SCON_1
  D:00E8H         PUBLIC        ADCCON0
  D:00C0H         PUBLIC        I2CON
  D:00C8H         PUBLIC        T2CON
  D:00A3H         PUBLIC        BODCON0
  D:00D0H         PUBLIC        PSW
  -------         PROC          BSP_INIT
  C:24FEH         LINE#         5
  C:24FEH         LINE#         7
  C:2511H         LINE#         10
  C:2514H         LINE#         12
  C:2517H         LINE#         13
  C:251AH         LINE#         14
  C:251DH         LINE#         15
  C:2520H         LINE#         16
  C:2523H         LINE#         17
  C:2526H         LINE#         18
  C:2529H         LINE#         21
  C:252CH         LINE#         23
  C:252EH         LINE#         25
  -------         ENDPROC       BSP_INIT
  -------         ENDMOD        BSP

  -------         MODULE        BSP_BEEP
  C:0000H         SYMBOL        _ICE_DUMMY_
  D:0080H         PUBLIC        P0
  D:0090H         PUBLIC        P1
  D:00ACH         PUBLIC        P3M1
  D:00A0H         PUBLIC        P2
  D:00B0H         PUBLIC        P3
  D:00ADH         PUBLIC        P3M2
  D:00D8H         PUBLIC        P5
  D:00A8H         PUBLIC        IE
  B:0022H.1       SYMBOL        delay_flag
  C:2373H         PUBLIC        _BEEP_Start
  D:00D7H         PUBLIC        R2DH
  D:00D6H         PUBLIC        R2DL
  C:2759H         PUBLIC        BEEP_InitHard
  D:00CAH         PUBLIC        T2MOD1
  D:00B8H         PUBLIC        IP
  D:00CBH         PUBLIC        T2OE
  B:00C8H.3       PUBLIC        TR2D
  C:2A3FH         PUBLIC        BEEP_Stop
  C:2AECH         PUBLIC        BEEP_ENABLE
  C:184FH         PUBLIC        BEEP_Pro
  B:00B0H.0       PUBLIC        P30
  D:0098H         PUBLIC        SCON
  D:0088H         PUBLIC        TCON
  I:000FH         SYMBOL        g_tBeep
  C:2B23H         PUBLIC        BEEP_KeyTone
  D:00F8H         PUBLIC        SCON_1
  D:00E8H         PUBLIC        ADCCON0
BL51 BANKED LINKER/LOCATER V6.22                                                      08/23/2017  22:34:22  PAGE 30


  D:00C0H         PUBLIC        I2CON
  D:00C8H         PUBLIC        T2CON
  C:2AF2H         PUBLIC        BEEP_DISABLE
  D:00D0H         PUBLIC        PSW
  -------         PROC          BEEP_INITHARD
  C:2759H         LINE#         13
  C:2759H         LINE#         15
  C:275CH         LINE#         16
  C:275FH         LINE#         18
  C:2761H         LINE#         27
  C:2764H         LINE#         28
  C:2767H         LINE#         29
  C:276AH         LINE#         32
  C:276DH         LINE#         34
  C:2770H         LINE#         37
  C:2773H         LINE#         46
  C:2775H         LINE#         48
  C:2779H         LINE#         50
  -------         ENDPROC       BEEP_INITHARD
  -------         PROC          BEEP_ENABLE
  C:2AECH         LINE#         52
  C:2AECH         LINE#         53
  C:2AEFH         LINE#         54
  C:2AF1H         LINE#         55
  -------         ENDPROC       BEEP_ENABLE
  -------         PROC          BEEP_DISABLE
  C:2AF2H         LINE#         57
  C:2AF2H         LINE#         58
  C:2AF5H         LINE#         60
  C:2AF7H         LINE#         62
  -------         ENDPROC       BEEP_DISABLE
  -------         PROC          _BEEP_START
  D:0006H         SYMBOL        _usDelayTime
  D:0004H         SYMBOL        _usBeepTime
  D:0002H         SYMBOL        _usStopTime
  X:004EH         SYMBOL        _usCycle
  C:2373H         LINE#         74
  C:2373H         LINE#         75
  C:2373H         LINE#         76
  C:2377H         LINE#         78
  C:2377H         LINE#         79
  C:237EH         LINE#         80
  C:2388H         LINE#         81
  C:2392H         LINE#         82
  C:23A0H         LINE#         83
  C:23A5H         LINE#         84
  C:23A9H         LINE#         85
  C:23ACH         LINE#         86
  C:23AFH         LINE#         88
  C:23B1H         LINE#         90
  -------         ENDPROC       _BEEP_START
  -------         PROC          BEEP_STOP
  C:2A3FH         LINE#         100
  C:2A3FH         LINE#         101
  C:2A43H         LINE#         103
  -------         ENDPROC       BEEP_STOP
  -------         PROC          BEEP_KEYTONE
BL51 BANKED LINKER/LOCATER V6.22                                                      08/23/2017  22:34:22  PAGE 31


  C:2B23H         LINE#         114
  C:2B23H         LINE#         116
  -------         ENDPROC       BEEP_KEYTONE
  -------         PROC          BEEP_PRO
  C:184FH         LINE#         126
  C:184FH         LINE#         127
  C:1861H         LINE#         129
  C:1861H         LINE#         130
  C:1868H         LINE#         131
  C:1870H         LINE#         133
  C:1870H         LINE#         134
  C:1873H         LINE#         135
  C:1875H         LINE#         136
  C:1878H         LINE#         137
  C:1878H         LINE#         139
  C:187EH         LINE#         140
  C:188AH         LINE#         141
  C:188AH         LINE#         142
  C:189EH         LINE#         143
  C:18A1H         LINE#         144
  C:18A7H         LINE#         145
  C:18ABH         LINE#         146
  C:18ABH         LINE#         147
  C:18ACH         LINE#         149
  C:18ACH         LINE#         150
  C:18B1H         LINE#         151
  C:18C5H         LINE#         153
  C:18D4H         LINE#         154
  C:18E5H         LINE#         156
  C:18E9H         LINE#         157
  C:18E9H         LINE#         159
  C:18EEH         LINE#         160
  C:18F4H         LINE#         162
  C:18F4H         LINE#         163
  C:18F4H         LINE#         165
  C:18FAH         LINE#         166
  C:18FDH         LINE#         168
  C:1900H         LINE#         169
  C:1900H         LINE#         170
[...]
  C:25BDH         LINE#         185
  C:25C0H         LINE#         186
  C:25C3H         LINE#         189
  C:25DBH         LINE#         194
  C:25DDH         LINE#         195
  -------         ENDPROC       _INITIALUART0_TIMER1_TYPE3
  -------         PROC          _INITIALUART0_TIMER1_TYPE4
  D:0004H         SYMBOL        u32Baudrate
  C:25DEH         LINE#         200
BL51 BANKED LINKER/LOCATER V6.22                                                      08/23/2017  22:34:22  PAGE 63


  C:25DEH         LINE#         201
  C:25DEH         LINE#         202
  C:25E1H         LINE#         203
  C:25E4H         LINE#         205
  C:25E7H         LINE#         206
  C:25EAH         LINE#         207
  C:25EDH         LINE#         210
  C:2605H         LINE#         215
  C:2607H         LINE#         216
  -------         ENDPROC       _INITIALUART0_TIMER1_TYPE4
  -------         PROC          _INITIALUART0_TIMER3_TYPE5
  X:00A8H         SYMBOL        u32Baudrate
  C:1E42H         LINE#         218
  C:1E48H         LINE#         219
  C:1E48H         LINE#         220
  C:1E4BH         LINE#         221
  C:1E4EH         LINE#         222
  C:1E51H         LINE#         223
  C:1E54H         LINE#         226
  C:1E82H         LINE#         227
  C:1EA1H         LINE#         233
  C:1EA4H         LINE#         234
  -------         ENDPROC       _INITIALUART0_TIMER3_TYPE5
  -------         PROC          _INITIALUART0_TIMER3_TYPE6
  X:00ACH         SYMBOL        u32Baudrate
  C:1EA5H         LINE#         236
  C:1EABH         LINE#         237
  C:1EABH         LINE#         238
  C:1EAEH         LINE#         239
  C:1EB1H         LINE#         240
  C:1EB4H         LINE#         241
  C:1EB7H         LINE#         244
  C:1EE5H         LINE#         245
  C:1F04H         LINE#         251
  C:1F07H         LINE#         252
  -------         ENDPROC       _INITIALUART0_TIMER3_TYPE6
  -------         PROC          _INITIALUART1_TIMER3
  X:0048H         SYMBOL        u32Baudrate
  C:208CH         LINE#         254
  C:2092H         LINE#         255
  C:2092H         LINE#         256
  C:2095H         LINE#         257
  C:2098H         LINE#         260
  C:20C6H         LINE#         261
  C:20E5H         LINE#         267
  C:20E8H         LINE#         268
  -------         ENDPROC       _INITIALUART1_TIMER3
  -------         PROC          RECEIVE_DATA_FROM_UART0
  -------         DO            
  D:0007H         SYMBOL        c
  -------         ENDDO         
  C:0003H         LINE#         280
  C:0003H         LINE#         283
  C:0006H         LINE#         285
  C:0008H         LINE#         286
  C:000AH         LINE#         287
  C:000AH         LINE#         288
BL51 BANKED LINKER/LOCATER V6.22                                                      08/23/2017  22:34:22  PAGE 64


  -------         ENDPROC       RECEIVE_DATA_FROM_UART0
  -------         PROC          _SEND_DATA_TO_UART0
  D:0007H         SYMBOL        c
  C:2A27H         LINE#         300
  C:2A27H         LINE#         301
  C:2A29H         LINE#         302
  C:2A2BH         LINE#         303
  C:2A2EH         LINE#         305
  -------         ENDPROC       _SEND_DATA_TO_UART0
  -------         PROC          RECEIVE_DATA_FROM_UART1
  -------         DO            
  D:0007H         SYMBOL        c
  -------         ENDDO         
  C:2A2FH         LINE#         317
  C:2A2FH         LINE#         320
  C:2A32H         LINE#         322
  C:2A34H         LINE#         323
  C:2A36H         LINE#         324
  C:2A36H         LINE#         325
  -------         ENDPROC       RECEIVE_DATA_FROM_UART1
  -------         PROC          _SEND_DATA_TO_UART1
  D:0007H         SYMBOL        c
  C:2A37H         LINE#         337
  C:2A37H         LINE#         338
  C:2A39H         LINE#         339
  C:2A3BH         LINE#         340
  C:2A3EH         LINE#         342
  -------         ENDPROC       _SEND_DATA_TO_UART1
  -------         PROC          SET_ALL_GPIO_QUASI_MODE
  C:282AH         LINE#         344
  C:282AH         LINE#         345
  C:282DH         LINE#         346
  C:282FH         LINE#         347
  C:2831H         LINE#         348
  C:2833H         LINE#         349
  C:2835H         LINE#         350
  C:2837H         LINE#         351
  C:2839H         LINE#         352
  C:283BH         LINE#         353
  C:283DH         LINE#         354
  C:283FH         LINE#         355
  C:2841H         LINE#         356
  C:2843H         LINE#         357
  -------         ENDPROC       SET_ALL_GPIO_QUASI_MODE
  -------         PROC          SET_ALL_GPIO_INPUT_MODE
  C:279BH         LINE#         359
  C:279BH         LINE#         360
  C:279EH         LINE#         361
  C:27A1H         LINE#         362
  C:27A4H         LINE#         363
  C:27A6H         LINE#         364
  C:27A9H         LINE#         365
  C:27ABH         LINE#         366
  C:27AEH         LINE#         367
  C:27B0H         LINE#         368
  C:27B3H         LINE#         369
  C:27B5H         LINE#         370
BL51 BANKED LINKER/LOCATER V6.22                                                      08/23/2017  22:34:22  PAGE 65


  C:27B8H         LINE#         371
  C:27BAH         LINE#         372
  -------         ENDPROC       SET_ALL_GPIO_INPUT_MODE
  -------         PROC          SW_RESET
  C:2844H         LINE#         375
  C:2844H         LINE#         376
  C:2847H         LINE#         377
  C:284AH         LINE#         378
  C:285DH         LINE#         380
  -------         ENDPROC       SW_RESET
  -------         PROC          FSYS_CLOCK_OUTPUT_ON_P26
  C:2B13H         LINE#         382
  C:2B13H         LINE#         383
  C:2B16H         LINE#         384
  -------         ENDPROC       FSYS_CLOCK_OUTPUT_ON_P26
  -------         PROC          _PUTCHAR
  D:0007H         SYMBOL        c
  C:23EFH         LINE#         393
  C:23EFH         LINE#         431
  C:23F4H         LINE#         432
  C:23F7H         LINE#         433
  C:23FCH         LINE#         434
  C:23FCH         LINE#         435
  C:23FEH         LINE#         436
  C:2401H         LINE#         438
  C:2406H         LINE#         439
  C:2408H         LINE#         440
  C:2408H         LINE#         441
  C:2408H         LINE#         442
  C:240BH         LINE#         444
  C:240DH         LINE#         445
  C:2410H         LINE#         446
  C:2410H         LINE#         447
  C:2413H         LINE#         448
  C:2418H         LINE#         449
  C:2418H         LINE#         450
  C:241AH         LINE#         451
  C:241DH         LINE#         453
  C:2422H         LINE#         454
  C:2424H         LINE#         455
  C:2424H         LINE#         456
  C:2424H         LINE#         457
  C:2427H         LINE#         459
  C:2429H         LINE#         460
  C:242BH         LINE#         462
  -------         ENDPROC       _PUTCHAR
  -------         ENDMOD        COMMON

  -------         MODULE        DELAY
  C:0000H         SYMBOL        _ICE_DUMMY_
  D:0080H         PUBLIC        P0
  D:0090H         PUBLIC        P1
  D:00A0H         PUBLIC        P2
  D:00B0H         PUBLIC        P3
  D:008FH         PUBLIC        WKCON
  D:00D8H         PUBLIC        P5
  D:00A8H         PUBLIC        IE
BL51 BANKED LINKER/LOCATER V6.22                                                      08/23/2017  22:34:22  PAGE 66


  D:00B8H         PUBLIC        IP
  C:219EH         PUBLIC        _Timer0_Delay1ms
  C:21F7H         PUBLIC        _Timer1_Delay1ms
  C:20E9H         PUBLIC        _Timer3_Delay1ms
  D:0098H         PUBLIC        SCON
  D:0089H         PUBLIC        TMOD
  D:0088H         PUBLIC        TCON
  C:1C10H         PUBLIC        _?Random_Delay
  C:277AH         PUBLIC        _Delay10us
  D:00F8H         PUBLIC        SCON_1
  B:0088H.5       PUBLIC        TF0
  B:0088H.7       PUBLIC        TF1
  D:008CH         PUBLIC        TH0
  D:00C6H         PUBLIC        R3H
  D:008DH         PUBLIC        TH1
  D:008AH         PUBLIC        TL0
  C:1FCCH         PUBLIC        _WakeUp_Timer_Delay25ms
  D:00C5H         PUBLIC        R3L
  D:008BH         PUBLIC        TL1
  B:0088H.4       PUBLIC        TR0
  B:0088H.6       PUBLIC        TR1
  D:00E8H         PUBLIC        ADCCON0
  D:00C0H         PUBLIC        I2CON
  D:00C8H         PUBLIC        T2CON
  D:00C4H         PUBLIC        T3CON
  D:008EH         PUBLIC        CKCON
  D:0086H         PUBLIC        RWK
  D:00D0H         PUBLIC        PSW
  -------         PROC          _?RANDOM_DELAY
  -------         DO            
  x:0000H         SYMBOL        u32CNT
  x:0004H         SYMBOL        u32Tmp
  -------         ENDDO         
  C:1C10H         LINE#         36
  C:1C16H         LINE#         37
  C:1C16H         LINE#         41
  C:1C41H         LINE#         42
  C:1C41H         LINE#         43
  C:1C66H         LINE#         44
  C:1C8DH         LINE#         45
  -------         ENDPROC       _?RANDOM_DELAY
  -------         PROC          _DELAY10US
  D:0006H         SYMBOL        u16CNT
  C:277AH         LINE#         47
  C:277AH         LINE#         48
  C:277DH         LINE#         49
  C:2780H         LINE#         50
  C:2782H         LINE#         51
  C:2786H         LINE#         52
  C:2789H         LINE#         53
  C:278CH         LINE#         54
  C:278FH         LINE#         56
  C:2791H         LINE#         57
  C:2796H         LINE#         58
  C:2798H         LINE#         59
  C:279AH         LINE#         60
  -------         ENDPROC       _DELAY10US
BL51 BANKED LINKER/LOCATER V6.22                                                      08/23/2017  22:34:22  PAGE 67


  -------         PROC          _TIMER0_DELAY1MS
  X:00B0H         SYMBOL        u32CNT
  C:219EH         LINE#         62
  C:21A4H         LINE#         63
  C:21A7H         LINE#         64
  C:21AAH         LINE#         65
  C:21ACH         LINE#         66
  C:21C5H         LINE#         67
  C:21C8H         LINE#         68
  C:21CBH         LINE#         69
  C:21CEH         LINE#         71
  C:21D0H         LINE#         72
  C:21F2H         LINE#         73
  C:21F4H         LINE#         74
  C:21F6H         LINE#         75
  -------         ENDPROC       _TIMER0_DELAY1MS
  -------         PROC          _TIMER1_DELAY1MS
  X:00B4H         SYMBOL        u32CNT
  C:21F7H         LINE#         77
  C:21FDH         LINE#         78
  C:2200H         LINE#         79
  C:2203H         LINE#         80
  C:2205H         LINE#         81
  C:221EH         LINE#         82
  C:2221H         LINE#         83
  C:2224H         LINE#         84
  C:2227H         LINE#         86
  C:2229H         LINE#         87
  C:224BH         LINE#         88
  C:224DH         LINE#         89
  C:224FH         LINE#         90
  -------         ENDPROC       _TIMER1_DELAY1MS
  -------         PROC          _TIMER3_DELAY1MS
  X:00B8H         SYMBOL        u32CNT
  C:20E9H         LINE#         92
  C:20EFH         LINE#         93
  C:20F2H         LINE#         94
  C:20F5H         LINE#         95
  C:210EH         LINE#         96
  C:2111H         LINE#         97
  C:2114H         LINE#         98
  C:2119H         LINE#         100
  C:211CH         LINE#         101
  C:213EH         LINE#         102
  C:2140H         LINE#         103
  C:2143H         LINE#         104
  -------         ENDPROC       _TIMER3_DELAY1MS
  -------         PROC          _WAKEUP_TIMER_DELAY25MS
  X:00BCH         SYMBOL        u32CNT
  C:1FCCH         LINE#         106
  C:1FD2H         LINE#         107
  C:1FD2H         LINE#         108
  C:1FD5H         LINE#         109
  C:1FD8H         LINE#         110
  C:1FDBH         LINE#         112
  C:1FDEH         LINE#         114
  C:1FE1H         LINE#         115
BL51 BANKED LINKER/LOCATER V6.22                                                      08/23/2017  22:34:22  PAGE 68


  C:1FE4H         LINE#         116
  C:1FFDH         LINE#         117
  C:2002H         LINE#         119
  C:2005H         LINE#         120
  C:2027H         LINE#         121
  C:2029H         LINE#         122
  C:202CH         LINE#         123
  -------         ENDPROC       _WAKEUP_TIMER_DELAY25MS
  -------         ENDMOD        DELAY

  -------         MODULE        VERSION
  C:0000H         SYMBOL        _ICE_DUMMY_
  D:0080H         PUBLIC        P0
  D:0090H         PUBLIC        P1
  D:00A0H         PUBLIC        P2
  D:00B0H         PUBLIC        P3
  D:00D8H         PUBLIC        P5
  D:00A8H         PUBLIC        IE
  D:00B8H         PUBLIC        IP
  D:0098H         PUBLIC        SCON
  D:0088H         PUBLIC        TCON
  D:00F8H         PUBLIC        SCON_1
  C:202DH         PUBLIC        Show_FW_Version_Number_To_PC
  D:00E8H         PUBLIC        ADCCON0
  D:00C0H         PUBLIC        I2CON
  D:00C8H         PUBLIC        T2CON
  D:00D0H         PUBLIC        PSW
  -------         PROC          SHOW_FW_VERSION_NUMBER_TO_PC
  C:202DH         LINE#         32
  C:202DH         LINE#         33
  C:202DH         LINE#         34
  C:2036H         LINE#         35
  C:203FH         LINE#         36
  C:2048H         LINE#         37
  C:2062H         LINE#         38
  C:2083H         LINE#         39
  -------         ENDPROC       SHOW_FW_VERSION_NUMBER_TO_PC
  -------         ENDMOD        VERSION

  -------         MODULE        ?C_STARTUP
  C:1A52H         SEGMENT       ?C_C51STARTUP
  I:0027H         SEGMENT       ?STACK
  C:0000H         PUBLIC        ?C_STARTUP
  D:00E0H         SYMBOL        ACC
  D:00F0H         SYMBOL        B
  D:0083H         SYMBOL        DPH
  D:0082H         SYMBOL        DPL
  N:0000H         SYMBOL        IBPSTACK
  N:0100H         SYMBOL        IBPSTACKTOP
  N:0080H         SYMBOL        IDATALEN
  C:1A55H         SYMBOL        IDATALOOP
  N:0000H         SYMBOL        PBPSTACK
  N:0000H         SYMBOL        PBPSTACKTOP
  N:0000H         SYMBOL        PDATALEN
  N:0000H         SYMBOL        PDATASTART
  N:0000H         SYMBOL        PPAGE
  N:0000H         SYMBOL        PPAGEENABLE
BL51 BANKED LINKER/LOCATER V6.22                                                      08/23/2017  22:34:22  PAGE 69


  D:00A0H         SYMBOL        PPAGE_SFR
  D:0081H         SYMBOL        SP
  C:1A52H         SYMBOL        STARTUP1
  N:0000H         SYMBOL        XBPSTACK
  N:0000H         SYMBOL        XBPSTACKTOP
  N:00FFH         SYMBOL        XDATALEN
  C:1A60H         SYMBOL        XDATALOOP
  N:0000H         SYMBOL        XDATASTART
  C:0000H         LINE#         92
  C:1A52H         LINE#         99
  C:1A54H         LINE#         100
  C:1A55H         LINE#         101
  C:1A56H         LINE#         102
  C:1A58H         LINE#         106
  C:1A5BH         LINE#         107
  C:1A5DH         LINE#         109
  C:1A5FH         LINE#         113
  C:1A60H         LINE#         114
  C:1A61H         LINE#         115
  C:1A62H         LINE#         116
  C:1A64H         LINE#         117
  C:1A66H         LINE#         151
  C:1A69H         LINE#         155
  -------         ENDMOD        ?C_STARTUP

  -------         MODULE        ?C?CLDOPTR
  C:0420H         PUBLIC        ?C?CLDOPTR
  -------         ENDMOD        ?C?CLDOPTR

  -------         MODULE        ?C?CILDOPTR
  C:044DH         PUBLIC        ?C?CILDOPTR
  -------         ENDMOD        ?C?CILDOPTR

  -------         MODULE        ?C?CSTPTR
  C:0480H         PUBLIC        ?C?CSTPTR
  -------         ENDMOD        ?C?CSTPTR

  -------         MODULE        ?C?CSTOPTR
  C:0492H         PUBLIC        ?C?CSTOPTR
  -------         ENDMOD        ?C?CSTOPTR

  -------         MODULE        ?C?UIDIV
  C:04B4H         PUBLIC        ?C?UIDIV
  -------         ENDMOD        ?C?UIDIV

  -------         MODULE        ?C?IILDX
  C:0509H         PUBLIC        ?C?IILDX
  -------         ENDMOD        ?C?IILDX

  -------         MODULE        ?C?ILDOPTR
  C:051FH         PUBLIC        ?C?ILDOPTR
  -------         ENDMOD        ?C?ILDOPTR

  -------         MODULE        ?C?IILDOPTR
  C:0557H         PUBLIC        ?C?IILDOPTR
  -------         ENDMOD        ?C?IILDOPTR

BL51 BANKED LINKER/LOCATER V6.22                                                      08/23/2017  22:34:22  PAGE 70


  -------         MODULE        ?C?ISTOPTR
  C:05A4H         PUBLIC        ?C?ISTOPTR
  -------         ENDMOD        ?C?ISTOPTR

  -------         MODULE        ?C?ULDIV
  C:060DH         PUBLIC        ?C?ULDIV
  -------         ENDMOD        ?C?ULDIV

  -------         MODULE        ?C?ULCMP
  C:069FH         PUBLIC        ?C?ULCMP
  -------         ENDMOD        ?C?ULCMP

  -------         MODULE        ?C?ULSHR
  C:06B0H         PUBLIC        ?C?ULSHR
  -------         ENDMOD        ?C?ULSHR

  -------         MODULE        ?C?LSTXDATA
  C:06C3H         PUBLIC        ?C?LSTXDATA
  -------         ENDMOD        ?C?LSTXDATA

  -------         MODULE        ?C?LSTKXDATA
  C:06CFH         PUBLIC        ?C?LSTKXDATA
  -------         ENDMOD        ?C?LSTKXDATA

  -------         MODULE        ?C?PLDPTR
  C:0700H         PUBLIC        ?C?PLDPTR
  -------         ENDMOD        ?C?PLDPTR

  -------         MODULE        ?C?ICALL
  C:0720H         PUBLIC        ?C?ICALL
  C:0724H         PUBLIC        ?C?ICALL2
  -------         ENDMOD        ?C?ICALL

  -------         MODULE        ?C_XBP
  D:000DH         PUBLIC        ?C_XBP
  -------         ENDMOD        ?C_XBP

  -------         MODULE        ?C?ADDXBP
  C:0726H         PUBLIC        ?C?ADDXBP
  -------         ENDMOD        ?C?ADDXBP

  -------         MODULE        ?C?XBPOFF
  C:074AH         PUBLIC        ?C?XBPOFF
  -------         ENDMOD        ?C?XBPOFF

  -------         MODULE        PRINTF
  X:0049H         PUBLIC        ?_PRINTF517?BYTE
  X:0049H         PUBLIC        ?_PRINTF?BYTE
  X:0049H         PUBLIC        ?_SPRINTF517?BYTE
  X:0049H         PUBLIC        ?_SPRINTF?BYTE
  C:0848H         PUBLIC        _PRINTF
  C:0848H         PUBLIC        _PRINTF517
  C:0842H         PUBLIC        _SPRINTF
  C:0842H         PUBLIC        _SPRINTF517
  -------         ENDMOD        PRINTF

  -------         MODULE        ?C?CLDPTR
BL51 BANKED LINKER/LOCATER V6.22                                                      08/23/2017  22:34:22  PAGE 71


  C:0757H         PUBLIC        ?C?CLDPTR
  -------         ENDMOD        ?C?CLDPTR

  -------         MODULE        ?C?PLDIDATA
  C:0770H         PUBLIC        ?C?PLDIDATA
  -------         ENDMOD        ?C?PLDIDATA

  -------         MODULE        ?C?PLDXDATA
  C:0779H         PUBLIC        ?C?PLDXDATA
  -------         ENDMOD        ?C?PLDXDATA

  -------         MODULE        ?C?PLDIXDATA
  C:0782H         PUBLIC        ?C?PLDIXDATA
  -------         ENDMOD        ?C?PLDIXDATA

  -------         MODULE        ?C?PSTXDATA
  C:0799H         PUBLIC        ?C?PSTXDATA
  -------         ENDMOD        ?C?PSTXDATA

  -------         MODULE        ?C?PLDPDATA
  C:07A2H         PUBLIC        ?C?PLDPDATA
  -------         ENDMOD        ?C?PLDPDATA

  -------         MODULE        ?C?PLDCODE
  C:07ABH         PUBLIC        ?C?PLDCODE
  -------         ENDMOD        ?C?PLDCODE

  -------         MODULE        ?C?CCASE
  C:07B7H         PUBLIC        ?C?CCASE
  -------         ENDMOD        ?C?CCASE

Program Size: data=36.5 xdata=195 code=11045
LINK/LOCATE RUN COMPLETE.  0 WARNING(S),  0 ERROR(S)
